C:\Program Files\MariaDB 10.6\bin\mysqld.exe, Version: 10.6.24-MariaDB-log (MariaDB Server). started with:
TCP Port: 3306, Named Pipe: C:/xampp/mysql/mysql.sock
Time		    Id Command	Argument
251130 20:34:55	     3 Connect	root@localhost on  using TCP/IP
		     3 Query	select @@version_comment limit 1
251130 20:35:01	     3 Query	SELECT DATABASE()
		     3 Init DB	practica
251130 20:35:03	     3 Query	show tables
251130 20:35:09	     3 Query	select * from tiends
251130 20:35:21	     3 Query	select * from tiendas
251130 20:35:24	     3 Quit	
251130 20:35:51	     4 Connect	root@localhost on practica using TCP/IP
		     4 Query	SET NAMES utf8mb4
		     4 Query	SET autocommit=0
		     4 Query	SET autocommit=1
		     4 Query	SELECT VERSION(),
                       @@sql_mode,
                       @@default_storage_engine,
                       @@sql_auto_is_null,
                       @@lower_case_table_names,
                       CONVERT_TZ('2001-01-01 01:00:00', 'UTC', 'UTC') IS NOT NULL
		     4 Query	SET SESSION TRANSACTION ISOLATION LEVEL READ COMMITTED
		     4 Query	SHOW TABLES
		     4 Query	SHOW TABLES
		     4 Query	SHOW COLUMNS FROM `proveedores`
		     4 Query	SHOW COLUMNS FROM `clientes`
		     4 Query	SHOW COLUMNS FROM `ventas`
251130 20:35:52	     4 Query	SHOW COLUMNS FROM `articulos`
		     4 Query	SHOW COLUMNS FROM `tiendas`
		     4 Query	SHOW COLUMNS FROM `pesos`
		     4 Query	SHOW TABLES
		     4 Query	SHOW TABLES
		     4 Query	SHOW COLUMNS FROM `proveedores`
		     4 Query	SHOW COLUMNS FROM `clientes`
		     4 Query	SHOW COLUMNS FROM `ventas`
		     4 Query	SHOW COLUMNS FROM `articulos`
		     4 Query	SHOW COLUMNS FROM `tiendas`
		     4 Query	SHOW COLUMNS FROM `pesos`
		     4 Query	SHOW TABLES
		     4 Query	SHOW TABLES
		     4 Query	SHOW COLUMNS FROM `proveedores`
		     4 Query	SHOW COLUMNS FROM `clientes`
		     4 Query	SHOW COLUMNS FROM `ventas`
		     4 Query	SHOW COLUMNS FROM `articulos`
		     4 Query	SHOW COLUMNS FROM `tiendas`
		     4 Query	SHOW COLUMNS FROM `pesos`
		     4 Query	SHOW TABLES
		     4 Query	SHOW TABLES
		     4 Query	SHOW COLUMNS FROM `proveedores`
		     4 Query	SHOW COLUMNS FROM `clientes`
		     4 Query	SHOW COLUMNS FROM `ventas`
		     4 Query	SHOW COLUMNS FROM `articulos`
		     4 Query	SHOW COLUMNS FROM `tiendas`
		     4 Query	SHOW COLUMNS FROM `pesos`
		     4 Quit	
