C:\Program Files\MariaDB 10.6\bin\mysqld.exe, Version: 10.6.24-MariaDB-log (MariaDB Server). started with:
TCP Port: 3306, Named Pipe: C:/xampp/mysql/mysql.sock
Time		    Id Command	Argument
251201  2:02:41	     3 Connect	root@localhost on  using TCP/IP
		     3 Query	select @@version_comment limit 1
251201  2:02:44	     3 Query	SELECT DATABASE()
		     3 Init DB	practica
251201  2:02:56	     3 Query	select * from arculos
251201  2:03:04	     3 Query	select * from articulos
251201  2:03:12	     3 Query	select art_nom from articulos
251201  2:03:18	     3 Query	select art_m from articulos
251201  2:03:20	     3 Quit	
251201  2:03:40	     4 Connect	root@localhost on practica using TCP/IP
		     4 Query	SET NAMES utf8mb4
		     4 Query	SET autocommit=0
		     4 Query	SET autocommit=1
		     4 Query	SELECT VERSION(),
                       @@sql_mode,
                       @@default_storage_engine,
                       @@sql_auto_is_null,
                       @@lower_case_table_names,
                       CONVERT_TZ('2001-01-01 01:00:00', 'UTC', 'UTC') IS NOT NULL
		     4 Query	SET SESSION TRANSACTION ISOLATION LEVEL READ COMMITTED
		     4 Query	SHOW TABLES
		     4 Query	SHOW TABLES
		     4 Query	SHOW COLUMNS FROM `tiendas`
		     4 Query	SHOW COLUMNS FROM `clientes`
		     4 Query	SHOW COLUMNS FROM `articulos`
		     4 Query	SHOW COLUMNS FROM `pesos`
		     4 Query	SHOW COLUMNS FROM `proveedores`
		     4 Query	SHOW COLUMNS FROM `ventas`
251201  2:03:41	     4 Query	SHOW TABLES
		     4 Query	SHOW TABLES
		     4 Query	SHOW COLUMNS FROM `tiendas`
		     4 Query	SHOW COLUMNS FROM `clientes`
		     4 Query	SHOW COLUMNS FROM `articulos`
		     4 Query	SHOW COLUMNS FROM `pesos`
		     4 Query	SHOW COLUMNS FROM `proveedores`
		     4 Query	SHOW COLUMNS FROM `ventas`
		     4 Query	SHOW TABLES
		     4 Query	SHOW TABLES
		     4 Query	SHOW COLUMNS FROM `tiendas`
		     4 Query	SHOW COLUMNS FROM `clientes`
		     4 Query	SHOW COLUMNS FROM `articulos`
		     4 Query	SHOW COLUMNS FROM `pesos`
		     4 Query	SHOW COLUMNS FROM `proveedores`
		     4 Query	SHOW COLUMNS FROM `ventas`
		     4 Query	SHOW TABLES
		     4 Query	SHOW TABLES
		     4 Query	SHOW COLUMNS FROM `tiendas`
		     4 Query	SHOW COLUMNS FROM `clientes`
		     4 Query	SHOW COLUMNS FROM `articulos`
		     4 Query	SHOW COLUMNS FROM `pesos`
		     4 Query	SHOW COLUMNS FROM `proveedores`
		     4 Query	SHOW COLUMNS FROM `ventas`
		     4 Query	SHOW TABLES
		     4 Query	SHOW TABLES
		     4 Query	SHOW COLUMNS FROM `tiendas`
		     4 Query	SHOW COLUMNS FROM `clientes`
		     4 Query	SHOW COLUMNS FROM `articulos`
		     4 Query	SHOW COLUMNS FROM `pesos`
		     4 Query	SHOW COLUMNS FROM `proveedores`
		     4 Query	SHOW COLUMNS FROM `ventas`
		     4 Quit	
251201  2:07:45	     5 Connect	root@localhost on practica using TCP/IP
		     5 Query	SET NAMES utf8mb4
		     5 Query	SET autocommit=0
		     5 Query	SET autocommit=1
		     5 Query	SELECT VERSION(),
                       @@sql_mode,
                       @@default_storage_engine,
                       @@sql_auto_is_null,
                       @@lower_case_table_names,
                       CONVERT_TZ('2001-01-01 01:00:00', 'UTC', 'UTC') IS NOT NULL
		     5 Query	SET SESSION TRANSACTION ISOLATION LEVEL READ COMMITTED
		     5 Query	SHOW TABLES
		     5 Query	SHOW TABLES
		     5 Query	SHOW COLUMNS FROM `articulos`
		     5 Query	SHOW COLUMNS FROM `clientes`
		     5 Query	SHOW COLUMNS FROM `tiendas`
		     5 Query	SHOW COLUMNS FROM `proveedores`
		     5 Query	SHOW COLUMNS FROM `ventas`
		     5 Query	SHOW COLUMNS FROM `pesos`
		     5 Query	SHOW TABLES
		     5 Query	SHOW TABLES
		     5 Query	SHOW COLUMNS FROM `articulos`
		     5 Query	SHOW COLUMNS FROM `clientes`
		     5 Query	SHOW COLUMNS FROM `tiendas`
		     5 Query	SHOW COLUMNS FROM `proveedores`
		     5 Query	SHOW COLUMNS FROM `ventas`
		     5 Query	SHOW COLUMNS FROM `pesos`
		     5 Query	SHOW TABLES
		     5 Query	SHOW TABLES
		     5 Query	SHOW COLUMNS FROM `articulos`
		     5 Query	SHOW COLUMNS FROM `clientes`
		     5 Query	SHOW COLUMNS FROM `tiendas`
		     5 Query	SHOW COLUMNS FROM `proveedores`
		     5 Query	SHOW COLUMNS FROM `ventas`
		     5 Query	SHOW COLUMNS FROM `pesos`
		     5 Query	SHOW TABLES
		     5 Query	SHOW TABLES
		     5 Query	SHOW COLUMNS FROM `articulos`
		     5 Query	SHOW COLUMNS FROM `clientes`
		     5 Query	SHOW COLUMNS FROM `tiendas`
		     5 Query	SHOW COLUMNS FROM `proveedores`
		     5 Query	SHOW COLUMNS FROM `ventas`
		     5 Query	SHOW COLUMNS FROM `pesos`
		     5 Query	SHOW TABLES
		     5 Query	SHOW TABLES
		     5 Query	SHOW COLUMNS FROM `articulos`
		     5 Query	SHOW COLUMNS FROM `clientes`
		     5 Query	SHOW COLUMNS FROM `tiendas`
		     5 Query	SHOW COLUMNS FROM `proveedores`
		     5 Query	SHOW COLUMNS FROM `ventas`
		     5 Query	SHOW COLUMNS FROM `pesos`
		     5 Query	SHOW TABLES
		     5 Query	SHOW TABLES
		     5 Query	SHOW COLUMNS FROM `articulos`
		     5 Query	SHOW COLUMNS FROM `clientes`
		     5 Query	SHOW COLUMNS FROM `tiendas`
		     5 Query	SHOW COLUMNS FROM `proveedores`
		     5 Query	SHOW COLUMNS FROM `ventas`
		     5 Query	SHOW COLUMNS FROM `pesos`
		     5 Quit	
251201  2:14:58	     6 Connect	root@localhost on practica using TCP/IP
		     6 Query	SET NAMES utf8mb4
		     6 Query	SET autocommit=0
		     6 Query	SET autocommit=1
		     6 Query	SELECT VERSION(),
                       @@sql_mode,
                       @@default_storage_engine,
                       @@sql_auto_is_null,
                       @@lower_case_table_names,
                       CONVERT_TZ('2001-01-01 01:00:00', 'UTC', 'UTC') IS NOT NULL
		     6 Query	SET SESSION TRANSACTION ISOLATION LEVEL READ COMMITTED
		     6 Query	SHOW TABLES
		     6 Query	SHOW TABLES
		     6 Query	SHOW COLUMNS FROM `articulos`
		     6 Query	SHOW COLUMNS FROM `pesos`
		     6 Query	SHOW COLUMNS FROM `ventas`
		     6 Query	SHOW COLUMNS FROM `tiendas`
		     6 Query	SHOW COLUMNS FROM `clientes`
		     6 Query	SHOW COLUMNS FROM `proveedores`
		     6 Query	SHOW TABLES
		     6 Query	SHOW TABLES
		     6 Query	SHOW COLUMNS FROM `articulos`
		     6 Query	SHOW COLUMNS FROM `pesos`
		     6 Query	SHOW COLUMNS FROM `ventas`
		     6 Query	SHOW COLUMNS FROM `tiendas`
		     6 Query	SHOW COLUMNS FROM `clientes`
		     6 Query	SHOW COLUMNS FROM `proveedores`
		     6 Query	SHOW TABLES
		     6 Query	SHOW TABLES
		     6 Query	SHOW COLUMNS FROM `articulos`
		     6 Query	SHOW COLUMNS FROM `pesos`
		     6 Query	SHOW COLUMNS FROM `ventas`
		     6 Query	SHOW COLUMNS FROM `tiendas`
		     6 Query	SHOW COLUMNS FROM `clientes`
		     6 Query	SHOW COLUMNS FROM `proveedores`
		     6 Query	SHOW TABLES
		     6 Query	SHOW TABLES
		     6 Query	SHOW COLUMNS FROM `articulos`
		     6 Query	SHOW COLUMNS FROM `pesos`
		     6 Query	SHOW COLUMNS FROM `ventas`
		     6 Query	SHOW COLUMNS FROM `tiendas`
		     6 Query	SHOW COLUMNS FROM `clientes`
		     6 Query	SHOW COLUMNS FROM `proveedores`
		     6 Query	SHOW TABLES
		     6 Query	SHOW TABLES
		     6 Query	SHOW COLUMNS FROM `articulos`
		     6 Query	SHOW COLUMNS FROM `pesos`
		     6 Query	SHOW COLUMNS FROM `ventas`
		     6 Query	SHOW COLUMNS FROM `tiendas`
		     6 Query	SHOW COLUMNS FROM `clientes`
		     6 Query	SHOW COLUMNS FROM `proveedores`
		     6 Query	SHOW TABLES
		     6 Query	SHOW TABLES
		     6 Query	SHOW COLUMNS FROM `articulos`
		     6 Query	SHOW COLUMNS FROM `pesos`
		     6 Query	SHOW COLUMNS FROM `ventas`
		     6 Query	SHOW COLUMNS FROM `tiendas`
		     6 Query	SHOW COLUMNS FROM `clientes`
		     6 Query	SHOW COLUMNS FROM `proveedores`
		     6 Quit	
