C:\Program Files\MariaDB 10.6\bin\mysqld.exe, Version: 10.6.24-MariaDB-log (MariaDB Server). started with:
TCP Port: 3306, Named Pipe: C:/xampp/mysql/mysql.sock
Time		    Id Command	Argument
251210 14:54:40	     3 Connect	ana@localhost on  using TCP/IP
		     3 Query	select @@version_comment limit 1
251210 14:54:43	     3 Query	SELECT DATABASE()
		     3 Init DB	practica
251210 14:54:46	     3 Query	select * from tiendas
251210 14:54:50	     3 Query	select * tiendas
251210 14:55:10	     3 Query	SELECT VNT_CLT, VNT_ART, VNT_CANT, VNT_PRECIO 
FROM ventas
WHERE VNT_CLT = 1
251210 14:55:17	     3 Query	SELECT a.ART_NOM, p.PRV_NOM
FROM articulos a
JOIN proveedores p ON a.ART_PRV = p.PRV_NUM
251210 14:55:39	     3 Query	select * from articulos
251210 14:55:43	     3 Query	INSERT INTO articulos (ART_NUM, ART_NOM, ART_PESO, ART_COL, ART_PC, ART_PV, ART_PRV)
VALUES (101, 'Galletas', 500, 'Marr¢n', 2, 3, 1)
251210 14:55:46	     3 Query	select * from articulos
251210 14:57:03	     3 Query	update articulos set art_peso=450 where art_num=101
251210 14:57:07	     3 Query	select * from articulos
251210 14:57:31	     3 Query	delete from articulos where art_num=101
251210 14:57:33	     3 Query	select * from articulos
251210 14:57:43	     3 Query	CREATE TABLE categorias (
  CAT_NUM INT NOT NULL,
  CAT_NOM VARCHAR(20) NOT NULL,
  PRIMARY KEY (CAT_NUM)
)
251210 14:57:51	     3 Query	show tables
251210 14:58:01	     3 Query	drop tables categoria
251210 14:58:08	     3 Query	drop tables categorias
251210 14:58:10	     3 Query	show tables
251210 14:58:23	     3 Query	select * from articulos
251210 14:58:30	     3 Query	ALTER TABLE clientes
MODIFY CLT_PAIS VARCHAR(10)
251210 14:58:33	     3 Query	select * from articulos
251210 14:58:55	     3 Query	ALTER TABLE articulos
ADD COLUMN ART_DESC VARCHAR(100)
251210 14:58:57	     3 Query	select * from articulos
251210 14:59:15	     3 Quit	
251210 14:59:21	     4 Connect	ana@localhost on  using TCP/IP
		     4 Query	select @@version_comment limit 1
251210 14:59:23	     4 Query	SELECT DATABASE()
		     4 Init DB	practica
251210 14:59:29	     4 Query	select * from articulos
251210 15:14:09	     4 Quit	
251210 15:14:23	     5 Connect	test@localhost on practica using TCP/IP
		     5 Query	SET NAMES utf8mb4
		     5 Query	SET autocommit=0
		     5 Query	SET autocommit=1
		     5 Query	SELECT VERSION(),
                       @@sql_mode,
                       @@default_storage_engine,
                       @@sql_auto_is_null,
                       @@lower_case_table_names,
                       CONVERT_TZ('2001-01-01 01:00:00', 'UTC', 'UTC') IS NOT NULL
		     5 Query	SET SESSION TRANSACTION ISOLATION LEVEL READ COMMITTED
		     5 Query	SHOW TABLES
		     5 Query	SHOW TABLES
		     5 Query	SHOW COLUMNS FROM `clientes`
		     5 Query	SHOW COLUMNS FROM `proveedores`
		     5 Query	SHOW COLUMNS FROM `articulos`
		     5 Query	SHOW COLUMNS FROM `ventas`
		     5 Query	SHOW COLUMNS FROM `pesos`
		     5 Query	SHOW COLUMNS FROM `tiendas`
251210 15:14:24	     5 Quit	
251210 15:49:35	     6 Connect	ana@localhost on  using TCP/IP
		     6 Query	select @@version_comment limit 1
251210 15:49:38	     6 Query	SELECT DATABASE()
		     6 Init DB	practica
251210 15:49:51	     6 Query	select * tiendas
251210 15:49:56	     6 Query	select * from tiendas
251210 15:50:06	     6 Query	select art_nom from tiendas
251210 15:50:20	     6 Query	select * from articulos
251210 15:50:29	     6 Query	select art_nom from articulos
251210 15:50:30	     6 Query	select art_nom from articulos
251210 15:51:43	     6 Quit	
251210 15:52:22	     7 Connect	test@localhost on practica using TCP/IP
		     7 Query	SET NAMES utf8mb4
		     7 Query	SET autocommit=0
		     7 Query	SET autocommit=1
		     7 Query	SELECT VERSION(),
                       @@sql_mode,
                       @@default_storage_engine,
                       @@sql_auto_is_null,
                       @@lower_case_table_names,
                       CONVERT_TZ('2001-01-01 01:00:00', 'UTC', 'UTC') IS NOT NULL
		     7 Query	SET SESSION TRANSACTION ISOLATION LEVEL READ COMMITTED
		     7 Query	SHOW TABLES
		     7 Query	SHOW TABLES
		     7 Query	SHOW COLUMNS FROM `pesos`
		     7 Query	SHOW COLUMNS FROM `ventas`
		     7 Query	SHOW COLUMNS FROM `tiendas`
		     7 Query	SHOW COLUMNS FROM `clientes`
		     7 Query	SHOW COLUMNS FROM `articulos`
		     7 Query	SHOW COLUMNS FROM `proveedores`
251210 15:52:23	     7 Quit	
251210 18:35:55	     8 Connect	test@localhost on practica using TCP/IP
		     8 Query	SET NAMES utf8mb4
		     8 Query	SET autocommit=0
		     8 Query	SET autocommit=1
		     8 Query	SELECT VERSION(),
                       @@sql_mode,
                       @@default_storage_engine,
                       @@sql_auto_is_null,
                       @@lower_case_table_names,
                       CONVERT_TZ('2001-01-01 01:00:00', 'UTC', 'UTC') IS NOT NULL
		     8 Query	SET SESSION TRANSACTION ISOLATION LEVEL READ COMMITTED
		     8 Query	SHOW TABLES
		     8 Query	SHOW TABLES
		     8 Query	SHOW COLUMNS FROM `tiendas`
		     8 Query	SHOW COLUMNS FROM `pesos`
		     8 Query	SHOW COLUMNS FROM `clientes`
		     8 Query	SHOW COLUMNS FROM `ventas`
		     8 Query	SHOW COLUMNS FROM `articulos`
		     8 Query	SHOW COLUMNS FROM `proveedores`
251210 18:35:56	     8 Quit	
251210 18:52:49	     9 Connect	ana@localhost on  using TCP/IP
		     9 Query	select @@version_comment limit 1
251210 18:52:52	     9 Query	SELECT DATABASE()
		     9 Init DB	practica
251210 18:52:57	     9 Query	select * from tiendas
251210 18:52:58	     9 Query	select * from tiendas
251210 18:52:59	     9 Query	select * from tiendas
251210 18:53:00	     9 Query	select * from tiendas
251210 18:53:11	     9 Query	select * from artiuclos
251210 18:53:17	     9 Query	select * from articulos
		     9 Query	select * from articulos
251210 18:53:18	     9 Query	select * from articulos
		     9 Query	select * from articulos
251210 18:53:19	     9 Query	select * from articulos
		     9 Query	select * from articulos
		     9 Query	select * from articulos
		     9 Query	select * from articulos
251210 18:53:20	     9 Query	select * from articulos
251210 18:53:21	     9 Quit	
251210 18:53:44	    10 Connect	test@localhost on practica using TCP/IP
		    10 Query	SET NAMES utf8mb4
		    10 Query	SET autocommit=0
		    10 Query	SET autocommit=1
		    10 Query	SELECT VERSION(),
                       @@sql_mode,
                       @@default_storage_engine,
                       @@sql_auto_is_null,
                       @@lower_case_table_names,
                       CONVERT_TZ('2001-01-01 01:00:00', 'UTC', 'UTC') IS NOT NULL
		    10 Query	SET SESSION TRANSACTION ISOLATION LEVEL READ COMMITTED
		    10 Query	SHOW TABLES
		    10 Query	SHOW TABLES
		    10 Query	SHOW COLUMNS FROM `articulos`
		    10 Query	SHOW COLUMNS FROM `clientes`
		    10 Query	SHOW COLUMNS FROM `pesos`
		    10 Query	SHOW COLUMNS FROM `tiendas`
		    10 Query	SHOW COLUMNS FROM `ventas`
		    10 Query	SHOW COLUMNS FROM `proveedores`
251210 18:53:45	    10 Quit	
251210 23:47:14	    11 Connect	test@localhost on practica using TCP/IP
		    11 Query	SET NAMES utf8mb4
		    11 Query	SET autocommit=0
		    11 Query	SET autocommit=1
		    11 Query	SELECT VERSION(),
                       @@sql_mode,
                       @@default_storage_engine,
                       @@sql_auto_is_null,
                       @@lower_case_table_names,
                       CONVERT_TZ('2001-01-01 01:00:00', 'UTC', 'UTC') IS NOT NULL
		    11 Query	SET SESSION TRANSACTION ISOLATION LEVEL READ COMMITTED
		    11 Query	SHOW TABLES
		    11 Query	SHOW TABLES
		    11 Query	SHOW COLUMNS FROM `ventas`
		    11 Query	SHOW COLUMNS FROM `articulos`
		    11 Query	SHOW COLUMNS FROM `tiendas`
		    11 Query	SHOW COLUMNS FROM `proveedores`
		    11 Query	SHOW COLUMNS FROM `clientes`
		    11 Query	SHOW COLUMNS FROM `pesos`
		    11 Quit	
251211  0:17:44	    12 Connect	ana@localhost on  using TCP/IP
		    12 Query	select @@version_comment limit 1
251211  0:17:46	    12 Query	SELECT DATABASE()
		    12 Init DB	practica
251211  0:17:55	    12 Query	select * tiendas
251211  0:17:58	    12 Quit	
251211  0:18:23	    13 Connect	test@localhost on practica using TCP/IP
		    13 Query	SET NAMES utf8mb4
		    13 Query	SET autocommit=0
		    13 Query	SET autocommit=1
		    13 Query	SELECT VERSION(),
                       @@sql_mode,
                       @@default_storage_engine,
                       @@sql_auto_is_null,
                       @@lower_case_table_names,
                       CONVERT_TZ('2001-01-01 01:00:00', 'UTC', 'UTC') IS NOT NULL
		    13 Query	SET SESSION TRANSACTION ISOLATION LEVEL READ COMMITTED
		    13 Query	SHOW TABLES
		    13 Query	SHOW TABLES
		    13 Query	SHOW COLUMNS FROM `clientes`
		    13 Query	SHOW COLUMNS FROM `articulos`
		    13 Query	SHOW COLUMNS FROM `tiendas`
		    13 Query	SHOW COLUMNS FROM `pesos`
		    13 Query	SHOW COLUMNS FROM `proveedores`
		    13 Query	SHOW COLUMNS FROM `ventas`
251211  0:18:24	    13 Quit	
251211 12:02:09	    14 Connect	root@localhost on  using TCP/IP
		    14 Query	select @@version_comment limit 1
251211 12:02:18	    14 Query	SELECT * FROM mysql.user
251211 12:02:29	    14 Query	SELECT User, Host FROM mysql.user
251211 12:03:13	    14 Query	create user 'pedro'@'%' identified by '123'
251211 12:03:42	    14 Query	grant all privileges on *.* to 'pedro'@'%' with grant option
251211 12:03:51	    14 Query	flush privileges
251211 12:04:03	    14 Query	create user 'daniel'@'%' identified by '123'
251211 12:04:10	    14 Query	grant all privileges on *.* to 'daniel'@'%' with grant option
251211 12:04:12	    14 Query	flush privileges
251211 12:04:19	    14 Query	SELECT * FROM mysql.user
251211 12:04:27	    14 Query	SELECT User, Host FROM mysql.user
251211 12:04:35	    14 Quit	
251211 12:11:22	    15 Connect	pedro@localhost on  using TCP/IP
		    15 Query	select @@version_comment limit 1
251211 12:11:25	    15 Query	SELECT DATABASE()
		    15 Init DB	practica
251211 12:15:15	    15 Query	select * from articulos
251211 12:15:25	    15 Query	SELECT a.ART_NOM, p.PRV_NOM
FROM articulos a
JOIN proveedores p ON a.ART_PRV = p.PRV_NUM
251211 12:15:31	    15 Query	‡
251211 12:15:38	    15 Query	INSERT INTO articulos (ART_NUM, ART_NOM, ART_PESO, ART_COL, ART_PC, ART_PV, ART_PRV)
VALUES (101, 'Galletas', 500, 'Marr¢n', 2, 3, 1)
251211 12:15:49	    15 Query	INSERT INTO clientes (CLT_NUM, CLT_APELL, CLT_NOM, CLT_PAIS, CLT_POB)
VALUES (1, 'P‚rez', 'Juan', 'ES', 'Madrid')
251211 12:16:13	    15 Query	UPDATE articulos
SET ART_PV = 4
WHERE ART_NUM = 101
251211 12:16:21	    15 Query	DELETE FROM ventas
WHERE VNT_CLT = 1 AND VNT_ART = 101
251211 12:16:44	    15 Query	CREATE TABLE categorias (
  CAT_NUM INT NOT NULL,
  CAT_NOM VARCHAR(20) NOT NULL,
  PRIMARY KEY (CAT_NUM)
)
251211 12:16:51	    15 Query	DROP TABLE categorias
251211 12:17:28	    15 Query	ALTER TABLE clientes
MODIFY CLT_PAIS VARCHAR(10)
251211 12:17:38	    15 Quit	
251211 12:49:23	    16 Connect	daniel@localhost on  using TCP/IP
		    16 Query	select @@version_comment limit 1
251211 12:49:27	    16 Query	SELECT DATABASE()
		    16 Init DB	practica
251211 12:49:51	    16 Query	SELECT a.ART_NOM, p.PRV_NOM
FROM articulos a
JOIN proveedores p ON a.ART_PRV = p.PRV_NUM
251211 12:49:55	    16 Query	SELECT a.ART_NOM, p.PRV_NOM
FROM articulos a
JOIN proveedores p ON a.ART_PRV = p.PRV_NUM
251211 12:49:56	    16 Query	SELECT a.ART_NOM, p.PRV_NOM
FROM articulos a
JOIN proveedores p ON a.ART_PRV = p.PRV_NUM
251211 12:50:08	    16 Query	INSERT INTO articulos (ART_NUM, ART_NOM, ART_PESO, ART_COL, ART_PC, ART_PV, ART_PRV)
VALUES (102, 'Galletas', 500, 'Marr¢n', 2, 3, 1)
251211 12:50:10	    16 Query	INSERT INTO articulos (ART_NUM, ART_NOM, ART_PESO, ART_COL, ART_PC, ART_PV, ART_PRV)
VALUES (102, 'Galletas', 500, 'Marr¢n', 2, 3, 1)
251211 12:50:50	    16 Query	UPDATE articulos
SET ART_PESO = 4
WHERE ART_NUM = 101
251211 12:55:21	    16 Quit	
251211 12:55:30	    17 Connect	pedro@localhost on  using TCP/IP
		    17 Query	select @@version_comment limit 1
251211 12:55:34	    17 Query	SELECT DATABASE()
		    17 Init DB	practica
251211 12:55:37	    17 Query	select * from articulos
251211 13:02:29	    17 Quit	
251211 14:54:51	    18 Connect	test@localhost on practica using TCP/IP
		    18 Query	SET NAMES utf8mb4
		    18 Query	SET autocommit=0
		    18 Query	SET autocommit=1
		    18 Query	SELECT VERSION(),
                       @@sql_mode,
                       @@default_storage_engine,
                       @@sql_auto_is_null,
                       @@lower_case_table_names,
                       CONVERT_TZ('2001-01-01 01:00:00', 'UTC', 'UTC') IS NOT NULL
		    18 Query	SET SESSION TRANSACTION ISOLATION LEVEL READ COMMITTED
		    18 Query	SHOW TABLES
		    18 Query	SHOW TABLES
		    18 Query	SHOW COLUMNS FROM `articulos`
		    18 Query	SHOW COLUMNS FROM `pesos`
		    18 Query	SHOW COLUMNS FROM `clientes`
		    18 Query	SHOW COLUMNS FROM `proveedores`
		    18 Query	SHOW COLUMNS FROM `ventas`
		    18 Query	SHOW COLUMNS FROM `tiendas`
251211 14:54:52	    18 Quit	
C:\Program Files\MariaDB 10.6\bin\mysqld.exe, Version: 10.6.24-MariaDB-log (MariaDB Server). started with:
TCP Port: 3306, Named Pipe: C:/xampp/mysql/mysql.sock
Time		    Id Command	Argument
C:\Program Files\MariaDB 10.6\bin\mysqld.exe, Version: 10.6.24-MariaDB-log (MariaDB Server). started with:
TCP Port: 3306, Named Pipe: C:/xampp/mysql/mysql.sock
Time		    Id Command	Argument
251211 19:26:29	     3 Connect	test@localhost on practica using TCP/IP
		     3 Query	SET NAMES utf8mb4
		     3 Query	SET autocommit=0
		     3 Query	SET autocommit=1
		     3 Query	SELECT VERSION(),
                       @@sql_mode,
                       @@default_storage_engine,
                       @@sql_auto_is_null,
                       @@lower_case_table_names,
                       CONVERT_TZ('2001-01-01 01:00:00', 'UTC', 'UTC') IS NOT NULL
		     3 Query	SET SESSION TRANSACTION ISOLATION LEVEL READ COMMITTED
		     3 Query	SHOW TABLES
		     3 Query	SHOW TABLES
		     3 Query	SHOW COLUMNS FROM `articulos`
		     3 Query	SHOW COLUMNS FROM `pesos`
		     3 Query	SHOW COLUMNS FROM `tiendas`
		     3 Query	SHOW COLUMNS FROM `clientes`
		     3 Query	SHOW COLUMNS FROM `ventas`
		     3 Query	SHOW COLUMNS FROM `proveedores`
251211 19:26:30	     3 Quit	
C:\Program Files\MariaDB 10.6\bin\mysqld.exe, Version: 10.6.24-MariaDB-log (MariaDB Server). started with:
TCP Port: 3306, Named Pipe: C:/xampp/mysql/mysql.sock
Time		    Id Command	Argument
251211 23:50:59	     3 Connect	root@localhost on  using TCP/IP
		     3 Query	select @@version_comment limit 1
251211 23:51:29	     3 Query	create user 'prueba'@'%' identified by '123'
251211 23:52:01	     3 Query	grant all privileges on *.* 'prueba'@'%' with grant option
251211 23:52:21	     3 Query	grant all privileges on *.* to 'prueba'@'%' with grant option
251211 23:52:29	     3 Query	flush privileges
251211 23:52:34	     3 Quit	
251211 23:52:49	     4 Connect	prueba@localhost on  using TCP/IP
		     4 Query	select @@version_comment limit 1
251211 23:52:52	     4 Query	SELECT DATABASE()
		     4 Init DB	practica
251211 23:52:57	     4 Query	select * from articulos
251211 23:53:02	     4 Query	select * articulos
251211 23:53:03	     4 Quit	
251211 23:53:18	     5 Connect	test@localhost on practica using TCP/IP
		     5 Query	SET NAMES utf8mb4
		     5 Query	SET autocommit=0
		     5 Query	SET autocommit=1
		     5 Query	SELECT VERSION(),
                       @@sql_mode,
                       @@default_storage_engine,
                       @@sql_auto_is_null,
                       @@lower_case_table_names,
                       CONVERT_TZ('2001-01-01 01:00:00', 'UTC', 'UTC') IS NOT NULL
		     5 Query	SET SESSION TRANSACTION ISOLATION LEVEL READ COMMITTED
		     5 Query	SHOW TABLES
		     5 Query	SHOW TABLES
		     5 Query	SHOW COLUMNS FROM `clientes`
		     5 Query	SHOW COLUMNS FROM `ventas`
		     5 Query	SHOW COLUMNS FROM `proveedores`
		     5 Query	SHOW COLUMNS FROM `pesos`
		     5 Query	SHOW COLUMNS FROM `articulos`
		     5 Query	SHOW COLUMNS FROM `tiendas`
251211 23:53:19	     5 Quit	
C:\Program Files\MariaDB 10.6\bin\mysqld.exe, Version: 10.6.24-MariaDB-log (MariaDB Server). started with:
TCP Port: 3306, Named Pipe: C:/xampp/mysql/mysql.sock
Time		    Id Command	Argument
251212  2:42:18	     3 Connect	prueba@localhost on  using TCP/IP
		     3 Query	select @@version_comment limit 1
251212  2:42:19	     3 Query	SELECT DATABASE()
		     3 Init DB	practica
251212  2:42:24	     3 Query	select *art_nom from articulos
251212  2:42:28	     3 Query	select * art_nom from articulos
251212  2:42:44	     3 Query	show tables
251212  2:42:50	     3 Query	select * from articulos
251212  2:43:00	     3 Query	select art_nom * from articulos
251212  2:44:22	     3 Query	select art_nom from articulos
251212  2:44:24	     3 Quit	
251212  2:44:37	     4 Connect	test@localhost on practica using TCP/IP
		     4 Query	SET NAMES utf8mb4
		     4 Query	SET autocommit=0
		     4 Query	SET autocommit=1
		     4 Query	SELECT VERSION(),
                       @@sql_mode,
                       @@default_storage_engine,
                       @@sql_auto_is_null,
                       @@lower_case_table_names,
                       CONVERT_TZ('2001-01-01 01:00:00', 'UTC', 'UTC') IS NOT NULL
		     4 Query	SET SESSION TRANSACTION ISOLATION LEVEL READ COMMITTED
		     4 Query	SHOW TABLES
		     4 Query	SHOW TABLES
		     4 Query	SHOW COLUMNS FROM `ventas`
		     4 Query	SHOW COLUMNS FROM `clientes`
		     4 Query	SHOW COLUMNS FROM `tiendas`
		     4 Query	SHOW COLUMNS FROM `pesos`
		     4 Query	SHOW COLUMNS FROM `proveedores`
		     4 Query	SHOW COLUMNS FROM `articulos`
251212  2:44:39	     4 Quit
251212 10:14:05    20 Connect ana@localhost on practica using TCP/IP
                    20 Query   select @@version_comment limit 1
251212 10:14:08    20 Query   SELECT DATABASE()
                    20 Init DB practica
251212 10:14:16    20 Query   SELECT * FROM clientes
251212 10:14:31    20 Query   SELECT CLT_NOM, CLT_PAIS FROM clientes
251212 10:14:45    20 Quit

251213 12:02:44    21 Connect ana@localhost on practica using TCP/IP
                    21 Query   SELECT DATABASE()
                    21 Init DB practica
251213 12:02:51    21 Query   SELECT * FROM proveedores
251213 12:03:05    21 Query   SELECT PRV_NOM FROM proveedores
251213 12:03:18    21 Quit

251214 15:27:10    22 Connect ana@localhost on practica using TCP/IP
                    22 Query   SELECT DATABASE()
                    22 Init DB practica
251214 15:27:18    22 Query   SELECT * FROM ventas
251214 15:27:35    22 Query   SELECT VNT_CLT, VNT_ART, VNT_CANT FROM ventas
251214 15:27:49    22 Quit

251215 18:41:33    23 Connect ana@localhost on practica using TCP/IP
                    23 Query   SELECT DATABASE()
                    23 Init DB practica
251215 18:41:41    23 Query   SELECT * FROM tiendas
251215 18:41:55    23 Query   SELECT TND_NOM FROM tiendas
251215 18:42:09    23 Quit

251216 11:06:58    24 Connect ana@localhost on practica using TCP/IP
                    24 Query   SELECT DATABASE()
                    24 Init DB practica
251216 11:07:06    24 Query   SELECT * FROM pesos
251216 11:07:21    24 Query   SELECT PES_DESCRIP FROM pesos
251216 11:07:34    24 Quit
	
C:\Program Files\MariaDB 10.6\bin\mysqld.exe, Version: 10.6.24-MariaDB-log (MariaDB Server). started with:
TCP Port: 3306, Named Pipe: C:/xampp/mysql/mysql.sock
Time		    Id Command	Argument
C:\Program Files\MariaDB 10.6\bin\mysqld.exe, Version: 10.6.24-MariaDB-log (MariaDB Server). started with:
TCP Port: 3306, Named Pipe: C:/xampp/mysql/mysql.sock
Time		    Id Command	Argument
251217  1:09:36	     3 Connect	ana@localhost on  using TCP/IP
		     3 Query	select @@version_comment limit 1
251217  1:09:38	     3 Query	SELECT DATABASE()
		     3 Init DB	practica
251217  1:09:45	     3 Query	select * from proveedores
251217  1:15:11	     3 Query	select * from proveedores
251217  1:15:17	     3 Query	select * from proveedores
		     3 Query	select * from proveedores
251217  1:15:20	     3 Quit	
251217 11:26:14	     4 Connect	test@localhost on practica using TCP/IP
		     4 Query	SET NAMES utf8mb4
		     4 Query	SET autocommit=0
		     4 Query	SET autocommit=1
		     4 Query	SELECT VERSION(),
                       @@sql_mode,
                       @@default_storage_engine,
                       @@sql_auto_is_null,
                       @@lower_case_table_names,
                       CONVERT_TZ('2001-01-01 01:00:00', 'UTC', 'UTC') IS NOT NULL
		     4 Query	SET SESSION TRANSACTION ISOLATION LEVEL READ COMMITTED
		     4 Query	SHOW TABLES
		     4 Query	SHOW TABLES
		     4 Query	SHOW COLUMNS FROM `tiendas`
		     4 Query	SHOW COLUMNS FROM `articulos`
		     4 Query	SHOW COLUMNS FROM `proveedores`
		     4 Query	SHOW COLUMNS FROM `pesos`
		     4 Query	SHOW COLUMNS FROM `ventas`
		     4 Query	SHOW COLUMNS FROM `clientes`
251217 11:26:16	     4 Quit	
