C:\Program Files\MariaDB 10.6\bin\mysqld.exe, Version: 10.6.24-MariaDB-log (MariaDB Server). started with:
TCP Port: 3306, Named Pipe: C:/xampp/mysql/mysql.sock
Time		    Id Command	Argument
251209  2:14:38	     3 Connect	ana@localhost on  using TCP/IP
		     3 Query	select @@version_comment limit 1
251209  2:14:42	     3 Query	SELECT DATABASE()
		     3 Init DB	practica
251209  2:15:07	     3 Query	select * from proveedores
251209  2:15:17	     3 Query	select * from provedor
251209  2:15:27	     3 Query	select * aritul
251209  2:15:35	     3 Query	select * articulos
251209  2:15:42	     3 Query	select * from articulos
251209  2:15:52	     3 Query	SELECT 
v.VNT_FCH,
c.CLT_NOM AS Cliente,
c.CLT_APELL AS Apellidos,
a.ART_NOM AS Articulo,
p.PRV_NOM AS Proveedor,
t.TDA_POB AS Tienda,
v.VNT_CANT,
v.VNT_PRECIO
FROM ventas v
JOIN clientes c ON v.VNT_CLT = c.CLT_NUM
JOIN articulos a ON v.VNT_ART = a.ART_NUM
LEFT JOIN proveedores p ON a.ART_PRV = p.PRV_NUM
JOIN tiendas t ON v.VNT_TDA = t.TDA_NUM
251209  2:16:25	     3 Query	SELECT v.VNT_FCH, c.CLT_NOM AS Cliente, c.CLT_APELL AS Apellidos, a.ART_NOM AS Articulo, p.PRV_NOM AS Proveedor, t.TDA_POB AS Tienda, v.VNT_CANT, v.VNT_PRECIO FROM ventas v JOIN clientes c ON v.VNT_CLT = c.CLT_NUM JOIN articulos a ON v.VNT_ART = a.ART_NUM LEFT JOIN proveedores p ON a.ART_PRV = p.PRV_NUM JOIN tiendas t ON v.VNT_TDA = t.TDA_NUM
