C:\xampp\mysql\bin\mysqld.exe, Version: 10.4.28-MariaDB-log (mariadb.org binary distribution). started with:
TCP Port: 3306, Named Pipe: C:/xampp/mysql/mysql.sock
Time		    Id Command	Argument
251125 19:47:46	     8 Connect	root@localhost as anonymous on 
		     8 Query	set autocommit=1
		     8 Query	SELECT current_user()
		     8 Query	SET CHARACTER SET utf8
		     8 Query	SET NAMES utf8
		     8 Query	SHOW SESSION VARIABLES LIKE 'sql_mode'
		     8 Query	SELECT CONNECTION_ID()
		     8 Query	show character set where charset = 'utf8mb4'
		     8 Query	SET NAMES 'utf8mb4'
		     8 Query	SHOW SESSION STATUS LIKE 'Ssl_cipher'
		     8 Query	set autocommit=1
		     9 Connect	root@localhost as anonymous on 
		     9 Query	set autocommit=1
		     9 Query	SELECT current_user()
		     9 Query	SET CHARACTER SET utf8
		     9 Query	SET NAMES utf8
		     9 Query	SET SQL_SAFE_UPDATES=1
		     9 Query	SELECT CONNECTION_ID()
		     9 Query	show character set where charset = 'utf8mb4'
		     9 Query	SET NAMES 'utf8mb4'
		     9 Query	SHOW SESSION STATUS LIKE 'Ssl_cipher'
		     9 Query	set autocommit=1
		     9 Query	SHOW SESSION VARIABLES LIKE 'sql_mode'
		     9 Query	SHOW SESSION VARIABLES LIKE 'version_comment'
		     9 Query	SHOW SESSION VARIABLES LIKE 'version'
		     9 Query	SELECT current_user()
		     9 Query	SHOW SESSION VARIABLES LIKE 'lower_case_table_names'
		     8 Query	SHOW DATABASES
		     9 Query	show engines
		     9 Query	show charset
		     9 Query	show collation
		     9 Query	show variables
		     9 Query	SHOW SESSION VARIABLES LIKE 'version_compile_os'
		     9 Query	SHOW SESSION VARIABLES LIKE 'offline_mode'
		     9 Query	SHOW SESSION VARIABLES LIKE 'wait_timeout'
		     9 Query	SHOW SESSION VARIABLES LIKE 'interactive_timeout'
251125 19:47:55	     9 Query	use practica
		     9 Query	SELECT DATABASE()
		     8 Query	SHOW FULL TABLES FROM `practica`
		     8 Query	SHOW PROCEDURE STATUS WHERE Db='practica'
		     8 Query	SHOW FUNCTION STATUS WHERE Db='practica'
		     9 Query	SHOW FULL COLUMNS FROM `practica`.`articulos`
		     9 Query	SHOW FULL COLUMNS FROM `practica`.`clientes`
		     9 Query	SHOW FULL COLUMNS FROM `practica`.`pesos`
		     9 Query	SHOW FULL COLUMNS FROM `practica`.`proveedores`
		     9 Query	SHOW FULL COLUMNS FROM `practica`.`tiendas`
		     9 Query	SHOW FULL COLUMNS FROM `practica`.`ventas`
251125 19:48:02	     9 Query	show tables
251125 19:48:13	     9 Query	select * from tiendas
LIMIT 0, 1000
		     8 Query	SHOW INDEX FROM `practica`.`tiendas`
251125 19:48:20	     9 Query	select * from tiends
LIMIT 0, 1000
251125 19:48:25	     9 Quit	
		     8 Quit	
251125 19:51:52	    10 Connect	Pedro@localhost as anonymous on 
		    10 Connect	Access denied for user 'Pedro'@'localhost' (using password: NO)
251125 19:52:38	    11 Connect	ana@localhost as anonymous on 
		    11 Connect	Access denied for user 'ana'@'localhost' (using password: YES)
251125 19:53:03	    12 Connect	ana@localhost as anonymous on 
		    12 Query	select @@version_comment limit 1
251125 19:53:17	    12 Query	SELECT DATABASE()
		    12 Init DB	practica
251125 19:53:28	    12 Query	select * from proveedores
251125 19:53:34	    12 Quit	
