C:\Program Files\MariaDB 10.6\bin\mysqld.exe, Version: 10.6.24-MariaDB-log (MariaDB Server). started with:
TCP Port: 3306, Named Pipe: C:/xampp/mysql/mysql.sock
Time		    Id Command	Argument
251210 14:54:40	     3 Connect	ana@localhost on  using TCP/IP
		     3 Query	select @@version_comment limit 1
251210 14:54:43	     3 Query	SELECT DATABASE()
		     3 Init DB	practica
251210 14:54:46	     3 Query	select * from tiendas
251210 14:54:50	     3 Query	select * tiendas
251210 14:55:10	     3 Query	SELECT VNT_CLT, VNT_ART, VNT_CANT, VNT_PRECIO 
FROM ventas
WHERE VNT_CLT = 1
251210 14:55:17	     3 Query	SELECT a.ART_NOM, p.PRV_NOM
FROM articulos a
JOIN proveedores p ON a.ART_PRV = p.PRV_NUM
251210 14:55:39	     3 Query	select * from articulos
251210 14:55:43	     3 Query	INSERT INTO articulos (ART_NUM, ART_NOM, ART_PESO, ART_COL, ART_PC, ART_PV, ART_PRV)
VALUES (101, 'Galletas', 500, 'Marr¢n', 2, 3, 1)
251210 14:55:46	     3 Query	select * from articulos
251210 14:57:03	     3 Query	update articulos set art_peso=450 where art_num=101
251210 14:57:07	     3 Query	select * from articulos
251210 14:57:31	     3 Query	delete from articulos where art_num=101
251210 14:57:33	     3 Query	select * from articulos
251210 14:57:43	     3 Query	CREATE TABLE categorias (
  CAT_NUM INT NOT NULL,
  CAT_NOM VARCHAR(20) NOT NULL,
  PRIMARY KEY (CAT_NUM)
)
251210 14:57:51	     3 Query	show tables
251210 14:58:01	     3 Query	drop tables categoria
251210 14:58:08	     3 Query	drop tables categorias
251210 14:58:10	     3 Query	show tables
251210 14:58:23	     3 Query	select * from articulos
251210 14:58:30	     3 Query	ALTER TABLE clientes
MODIFY CLT_PAIS VARCHAR(10)
251210 14:58:33	     3 Query	select * from articulos
251210 14:58:55	     3 Query	ALTER TABLE articulos
ADD COLUMN ART_DESC VARCHAR(100)
251210 14:58:57	     3 Query	select * from articulos
251210 14:59:15	     3 Quit	
251210 14:59:21	     4 Connect	ana@localhost on  using TCP/IP
		     4 Query	select @@version_comment limit 1
251210 14:59:23	     4 Query	SELECT DATABASE()
		     4 Init DB	practica
251210 14:59:29	     4 Query	select * from articulos
251210 15:14:09	     4 Quit	
251210 15:14:23	     5 Connect	test@localhost on practica using TCP/IP
		     5 Query	SET NAMES utf8mb4
		     5 Query	SET autocommit=0
		     5 Query	SET autocommit=1
		     5 Query	SELECT VERSION(),
                       @@sql_mode,
                       @@default_storage_engine,
                       @@sql_auto_is_null,
                       @@lower_case_table_names,
                       CONVERT_TZ('2001-01-01 01:00:00', 'UTC', 'UTC') IS NOT NULL
		     5 Query	SET SESSION TRANSACTION ISOLATION LEVEL READ COMMITTED
		     5 Query	SHOW TABLES
		     5 Query	SHOW TABLES
		     5 Query	SHOW COLUMNS FROM `clientes`
		     5 Query	SHOW COLUMNS FROM `proveedores`
		     5 Query	SHOW COLUMNS FROM `articulos`
		     5 Query	SHOW COLUMNS FROM `ventas`
		     5 Query	SHOW COLUMNS FROM `pesos`
		     5 Query	SHOW COLUMNS FROM `tiendas`
251210 15:14:24	     5 Quit	
251210 15:49:35	     6 Connect	ana@localhost on  using TCP/IP
		     6 Query	select @@version_comment limit 1
251210 15:49:38	     6 Query	SELECT DATABASE()
		     6 Init DB	practica
251210 15:49:51	     6 Query	select * tiendas
251210 15:49:56	     6 Query	select * from tiendas
251210 15:50:06	     6 Query	select art_nom from tiendas
251210 15:50:20	     6 Query	select * from articulos
251210 15:50:29	     6 Query	select art_nom from articulos
251210 15:50:30	     6 Query	select art_nom from articulos
251210 15:51:43	     6 Quit	
251210 15:52:22	     7 Connect	test@localhost on practica using TCP/IP
		     7 Query	SET NAMES utf8mb4
		     7 Query	SET autocommit=0
		     7 Query	SET autocommit=1
		     7 Query	SELECT VERSION(),
                       @@sql_mode,
                       @@default_storage_engine,
                       @@sql_auto_is_null,
                       @@lower_case_table_names,
                       CONVERT_TZ('2001-01-01 01:00:00', 'UTC', 'UTC') IS NOT NULL
		     7 Query	SET SESSION TRANSACTION ISOLATION LEVEL READ COMMITTED
		     7 Query	SHOW TABLES
		     7 Query	SHOW TABLES
		     7 Query	SHOW COLUMNS FROM `pesos`
		     7 Query	SHOW COLUMNS FROM `ventas`
		     7 Query	SHOW COLUMNS FROM `tiendas`
		     7 Query	SHOW COLUMNS FROM `clientes`
		     7 Query	SHOW COLUMNS FROM `articulos`
		     7 Query	SHOW COLUMNS FROM `proveedores`
251210 15:52:23	     7 Quit	
251210 18:35:55	     8 Connect	test@localhost on practica using TCP/IP
		     8 Query	SET NAMES utf8mb4
		     8 Query	SET autocommit=0
		     8 Query	SET autocommit=1
		     8 Query	SELECT VERSION(),
                       @@sql_mode,
                       @@default_storage_engine,
                       @@sql_auto_is_null,
                       @@lower_case_table_names,
                       CONVERT_TZ('2001-01-01 01:00:00', 'UTC', 'UTC') IS NOT NULL
		     8 Query	SET SESSION TRANSACTION ISOLATION LEVEL READ COMMITTED
		     8 Query	SHOW TABLES
		     8 Query	SHOW TABLES
		     8 Query	SHOW COLUMNS FROM `tiendas`
		     8 Query	SHOW COLUMNS FROM `pesos`
		     8 Query	SHOW COLUMNS FROM `clientes`
		     8 Query	SHOW COLUMNS FROM `ventas`
		     8 Query	SHOW COLUMNS FROM `articulos`
		     8 Query	SHOW COLUMNS FROM `proveedores`
251210 18:35:56	     8 Quit	
251210 18:52:49	     9 Connect	ana@localhost on  using TCP/IP
		     9 Query	select @@version_comment limit 1
251210 18:52:52	     9 Query	SELECT DATABASE()
		     9 Init DB	practica
251210 18:52:57	     9 Query	select * from tiendas
251210 18:52:58	     9 Query	select * from tiendas
251210 18:52:59	     9 Query	select * from tiendas
251210 18:53:00	     9 Query	select * from tiendas
251210 18:53:11	     9 Query	select * from artiuclos
251210 18:53:17	     9 Query	select * from articulos
		     9 Query	select * from articulos
251210 18:53:18	     9 Query	select * from articulos
		     9 Query	select * from articulos
251210 18:53:19	     9 Query	select * from articulos
		     9 Query	select * from articulos
		     9 Query	select * from articulos
		     9 Query	select * from articulos
251210 18:53:20	     9 Query	select * from articulos
251210 18:53:21	     9 Quit	
251210 18:53:44	    10 Connect	test@localhost on practica using TCP/IP
		    10 Query	SET NAMES utf8mb4
		    10 Query	SET autocommit=0
		    10 Query	SET autocommit=1
		    10 Query	SELECT VERSION(),
                       @@sql_mode,
                       @@default_storage_engine,
                       @@sql_auto_is_null,
                       @@lower_case_table_names,
                       CONVERT_TZ('2001-01-01 01:00:00', 'UTC', 'UTC') IS NOT NULL
		    10 Query	SET SESSION TRANSACTION ISOLATION LEVEL READ COMMITTED
		    10 Query	SHOW TABLES
		    10 Query	SHOW TABLES
		    10 Query	SHOW COLUMNS FROM `articulos`
		    10 Query	SHOW COLUMNS FROM `clientes`
		    10 Query	SHOW COLUMNS FROM `pesos`
		    10 Query	SHOW COLUMNS FROM `tiendas`
		    10 Query	SHOW COLUMNS FROM `ventas`
		    10 Query	SHOW COLUMNS FROM `proveedores`
251210 18:53:45	    10 Quit	
251210 23:47:14	    11 Connect	test@localhost on practica using TCP/IP
		    11 Query	SET NAMES utf8mb4
		    11 Query	SET autocommit=0
		    11 Query	SET autocommit=1
		    11 Query	SELECT VERSION(),
                       @@sql_mode,
                       @@default_storage_engine,
                       @@sql_auto_is_null,
                       @@lower_case_table_names,
                       CONVERT_TZ('2001-01-01 01:00:00', 'UTC', 'UTC') IS NOT NULL
		    11 Query	SET SESSION TRANSACTION ISOLATION LEVEL READ COMMITTED
		    11 Query	SHOW TABLES
		    11 Query	SHOW TABLES
		    11 Query	SHOW COLUMNS FROM `ventas`
		    11 Query	SHOW COLUMNS FROM `articulos`
		    11 Query	SHOW COLUMNS FROM `tiendas`
		    11 Query	SHOW COLUMNS FROM `proveedores`
		    11 Query	SHOW COLUMNS FROM `clientes`
		    11 Query	SHOW COLUMNS FROM `pesos`
		    11 Quit	
251211  0:17:44	    12 Connect	ana@localhost on  using TCP/IP
		    12 Query	select @@version_comment limit 1
251211  0:17:46	    12 Query	SELECT DATABASE()
		    12 Init DB	practica
251211  0:17:55	    12 Query	select * tiendas
251211  0:17:58	    12 Quit	
251211  0:18:23	    13 Connect	test@localhost on practica using TCP/IP
		    13 Query	SET NAMES utf8mb4
		    13 Query	SET autocommit=0
		    13 Query	SET autocommit=1
		    13 Query	SELECT VERSION(),
                       @@sql_mode,
                       @@default_storage_engine,
                       @@sql_auto_is_null,
                       @@lower_case_table_names,
                       CONVERT_TZ('2001-01-01 01:00:00', 'UTC', 'UTC') IS NOT NULL
		    13 Query	SET SESSION TRANSACTION ISOLATION LEVEL READ COMMITTED
		    13 Query	SHOW TABLES
		    13 Query	SHOW TABLES
		    13 Query	SHOW COLUMNS FROM `clientes`
		    13 Query	SHOW COLUMNS FROM `articulos`
		    13 Query	SHOW COLUMNS FROM `tiendas`
		    13 Query	SHOW COLUMNS FROM `pesos`
		    13 Query	SHOW COLUMNS FROM `proveedores`
		    13 Query	SHOW COLUMNS FROM `ventas`
251211  0:18:24	    13 Quit	
251211 12:02:09	    14 Connect	root@localhost on  using TCP/IP
		    14 Query	select @@version_comment limit 1
251211 12:02:18	    14 Query	SELECT * FROM mysql.user
251211 12:02:29	    14 Query	SELECT User, Host FROM mysql.user
251211 12:03:13	    14 Query	create user 'pedro'@'%' identified by '123'
251211 12:03:42	    14 Query	grant all privileges on *.* to 'pedro'@'%' with grant option
251211 12:03:51	    14 Query	flush privileges
251211 12:04:03	    14 Query	create user 'daniel'@'%' identified by '123'
251211 12:04:10	    14 Query	grant all privileges on *.* to 'daniel'@'%' with grant option
251211 12:04:12	    14 Query	flush privileges
251211 12:04:19	    14 Query	SELECT * FROM mysql.user
251211 12:04:27	    14 Query	SELECT User, Host FROM mysql.user
251211 12:04:35	    14 Quit	
251211 12:11:22	    15 Connect	pedro@localhost on  using TCP/IP
		    15 Query	select @@version_comment limit 1
251211 12:11:25	    15 Query	SELECT DATABASE()
		    15 Init DB	practica
251211 12:15:15	    15 Query	select * from articulos
251211 12:15:25	    15 Query	SELECT a.ART_NOM, p.PRV_NOM
FROM articulos a
JOIN proveedores p ON a.ART_PRV = p.PRV_NUM
251211 12:15:31	    15 Query	‡
251211 12:15:38	    15 Query	INSERT INTO articulos (ART_NUM, ART_NOM, ART_PESO, ART_COL, ART_PC, ART_PV, ART_PRV)
VALUES (101, 'Galletas', 500, 'Marr¢n', 2, 3, 1)
251211 12:15:49	    15 Query	INSERT INTO clientes (CLT_NUM, CLT_APELL, CLT_NOM, CLT_PAIS, CLT_POB)
VALUES (1, 'P‚rez', 'Juan', 'ES', 'Madrid')
251211 12:16:13	    15 Query	UPDATE articulos
SET ART_PV = 4
WHERE ART_NUM = 101
251211 12:16:21	    15 Query	DELETE FROM ventas
WHERE VNT_CLT = 1 AND VNT_ART = 101
251211 12:16:44	    15 Query	CREATE TABLE categorias (
  CAT_NUM INT NOT NULL,
  CAT_NOM VARCHAR(20) NOT NULL,
  PRIMARY KEY (CAT_NUM)
)
251211 12:16:51	    15 Query	DROP TABLE categorias
251211 12:17:28	    15 Query	ALTER TABLE clientes
MODIFY CLT_PAIS VARCHAR(10)
251211 12:17:38	    15 Quit	
251211 12:49:23	    16 Connect	daniel@localhost on  using TCP/IP
		    16 Query	select @@version_comment limit 1
251211 12:49:27	    16 Query	SELECT DATABASE()
		    16 Init DB	practica
251211 12:49:51	    16 Query	SELECT a.ART_NOM, p.PRV_NOM
FROM articulos a
JOIN proveedores p ON a.ART_PRV = p.PRV_NUM
251211 12:49:55	    16 Query	SELECT a.ART_NOM, p.PRV_NOM
FROM articulos a
JOIN proveedores p ON a.ART_PRV = p.PRV_NUM
251211 12:49:56	    16 Query	SELECT a.ART_NOM, p.PRV_NOM
FROM articulos a
JOIN proveedores p ON a.ART_PRV = p.PRV_NUM
251211 12:50:08	    16 Query	INSERT INTO articulos (ART_NUM, ART_NOM, ART_PESO, ART_COL, ART_PC, ART_PV, ART_PRV)
VALUES (102, 'Galletas', 500, 'Marr¢n', 2, 3, 1)
251211 12:50:10	    16 Query	INSERT INTO articulos (ART_NUM, ART_NOM, ART_PESO, ART_COL, ART_PC, ART_PV, ART_PRV)
VALUES (102, 'Galletas', 500, 'Marr¢n', 2, 3, 1)
251211 12:50:50	    16 Query	UPDATE articulos
SET ART_PESO = 4
WHERE ART_NUM = 101
251211 12:55:21	    16 Quit	
251211 12:55:30	    17 Connect	pedro@localhost on  using TCP/IP
		    17 Query	select @@version_comment limit 1
251211 12:55:34	    17 Query	SELECT DATABASE()
		    17 Init DB	practica
251211 12:55:37	    17 Query	select * from articulos
251211 13:02:29	    17 Quit	
251211 14:54:51	    18 Connect	test@localhost on practica using TCP/IP
		    18 Query	SET NAMES utf8mb4
		    18 Query	SET autocommit=0
		    18 Query	SET autocommit=1
		    18 Query	SELECT VERSION(),
                       @@sql_mode,
                       @@default_storage_engine,
                       @@sql_auto_is_null,
                       @@lower_case_table_names,
                       CONVERT_TZ('2001-01-01 01:00:00', 'UTC', 'UTC') IS NOT NULL
		    18 Query	SET SESSION TRANSACTION ISOLATION LEVEL READ COMMITTED
		    18 Query	SHOW TABLES
		    18 Query	SHOW TABLES
		    18 Query	SHOW COLUMNS FROM `articulos`
		    18 Query	SHOW COLUMNS FROM `pesos`
		    18 Query	SHOW COLUMNS FROM `clientes`
		    18 Query	SHOW COLUMNS FROM `proveedores`
		    18 Query	SHOW COLUMNS FROM `ventas`
		    18 Query	SHOW COLUMNS FROM `tiendas`
251211 14:54:52	    18 Quit	
C:\Program Files\MariaDB 10.6\bin\mysqld.exe, Version: 10.6.24-MariaDB-log (MariaDB Server). started with:
TCP Port: 3306, Named Pipe: C:/xampp/mysql/mysql.sock
Time		    Id Command	Argument
C:\Program Files\MariaDB 10.6\bin\mysqld.exe, Version: 10.6.24-MariaDB-log (MariaDB Server). started with:
TCP Port: 3306, Named Pipe: C:/xampp/mysql/mysql.sock
Time		    Id Command	Argument
251211 19:26:29	     3 Connect	test@localhost on practica using TCP/IP
		     3 Query	SET NAMES utf8mb4
		     3 Query	SET autocommit=0
		     3 Query	SET autocommit=1
		     3 Query	SELECT VERSION(),
                       @@sql_mode,
                       @@default_storage_engine,
                       @@sql_auto_is_null,
                       @@lower_case_table_names,
                       CONVERT_TZ('2001-01-01 01:00:00', 'UTC', 'UTC') IS NOT NULL
		     3 Query	SET SESSION TRANSACTION ISOLATION LEVEL READ COMMITTED
		     3 Query	SHOW TABLES
		     3 Query	SHOW TABLES
		     3 Query	SHOW COLUMNS FROM `articulos`
		     3 Query	SHOW COLUMNS FROM `pesos`
		     3 Query	SHOW COLUMNS FROM `tiendas`
		     3 Query	SHOW COLUMNS FROM `clientes`
		     3 Query	SHOW COLUMNS FROM `ventas`
		     3 Query	SHOW COLUMNS FROM `proveedores`
251211 19:26:30	     3 Quit	
C:\Program Files\MariaDB 10.6\bin\mysqld.exe, Version: 10.6.24-MariaDB-log (MariaDB Server). started with:
TCP Port: 3306, Named Pipe: C:/xampp/mysql/mysql.sock
Time		    Id Command	Argument
251211 23:50:59	     3 Connect	root@localhost on  using TCP/IP
		     3 Query	select @@version_comment limit 1
251211 23:51:29	     3 Query	create user 'prueba'@'%' identified by '123'
251211 23:52:01	     3 Query	grant all privileges on *.* 'prueba'@'%' with grant option
251211 23:52:21	     3 Query	grant all privileges on *.* to 'prueba'@'%' with grant option
251211 23:52:29	     3 Query	flush privileges
251211 23:52:34	     3 Quit	
251211 23:52:49	     4 Connect	prueba@localhost on  using TCP/IP
		     4 Query	select @@version_comment limit 1
251211 23:52:52	     4 Query	SELECT DATABASE()
		     4 Init DB	practica
251211 23:52:57	     4 Query	select * from articulos
251211 23:53:02	     4 Query	select * articulos
251211 23:53:03	     4 Quit	
251211 23:53:18	     5 Connect	test@localhost on practica using TCP/IP
		     5 Query	SET NAMES utf8mb4
		     5 Query	SET autocommit=0
		     5 Query	SET autocommit=1
		     5 Query	SELECT VERSION(),
                       @@sql_mode,
                       @@default_storage_engine,
                       @@sql_auto_is_null,
                       @@lower_case_table_names,
                       CONVERT_TZ('2001-01-01 01:00:00', 'UTC', 'UTC') IS NOT NULL
		     5 Query	SET SESSION TRANSACTION ISOLATION LEVEL READ COMMITTED
		     5 Query	SHOW TABLES
		     5 Query	SHOW TABLES
		     5 Query	SHOW COLUMNS FROM `clientes`
		     5 Query	SHOW COLUMNS FROM `ventas`
		     5 Query	SHOW COLUMNS FROM `proveedores`
		     5 Query	SHOW COLUMNS FROM `pesos`
		     5 Query	SHOW COLUMNS FROM `articulos`
		     5 Query	SHOW COLUMNS FROM `tiendas`
251211 23:53:19	     5 Quit	
C:\Program Files\MariaDB 10.6\bin\mysqld.exe, Version: 10.6.24-MariaDB-log (MariaDB Server). started with:
TCP Port: 3306, Named Pipe: C:/xampp/mysql/mysql.sock
Time		    Id Command	Argument
251212  2:42:18	     3 Connect	prueba@localhost on  using TCP/IP
		     3 Query	select @@version_comment limit 1
251212  2:42:19	     3 Query	SELECT DATABASE()
		     3 Init DB	practica
251212  2:42:24	     3 Query	select *art_nom from articulos
251212  2:42:28	     3 Query	select * art_nom from articulos
251212  2:42:44	     3 Query	show tables
251212  2:42:50	     3 Query	select * from articulos
251212  2:43:00	     3 Query	select art_nom * from articulos
251212  2:44:22	     3 Query	select art_nom from articulos
251212  2:44:24	     3 Quit	
251212  2:44:37	     4 Connect	test@localhost on practica using TCP/IP
		     4 Query	SET NAMES utf8mb4
		     4 Query	SET autocommit=0
		     4 Query	SET autocommit=1
		     4 Query	SELECT VERSION(),
                       @@sql_mode,
                       @@default_storage_engine,
                       @@sql_auto_is_null,
                       @@lower_case_table_names,
                       CONVERT_TZ('2001-01-01 01:00:00', 'UTC', 'UTC') IS NOT NULL
		     4 Query	SET SESSION TRANSACTION ISOLATION LEVEL READ COMMITTED
		     4 Query	SHOW TABLES
		     4 Query	SHOW TABLES
		     4 Query	SHOW COLUMNS FROM `ventas`
		     4 Query	SHOW COLUMNS FROM `clientes`
		     4 Query	SHOW COLUMNS FROM `tiendas`
		     4 Query	SHOW COLUMNS FROM `pesos`
		     4 Query	SHOW COLUMNS FROM `proveedores`
		     4 Query	SHOW COLUMNS FROM `articulos`
251212  2:44:39	     4 Quit	
C:\Program Files\MariaDB 10.6\bin\mysqld.exe, Version: 10.6.24-MariaDB-log (MariaDB Server). started with:
TCP Port: 3306, Named Pipe: C:/xampp/mysql/mysql.sock
Time		    Id Command	Argument
C:\Program Files\MariaDB 10.6\bin\mysqld.exe, Version: 10.6.24-MariaDB-log (MariaDB Server). started with:
TCP Port: 3306, Named Pipe: C:/xampp/mysql/mysql.sock
Time		    Id Command	Argument
251217  1:09:36	     3 Connect	ana@localhost on  using TCP/IP
		     3 Query	select @@version_comment limit 1
251217  1:09:38	     3 Query	SELECT DATABASE()
		     3 Init DB	practica
251217  1:09:45	     3 Query	select * from proveedores
251217  1:15:11	     3 Query	select * from proveedores
251217  1:15:17	     3 Query	select * from proveedores
		     3 Query	select * from proveedores
251217  1:15:20	     3 Quit	
251217 11:26:14	     4 Connect	test@localhost on practica using TCP/IP
		     4 Query	SET NAMES utf8mb4
		     4 Query	SET autocommit=0
		     4 Query	SET autocommit=1
		     4 Query	SELECT VERSION(),
                       @@sql_mode,
                       @@default_storage_engine,
                       @@sql_auto_is_null,
                       @@lower_case_table_names,
                       CONVERT_TZ('2001-01-01 01:00:00', 'UTC', 'UTC') IS NOT NULL
		     4 Query	SET SESSION TRANSACTION ISOLATION LEVEL READ COMMITTED
		     4 Query	SHOW TABLES
		     4 Query	SHOW TABLES
		     4 Query	SHOW COLUMNS FROM `tiendas`
		     4 Query	SHOW COLUMNS FROM `articulos`
		     4 Query	SHOW COLUMNS FROM `proveedores`
		     4 Query	SHOW COLUMNS FROM `pesos`
		     4 Query	SHOW COLUMNS FROM `ventas`
		     4 Query	SHOW COLUMNS FROM `clientes`
251217 11:26:16	     4 Quit	
C:\Program Files\MariaDB 10.6\bin\mysqld.exe, Version: 10.6.24-MariaDB-log (MariaDB Server). started with:
TCP Port: 3306, Named Pipe: C:/xampp/mysql/mysql.sock
Time		    Id Command	Argument
251218 11:37:18	     3 Connect	test@localhost on practica using TCP/IP
		     3 Query	SET NAMES utf8mb4
		     3 Query	SET autocommit=0
		     3 Query	SET autocommit=1
		     3 Query	SELECT VERSION(),
                       @@sql_mode,
                       @@default_storage_engine,
                       @@sql_auto_is_null,
                       @@lower_case_table_names,
                       CONVERT_TZ('2001-01-01 01:00:00', 'UTC', 'UTC') IS NOT NULL
		     3 Query	SET SESSION TRANSACTION ISOLATION LEVEL READ COMMITTED
		     3 Query	SHOW TABLES
		     3 Query	SHOW TABLES
		     3 Query	SHOW COLUMNS FROM `pesos`
251218 11:37:19	     3 Query	SHOW COLUMNS FROM `articulos`
		     3 Query	SHOW COLUMNS FROM `tiendas`
		     3 Query	SHOW COLUMNS FROM `clientes`
		     3 Query	SHOW COLUMNS FROM `ventas`
		     3 Query	SHOW COLUMNS FROM `proveedores`
		     3 Quit	
251218 11:55:20	     4 Connect	test@localhost on practica using TCP/IP
		     4 Query	SET NAMES utf8mb4
		     4 Query	SET autocommit=0
		     4 Query	SET autocommit=1
		     4 Query	SELECT VERSION(),
                       @@sql_mode,
                       @@default_storage_engine,
                       @@sql_auto_is_null,
                       @@lower_case_table_names,
                       CONVERT_TZ('2001-01-01 01:00:00', 'UTC', 'UTC') IS NOT NULL
		     4 Query	SET SESSION TRANSACTION ISOLATION LEVEL READ COMMITTED
		     4 Query	SHOW TABLES
		     4 Query	SHOW TABLES
		     4 Query	SHOW COLUMNS FROM `articulos`
		     4 Query	SHOW COLUMNS FROM `clientes`
		     4 Query	SHOW COLUMNS FROM `proveedores`
		     4 Query	SHOW COLUMNS FROM `tiendas`
		     4 Query	SHOW COLUMNS FROM `ventas`
		     4 Query	SHOW COLUMNS FROM `pesos`
		     4 Quit	
251218 12:11:39	     5 Connect	test@localhost on practica using TCP/IP
		     5 Query	SET NAMES utf8mb4
		     5 Query	SET autocommit=0
		     5 Query	SET autocommit=1
		     5 Query	SELECT VERSION(),
                       @@sql_mode,
                       @@default_storage_engine,
                       @@sql_auto_is_null,
                       @@lower_case_table_names,
                       CONVERT_TZ('2001-01-01 01:00:00', 'UTC', 'UTC') IS NOT NULL
		     5 Query	SET SESSION TRANSACTION ISOLATION LEVEL READ COMMITTED
		     5 Query	SHOW TABLES
		     5 Query	SHOW TABLES
		     5 Query	SHOW COLUMNS FROM `pesos`
251218 12:11:40	     5 Query	SHOW COLUMNS FROM `ventas`
		     5 Query	SHOW COLUMNS FROM `articulos`
		     5 Query	SHOW COLUMNS FROM `proveedores`
		     5 Query	SHOW COLUMNS FROM `clientes`
		     5 Query	SHOW COLUMNS FROM `tiendas`
251218 12:11:42	     5 Quit	
251219  1:00:52	     6 Connect	root@localhost on  using TCP/IP
		     6 Query	select @@version_comment limit 1
251219  1:01:37	     6 Query	create user 'tiposConsultas'@'%' identified by '123'
251219  1:02:09	     6 Query	grant all privileges on *.* to 'tiposConsultas'@'%' with grant option
251219  1:02:19	     6 Query	flush privileges
251219  1:02:22	     6 Quit	
251219  1:05:19	     7 Connect	tiposConsultas@localhost on  using TCP/IP
		     7 Query	select @@version_comment limit 1
251219  1:05:22	     7 Query	SELECT DATABASE()
		     7 Init DB	practica
251219  1:05:32	     7 Query	select * from articulos
251219  1:05:49	     7 Query	SELECT ART_NOM, ART_PESO FROM articulos
251219  1:06:01	     7 Query	SELECT ART_NOM, ART_PESO, art_col FROM articulos
251219  1:06:10	     7 Query	SELECT ART_NOM 
FROM articulos 
WHERE ART_PRV IN (SELECT PRV_NUM FROM proveedores WHERE PRV_NOM LIKE 'A%')
251219  1:06:24	     7 Query	SELECT a.ART_NOM 
FROM articulos a 
WHERE a.ART_PRV = (SELECT p.PRV_NUM FROM proveedores p WHERE p.PRV_NUM = a.ART_PRV)
251219  1:06:32	     7 Query	INSERT INTO clientes (CLT_NUM, CLT_APELL, CLT_NOM, CLT_PAIS, CLT_POB) 
VALUES (101, 'Gomez', 'Juan', 'ESP', 'Madrid')
251219  1:06:40	     7 Query	CREATE TABLE descuentos (
    DSC_ID INT NOT NULL,
    DSC_DESC VARCHAR(50),
    DSC_PORC INT,
    PRIMARY KEY(DSC_ID)
)
251219  1:06:48	     7 Query	UPDATE articulos SET ART_PV = ART_PV + 10 WHERE ART_PESO > 50
251219  1:06:55	     7 Query	DELETE FROM ventas WHERE VNT_CANT = 0
251219  1:07:02	     7 Query	SELECT c.CLT_NOM, v.VNT_CANT, a.ART_NOM
FROM ventas v
JOIN clientes c ON v.VNT_CLT = c.CLT_NUM
JOIN articulos a ON v.VNT_ART = a.ART_NUM
251219  1:07:13	     7 Query	SELECT c.CLT_NOM, v.VNT_CANT, a.ART_NOM
FROM ventas v, clientes c, articulos a
WHERE v.VNT_CLT = c.CLT_NUM AND v.VNT_ART = a.ART_NUM
251219  1:07:20	     7 Query	SELECT VNT_TDA, SUM(VNT_CANT) AS total_vendido
FROM ventas
GROUP BY VNT_TDA
HAVING SUM(VNT_CANT) > 10
251219  1:07:28	     7 Query	SELECT AVG(ART_PV) AS precio_medio, MAX(ART_PV) AS max_precio, MIN(ART_PV) AS min_precio
FROM articulos
251219  1:10:08	     7 Quit	
251219  1:15:34	     8 Connect	test@localhost on practica using TCP/IP
		     8 Query	SET NAMES utf8mb4
		     8 Query	SET autocommit=0
		     8 Query	SET autocommit=1
		     8 Query	SELECT VERSION(),
                       @@sql_mode,
                       @@default_storage_engine,
                       @@sql_auto_is_null,
                       @@lower_case_table_names,
                       CONVERT_TZ('2001-01-01 01:00:00', 'UTC', 'UTC') IS NOT NULL
		     8 Query	SET SESSION TRANSACTION ISOLATION LEVEL READ COMMITTED
		     8 Query	SHOW TABLES
		     8 Query	SHOW TABLES
		     8 Query	SHOW COLUMNS FROM `ventas`
		     8 Query	SHOW COLUMNS FROM `tiendas`
		     8 Query	SHOW COLUMNS FROM `clientes`
		     8 Query	SHOW COLUMNS FROM `proveedores`
		     8 Query	SHOW COLUMNS FROM `pesos`
		     8 Query	SHOW COLUMNS FROM `articulos`
		     8 Query	SHOW COLUMNS FROM `descuentos`
251219  1:15:36	     8 Quit	
C:\Program Files\MariaDB 10.6\bin\mysqld.exe, Version: 10.6.24-MariaDB-log (MariaDB Server). started with:
TCP Port: 3306, Named Pipe: C:/xampp/mysql/mysql.sock
Time		    Id Command	Argument
C:\Program Files\MariaDB 10.6\bin\mysqld.exe, Version: 10.6.24-MariaDB-log (MariaDB Server). started with:
TCP Port: 3306, Named Pipe: C:/xampp/mysql/mysql.sock
Time		    Id Command	Argument
251223 17:03:14	     3 Connect	test@localhost on practica using TCP/IP
		     3 Query	SET NAMES utf8mb4
251223 17:03:15	     3 Query	SET autocommit=0
		     3 Query	SET autocommit=1
		     3 Query	SELECT VERSION(),
                       @@sql_mode,
                       @@default_storage_engine,
                       @@sql_auto_is_null,
                       @@lower_case_table_names,
                       CONVERT_TZ('2001-01-01 01:00:00', 'UTC', 'UTC') IS NOT NULL
		     3 Query	SET SESSION TRANSACTION ISOLATION LEVEL READ COMMITTED
		     3 Query	SHOW TABLES
		     3 Query	SHOW TABLES
		     3 Query	SHOW COLUMNS FROM `pesos`
		     3 Query	SHOW COLUMNS FROM `tiendas`
		     3 Query	SHOW COLUMNS FROM `clientes`
		     3 Query	SHOW COLUMNS FROM `ventas`
		     3 Query	SHOW COLUMNS FROM `proveedores`
		     3 Query	SHOW COLUMNS FROM `descuentos`
		     3 Query	SHOW COLUMNS FROM `articulos`
251223 17:03:17	     3 Quit	
C:\Program Files\MariaDB 10.6\bin\mysqld.exe, Version: 10.6.24-MariaDB-log (MariaDB Server). started with:
TCP Port: 3306, Named Pipe: C:/xampp/mysql/mysql.sock
Time		    Id Command	Argument
C:\Program Files\MariaDB 10.6\bin\mysqld.exe, Version: 10.6.24-MariaDB-log (MariaDB Server). started with:
TCP Port: 3306, Named Pipe: C:/xampp/mysql/mysql.sock
Time		    Id Command	Argument
260107 18:32:13	     3 Connect	test@localhost on practica using TCP/IP
		     3 Query	SET NAMES utf8mb4
		     3 Query	SET autocommit=0
		     3 Query	SET autocommit=1
		     3 Query	SELECT VERSION(),
                       @@sql_mode,
                       @@default_storage_engine,
                       @@sql_auto_is_null,
                       @@lower_case_table_names,
                       CONVERT_TZ('2001-01-01 01:00:00', 'UTC', 'UTC') IS NOT NULL
		     3 Query	SET SESSION TRANSACTION ISOLATION LEVEL READ COMMITTED
		     3 Query	SHOW TABLES
		     3 Query	SHOW TABLES
		     3 Query	SHOW COLUMNS FROM `proveedores`
260107 18:32:14	     3 Query	SHOW COLUMNS FROM `pesos`
		     3 Query	SHOW COLUMNS FROM `descuentos`
		     3 Query	SHOW COLUMNS FROM `tiendas`
		     3 Query	SHOW COLUMNS FROM `articulos`
		     3 Query	SHOW COLUMNS FROM `clientes`
		     3 Query	SHOW COLUMNS FROM `ventas`
260107 18:32:15	     3 Quit	
C:\Program Files\MariaDB 10.6\bin\mysqld.exe, Version: 10.6.24-MariaDB-log (MariaDB Server). started with:
TCP Port: 3306, Named Pipe: C:/xampp/mysql/mysql.sock
Time		    Id Command	Argument
C:\Program Files\MariaDB 10.6\bin\mysqld.exe, Version: 10.6.24-MariaDB-log (MariaDB Server). started with:
TCP Port: 3306, Named Pipe: C:/xampp/mysql/mysql.sock
Time		    Id Command	Argument
C:\Program Files\MariaDB 10.6\bin\mysqld.exe, Version: 10.6.24-MariaDB-log (MariaDB Server). started with:
TCP Port: 3306, Named Pipe: C:/xampp/mysql/mysql.sock
Time		    Id Command	Argument
C:\Program Files\MariaDB 10.6\bin\mysqld.exe, Version: 10.6.24-MariaDB-log (MariaDB Server). started with:
TCP Port: 3306, Named Pipe: C:/xampp/mysql/mysql.sock
Time		    Id Command	Argument
C:\Program Files\MariaDB 10.6\bin\mysqld.exe, Version: 10.6.24-MariaDB-log (MariaDB Server). started with:
TCP Port: 3306, Named Pipe: C:/xampp/mysql/mysql.sock
Time		    Id Command	Argument
260110 13:00:03	     3 Connect	test@localhost on  using TCP/IP
		     3 Query	select @@version_comment limit 1
260110 13:00:08	     3 Quit	
260110 13:00:13	     4 Connect	test@localhost on  using TCP/IP
		     4 Connect	Access denied for user 'test'@'localhost' (using password: YES)
260110 13:04:41	     5 Connect	root@localhost on  using TCP/IP
		     5 Query	select @@version_comment limit 1
260110 13:05:13	     5 Query	alter user 'test'@'localhost' identified by 'test'
260110 13:05:53	     5 Query	SELECT User, Host FROM mysql.user WHERE User='test'
260110 13:06:04	     5 Query	alter user 'test'@'%' identified by 'test'
260110 13:06:09	     5 Query	flush privileges
260110 13:06:12	     5 Quit	
260110 13:06:25	     6 Connect	test@localhost on  using TCP/IP
		     6 Connect	Access denied for user 'test'@'localhost' (using password: NO)
260110 13:06:31	     7 Connect	test@localhost on  using TCP/IP
		     7 Query	select @@version_comment limit 1
260110 13:06:33	     7 Quit	
C:\Program Files\MariaDB 10.6\bin\mysqld.exe, Version: 10.6.24-MariaDB-log (MariaDB Server). started with:
TCP Port: 3306, Named Pipe: C:/xampp/mysql/mysql.sock
Time		    Id Command	Argument
