C:\Program Files\MariaDB 10.6\bin\mysqld.exe, Version: 10.6.24-MariaDB-log (MariaDB Server). started with:
TCP Port: 3306, Named Pipe: C:/xampp/mysql/mysql.sock
Time		    Id Command	Argument
251201 19:06:09	     3 Connect	root@localhost on  using TCP/IP
		     3 Query	select @@version_comment limit 1
251201 19:06:27	     4 Connect	ana@localhost on  using TCP/IP
		     4 Query	select @@version_comment limit 1
251201 19:06:30	     4 Query	SELECT DATABASE()
		     4 Init DB	practica
251201 19:06:36	     4 Query	select * from articulos
251201 19:06:43	     4 Query	select * from tiendas
251201 19:06:52	     3 Query	select * from provedor
251201 19:06:56	     3 Query	SELECT DATABASE()
		     3 Init DB	practica
251201 19:06:57	     3 Query	select * from provedor
251201 19:07:03	     3 Query	select * from proveedores
251201 19:07:05	     3 Quit	
251201 19:07:07	     4 Quit	
C:\Program Files\MariaDB 10.6\bin\mysqld.exe, Version: 10.6.24-MariaDB-log (MariaDB Server). started with:
TCP Port: 3306, Named Pipe: C:/xampp/mysql/mysql.sock
Time		    Id Command	Argument
C:\Program Files\MariaDB 10.6\bin\mysqld.exe, Version: 10.6.24-MariaDB-log (MariaDB Server). started with:
TCP Port: 3306, Named Pipe: C:/xampp/mysql/mysql.sock
Time		    Id Command	Argument
C:\Program Files\MariaDB 10.6\bin\mysqld.exe, Version: 10.6.24-MariaDB-log (MariaDB Server). started with:
TCP Port: 3306, Named Pipe: C:/xampp/mysql/mysql.sock
Time		    Id Command	Argument
251202 18:10:37	     3 Connect	ana@localhost on  using TCP/IP
		     3 Query	select @@version_comment limit 1
251202 18:10:40	     3 Query	SELECT DATABASE()
		     3 Init DB	practica
251202 18:10:51	     3 Query	select * articul
251202 18:10:53	     3 Query	select * articulos
251202 18:10:59	     3 Query	select * from articulos
251202 18:11:16	     3 Query	select art_num, art_nom from articulos
251202 18:11:19	     3 Quit	
251202 18:23:33	     4 Connect	test@localhost on practica using TCP/IP
		     4 Query	SET NAMES utf8mb4
		     4 Query	SET autocommit=0
		     4 Query	SET autocommit=1
		     4 Query	SELECT VERSION(),
                       @@sql_mode,
                       @@default_storage_engine,
                       @@sql_auto_is_null,
                       @@lower_case_table_names,
                       CONVERT_TZ('2001-01-01 01:00:00', 'UTC', 'UTC') IS NOT NULL
		     4 Query	SET SESSION TRANSACTION ISOLATION LEVEL READ COMMITTED
		     4 Query	SHOW TABLES
		     4 Query	SHOW TABLES
		     4 Query	SHOW COLUMNS FROM `proveedores`
		     4 Query	SHOW COLUMNS FROM `articulos`
		     4 Query	SHOW COLUMNS FROM `ventas`
		     4 Query	SHOW COLUMNS FROM `tiendas`
		     4 Query	SHOW COLUMNS FROM `clientes`
		     4 Query	SHOW COLUMNS FROM `pesos`
		     4 Quit	
251202 18:42:57	     5 Connect	test@localhost on practica using TCP/IP
		     5 Query	SET NAMES utf8mb4
		     5 Query	SET autocommit=0
		     5 Query	SET autocommit=1
		     5 Query	SELECT VERSION(),
                       @@sql_mode,
                       @@default_storage_engine,
                       @@sql_auto_is_null,
                       @@lower_case_table_names,
                       CONVERT_TZ('2001-01-01 01:00:00', 'UTC', 'UTC') IS NOT NULL
		     5 Query	SET SESSION TRANSACTION ISOLATION LEVEL READ COMMITTED
		     5 Query	SHOW TABLES
		     5 Query	SHOW TABLES
		     5 Query	SHOW COLUMNS FROM `ventas`
		     5 Query	SHOW COLUMNS FROM `tiendas`
		     5 Query	SHOW COLUMNS FROM `pesos`
		     5 Query	SHOW COLUMNS FROM `articulos`
		     5 Query	SHOW COLUMNS FROM `clientes`
		     5 Query	SHOW COLUMNS FROM `proveedores`
251202 18:42:58	     5 Quit	
251202 18:59:01	     6 Connect	test@localhost on practica using TCP/IP
		     6 Query	SET NAMES utf8mb4
		     6 Query	SET autocommit=0
		     6 Query	SET autocommit=1
		     6 Query	SELECT VERSION(),
                       @@sql_mode,
                       @@default_storage_engine,
                       @@sql_auto_is_null,
                       @@lower_case_table_names,
                       CONVERT_TZ('2001-01-01 01:00:00', 'UTC', 'UTC') IS NOT NULL
		     6 Query	SET SESSION TRANSACTION ISOLATION LEVEL READ COMMITTED
		     6 Query	SHOW TABLES
		     6 Query	SHOW TABLES
		     6 Query	SHOW COLUMNS FROM `ventas`
		     6 Query	SHOW COLUMNS FROM `proveedores`
		     6 Query	SHOW COLUMNS FROM `tiendas`
		     6 Query	SHOW COLUMNS FROM `pesos`
		     6 Query	SHOW COLUMNS FROM `clientes`
		     6 Query	SHOW COLUMNS FROM `articulos`
		     6 Quit	
251202 19:00:18	     7 Connect	test@localhost on practica using TCP/IP
		     7 Query	SET NAMES utf8mb4
		     7 Query	SET autocommit=0
		     7 Query	SET autocommit=1
		     7 Query	SELECT VERSION(),
                       @@sql_mode,
                       @@default_storage_engine,
                       @@sql_auto_is_null,
                       @@lower_case_table_names,
                       CONVERT_TZ('2001-01-01 01:00:00', 'UTC', 'UTC') IS NOT NULL
		     7 Query	SET SESSION TRANSACTION ISOLATION LEVEL READ COMMITTED
		     7 Query	SHOW TABLES
		     7 Query	SHOW TABLES
		     7 Query	SHOW COLUMNS FROM `proveedores`
		     7 Query	SHOW COLUMNS FROM `ventas`
		     7 Query	SHOW COLUMNS FROM `clientes`
		     7 Query	SHOW COLUMNS FROM `articulos`
		     7 Query	SHOW COLUMNS FROM `tiendas`
		     7 Query	SHOW COLUMNS FROM `pesos`
251202 19:00:19	     7 Quit	
251202 19:13:41	     8 Connect	test@localhost on practica using TCP/IP
		     8 Query	SET NAMES utf8mb4
		     8 Query	SET autocommit=0
		     8 Query	SET autocommit=1
		     8 Query	SELECT VERSION(),
                       @@sql_mode,
                       @@default_storage_engine,
                       @@sql_auto_is_null,
                       @@lower_case_table_names,
                       CONVERT_TZ('2001-01-01 01:00:00', 'UTC', 'UTC') IS NOT NULL
		     8 Query	SET SESSION TRANSACTION ISOLATION LEVEL READ COMMITTED
		     8 Query	SHOW TABLES
		     8 Query	SHOW TABLES
		     8 Query	SHOW COLUMNS FROM `ventas`
		     8 Query	SHOW COLUMNS FROM `tiendas`
		     8 Query	SHOW COLUMNS FROM `proveedores`
		     8 Query	SHOW COLUMNS FROM `clientes`
		     8 Query	SHOW COLUMNS FROM `articulos`
		     8 Query	SHOW COLUMNS FROM `pesos`
251202 19:13:42	     8 Quit	
251202 19:15:53	     9 Connect	test@localhost on practica using TCP/IP
		     9 Query	SET NAMES utf8mb4
		     9 Query	SET autocommit=0
		     9 Query	SET autocommit=1
		     9 Query	SELECT VERSION(),
                       @@sql_mode,
                       @@default_storage_engine,
                       @@sql_auto_is_null,
                       @@lower_case_table_names,
                       CONVERT_TZ('2001-01-01 01:00:00', 'UTC', 'UTC') IS NOT NULL
		     9 Query	SET SESSION TRANSACTION ISOLATION LEVEL READ COMMITTED
		     9 Query	SHOW TABLES
		     9 Query	SHOW TABLES
		     9 Query	SHOW COLUMNS FROM `tiendas`
		     9 Query	SHOW COLUMNS FROM `proveedores`
		     9 Query	SHOW COLUMNS FROM `articulos`
		     9 Query	SHOW COLUMNS FROM `pesos`
		     9 Query	SHOW COLUMNS FROM `clientes`
		     9 Query	SHOW COLUMNS FROM `ventas`
		     9 Quit	
251202 19:18:14	    10 Connect	test@localhost on practica using TCP/IP
		    10 Query	SET NAMES utf8mb4
		    10 Query	SET autocommit=0
		    10 Query	SET autocommit=1
		    10 Query	SELECT VERSION(),
                       @@sql_mode,
                       @@default_storage_engine,
                       @@sql_auto_is_null,
                       @@lower_case_table_names,
                       CONVERT_TZ('2001-01-01 01:00:00', 'UTC', 'UTC') IS NOT NULL
		    10 Query	SET SESSION TRANSACTION ISOLATION LEVEL READ COMMITTED
		    10 Query	SHOW TABLES
		    10 Query	SHOW TABLES
		    10 Query	SHOW COLUMNS FROM `articulos`
		    10 Query	SHOW COLUMNS FROM `ventas`
		    10 Query	SHOW COLUMNS FROM `clientes`
		    10 Query	SHOW COLUMNS FROM `tiendas`
		    10 Query	SHOW COLUMNS FROM `proveedores`
		    10 Query	SHOW COLUMNS FROM `pesos`
		    10 Quit	
251202 19:19:40	    11 Connect	test@localhost on practica using TCP/IP
		    11 Query	SET NAMES utf8mb4
		    11 Query	SET autocommit=0
		    11 Query	SET autocommit=1
		    11 Query	SELECT VERSION(),
                       @@sql_mode,
                       @@default_storage_engine,
                       @@sql_auto_is_null,
                       @@lower_case_table_names,
                       CONVERT_TZ('2001-01-01 01:00:00', 'UTC', 'UTC') IS NOT NULL
		    11 Query	SET SESSION TRANSACTION ISOLATION LEVEL READ COMMITTED
		    11 Query	SHOW TABLES
		    11 Query	SHOW TABLES
		    11 Query	SHOW COLUMNS FROM `clientes`
		    11 Query	SHOW COLUMNS FROM `pesos`
		    11 Query	SHOW COLUMNS FROM `articulos`
		    11 Query	SHOW COLUMNS FROM `tiendas`
		    11 Query	SHOW COLUMNS FROM `proveedores`
		    11 Query	SHOW COLUMNS FROM `ventas`
		    11 Quit	
251202 19:26:15	    12 Connect	test@localhost on practica using TCP/IP
		    12 Query	SET NAMES utf8mb4
		    12 Query	SET autocommit=0
		    12 Query	SET autocommit=1
		    12 Query	SELECT VERSION(),
                       @@sql_mode,
                       @@default_storage_engine,
                       @@sql_auto_is_null,
                       @@lower_case_table_names,
                       CONVERT_TZ('2001-01-01 01:00:00', 'UTC', 'UTC') IS NOT NULL
		    12 Query	SET SESSION TRANSACTION ISOLATION LEVEL READ COMMITTED
		    12 Query	SHOW TABLES
		    12 Query	SHOW TABLES
		    12 Query	SHOW COLUMNS FROM `ventas`
		    12 Query	SHOW COLUMNS FROM `articulos`
		    12 Query	SHOW COLUMNS FROM `tiendas`
		    12 Query	SHOW COLUMNS FROM `clientes`
		    12 Query	SHOW COLUMNS FROM `pesos`
		    12 Query	SHOW COLUMNS FROM `proveedores`
		    12 Quit	
251202 19:33:48	    13 Connect	test@localhost on practica using TCP/IP
		    13 Query	SET NAMES utf8mb4
		    13 Query	SET autocommit=0
		    13 Query	SET autocommit=1
		    13 Query	SELECT VERSION(),
                       @@sql_mode,
                       @@default_storage_engine,
                       @@sql_auto_is_null,
                       @@lower_case_table_names,
                       CONVERT_TZ('2001-01-01 01:00:00', 'UTC', 'UTC') IS NOT NULL
		    13 Query	SET SESSION TRANSACTION ISOLATION LEVEL READ COMMITTED
		    13 Query	SHOW TABLES
		    13 Query	SHOW TABLES
		    13 Query	SHOW COLUMNS FROM `pesos`
		    13 Query	SHOW COLUMNS FROM `articulos`
		    13 Query	SHOW COLUMNS FROM `tiendas`
		    13 Query	SHOW COLUMNS FROM `ventas`
		    13 Query	SHOW COLUMNS FROM `proveedores`
		    13 Query	SHOW COLUMNS FROM `clientes`
		    13 Quit	
C:\Program Files\MariaDB 10.6\bin\mysqld.exe, Version: 10.6.24-MariaDB-log (MariaDB Server). started with:
TCP Port: 3306, Named Pipe: C:/xampp/mysql/mysql.sock
Time		    Id Command	Argument
251202 23:17:10	     3 Connect	test@localhost on practica using TCP/IP
		     3 Query	SET NAMES utf8mb4
		     3 Query	SET autocommit=0
		     3 Query	SET autocommit=1
		     3 Query	SELECT VERSION(),
                       @@sql_mode,
                       @@default_storage_engine,
                       @@sql_auto_is_null,
                       @@lower_case_table_names,
                       CONVERT_TZ('2001-01-01 01:00:00', 'UTC', 'UTC') IS NOT NULL
		     3 Query	SET SESSION TRANSACTION ISOLATION LEVEL READ COMMITTED
		     3 Query	SHOW TABLES
251202 23:17:11	     3 Query	SHOW TABLES
		     3 Query	SHOW COLUMNS FROM `ventas`
		     3 Query	SHOW COLUMNS FROM `proveedores`
		     3 Query	SHOW COLUMNS FROM `articulos`
		     3 Query	SHOW COLUMNS FROM `tiendas`
		     3 Query	SHOW COLUMNS FROM `clientes`
		     3 Query	SHOW COLUMNS FROM `pesos`
		     3 Quit	
251202 23:18:35	     4 Connect	test@localhost on practica using TCP/IP
		     4 Query	SET NAMES utf8mb4
		     4 Query	SET autocommit=0
		     4 Query	SET autocommit=1
		     4 Query	SELECT VERSION(),
                       @@sql_mode,
                       @@default_storage_engine,
                       @@sql_auto_is_null,
                       @@lower_case_table_names,
                       CONVERT_TZ('2001-01-01 01:00:00', 'UTC', 'UTC') IS NOT NULL
		     4 Query	SET SESSION TRANSACTION ISOLATION LEVEL READ COMMITTED
		     4 Query	SHOW TABLES
		     4 Query	SHOW TABLES
		     4 Query	SHOW COLUMNS FROM `articulos`
		     4 Query	SHOW COLUMNS FROM `proveedores`
		     4 Query	SHOW COLUMNS FROM `ventas`
		     4 Query	SHOW COLUMNS FROM `pesos`
		     4 Query	SHOW COLUMNS FROM `tiendas`
		     4 Query	SHOW COLUMNS FROM `clientes`
		     4 Quit	
251202 23:19:47	     5 Connect	test@localhost on practica using TCP/IP
		     5 Query	SET NAMES utf8mb4
		     5 Query	SET autocommit=0
		     5 Query	SET autocommit=1
		     5 Query	SELECT VERSION(),
                       @@sql_mode,
                       @@default_storage_engine,
                       @@sql_auto_is_null,
                       @@lower_case_table_names,
                       CONVERT_TZ('2001-01-01 01:00:00', 'UTC', 'UTC') IS NOT NULL
		     5 Query	SET SESSION TRANSACTION ISOLATION LEVEL READ COMMITTED
		     5 Query	SHOW TABLES
		     5 Query	SHOW TABLES
		     5 Query	SHOW COLUMNS FROM `articulos`
		     5 Query	SHOW COLUMNS FROM `clientes`
		     5 Query	SHOW COLUMNS FROM `tiendas`
		     5 Query	SHOW COLUMNS FROM `pesos`
		     5 Query	SHOW COLUMNS FROM `ventas`
		     5 Query	SHOW COLUMNS FROM `proveedores`
		     5 Quit	
251202 23:24:24	     6 Connect	test@localhost on practica using TCP/IP
		     6 Query	SET NAMES utf8mb4
		     6 Query	SET autocommit=0
		     6 Query	SET autocommit=1
		     6 Query	SELECT VERSION(),
                       @@sql_mode,
                       @@default_storage_engine,
                       @@sql_auto_is_null,
                       @@lower_case_table_names,
                       CONVERT_TZ('2001-01-01 01:00:00', 'UTC', 'UTC') IS NOT NULL
		     6 Query	SET SESSION TRANSACTION ISOLATION LEVEL READ COMMITTED
		     6 Query	SHOW TABLES
		     6 Query	SHOW TABLES
		     6 Query	SHOW COLUMNS FROM `ventas`
		     6 Query	SHOW COLUMNS FROM `articulos`
		     6 Query	SHOW COLUMNS FROM `clientes`
		     6 Query	SHOW COLUMNS FROM `tiendas`
		     6 Query	SHOW COLUMNS FROM `proveedores`
		     6 Query	SHOW COLUMNS FROM `pesos`
		     6 Quit	
251202 23:53:11	     7 Connect	test@localhost on practica using TCP/IP
		     7 Query	SET NAMES utf8mb4
		     7 Query	SET autocommit=0
		     7 Query	SET autocommit=1
		     7 Query	SELECT VERSION(),
                       @@sql_mode,
                       @@default_storage_engine,
                       @@sql_auto_is_null,
                       @@lower_case_table_names,
                       CONVERT_TZ('2001-01-01 01:00:00', 'UTC', 'UTC') IS NOT NULL
		     7 Query	SET SESSION TRANSACTION ISOLATION LEVEL READ COMMITTED
		     7 Query	SHOW TABLES
		     7 Query	SHOW TABLES
		     7 Query	SHOW COLUMNS FROM `tiendas`
		     7 Query	SHOW COLUMNS FROM `pesos`
		     7 Query	SHOW COLUMNS FROM `ventas`
		     7 Query	SHOW COLUMNS FROM `articulos`
		     7 Query	SHOW COLUMNS FROM `clientes`
		     7 Query	SHOW COLUMNS FROM `proveedores`
		     7 Quit	
251202 23:56:07	     8 Connect	test@localhost on practica using TCP/IP
		     8 Query	SET NAMES utf8mb4
		     8 Query	SET autocommit=0
		     8 Query	SET autocommit=1
		     8 Query	SELECT VERSION(),
                       @@sql_mode,
                       @@default_storage_engine,
                       @@sql_auto_is_null,
                       @@lower_case_table_names,
                       CONVERT_TZ('2001-01-01 01:00:00', 'UTC', 'UTC') IS NOT NULL
		     8 Query	SET SESSION TRANSACTION ISOLATION LEVEL READ COMMITTED
		     8 Query	SHOW TABLES
		     8 Query	SHOW TABLES
		     8 Query	SHOW COLUMNS FROM `proveedores`
		     8 Query	SHOW COLUMNS FROM `clientes`
		     8 Query	SHOW COLUMNS FROM `articulos`
		     8 Query	SHOW COLUMNS FROM `ventas`
		     8 Query	SHOW COLUMNS FROM `pesos`
		     8 Query	SHOW COLUMNS FROM `tiendas`
		     8 Quit	
251202 23:58:01	     9 Connect	test@localhost on practica using TCP/IP
		     9 Query	SET NAMES utf8mb4
		     9 Query	SET autocommit=0
		     9 Query	SET autocommit=1
		     9 Query	SELECT VERSION(),
                       @@sql_mode,
                       @@default_storage_engine,
                       @@sql_auto_is_null,
                       @@lower_case_table_names,
                       CONVERT_TZ('2001-01-01 01:00:00', 'UTC', 'UTC') IS NOT NULL
		     9 Query	SET SESSION TRANSACTION ISOLATION LEVEL READ COMMITTED
		     9 Query	SHOW TABLES
		     9 Query	SHOW TABLES
		     9 Query	SHOW COLUMNS FROM `ventas`
		     9 Query	SHOW COLUMNS FROM `tiendas`
		     9 Query	SHOW COLUMNS FROM `clientes`
		     9 Query	SHOW COLUMNS FROM `proveedores`
		     9 Query	SHOW COLUMNS FROM `articulos`
		     9 Query	SHOW COLUMNS FROM `pesos`
251202 23:58:02	     9 Quit	
251203 16:09:36	    10 Connect	test@localhost on practica using TCP/IP
		    10 Query	SET NAMES utf8mb4
		    10 Query	SET autocommit=0
		    10 Query	SET autocommit=1
		    10 Query	SELECT VERSION(),
                       @@sql_mode,
                       @@default_storage_engine,
                       @@sql_auto_is_null,
                       @@lower_case_table_names,
                       CONVERT_TZ('2001-01-01 01:00:00', 'UTC', 'UTC') IS NOT NULL
		    10 Query	SET SESSION TRANSACTION ISOLATION LEVEL READ COMMITTED
		    10 Query	SHOW TABLES
		    10 Query	SHOW TABLES
		    10 Query	SHOW COLUMNS FROM `clientes`
		    10 Query	SHOW COLUMNS FROM `ventas`
		    10 Query	SHOW COLUMNS FROM `proveedores`
		    10 Query	SHOW COLUMNS FROM `pesos`
		    10 Query	SHOW COLUMNS FROM `articulos`
		    10 Query	SHOW COLUMNS FROM `tiendas`
251203 16:09:37	    10 Quit	
251203 16:11:53	    11 Connect	test@localhost on practica using TCP/IP
		    11 Query	SET NAMES utf8mb4
		    11 Query	SET autocommit=0
		    11 Query	SET autocommit=1
		    11 Query	SELECT VERSION(),
                       @@sql_mode,
                       @@default_storage_engine,
                       @@sql_auto_is_null,
                       @@lower_case_table_names,
                       CONVERT_TZ('2001-01-01 01:00:00', 'UTC', 'UTC') IS NOT NULL
		    11 Query	SET SESSION TRANSACTION ISOLATION LEVEL READ COMMITTED
		    11 Query	SHOW TABLES
		    11 Query	SHOW TABLES
		    11 Query	SHOW COLUMNS FROM `clientes`
		    11 Query	SHOW COLUMNS FROM `tiendas`
		    11 Query	SHOW COLUMNS FROM `pesos`
		    11 Query	SHOW COLUMNS FROM `articulos`
		    11 Query	SHOW COLUMNS FROM `ventas`
		    11 Query	SHOW COLUMNS FROM `proveedores`
		    11 Quit	
251204 14:19:06	    12 Connect	ana@localhost on  using TCP/IP
		    12 Query	select @@version_comment limit 1
251204 14:42:48	    12 Quit	
251204 14:43:03	    13 Connect	test@localhost on practica using TCP/IP
		    13 Query	SET NAMES utf8mb4
		    13 Query	SET autocommit=0
		    13 Query	SET autocommit=1
		    13 Query	SELECT VERSION(),
                       @@sql_mode,
                       @@default_storage_engine,
                       @@sql_auto_is_null,
                       @@lower_case_table_names,
                       CONVERT_TZ('2001-01-01 01:00:00', 'UTC', 'UTC') IS NOT NULL
251204 14:43:04	    13 Query	SET SESSION TRANSACTION ISOLATION LEVEL READ COMMITTED
		    13 Query	SHOW TABLES
		    13 Query	SHOW TABLES
		    13 Query	SHOW COLUMNS FROM `clientes`
		    13 Query	SHOW COLUMNS FROM `proveedores`
		    13 Query	SHOW COLUMNS FROM `ventas`
		    13 Query	SHOW COLUMNS FROM `tiendas`
		    13 Query	SHOW COLUMNS FROM `pesos`
		    13 Query	SHOW COLUMNS FROM `articulos`
		    13 Quit	
251205  0:07:36	    14 Connect	test@localhost on practica using TCP/IP
		    14 Query	SET NAMES utf8mb4
		    14 Query	SET autocommit=0
		    14 Query	SET autocommit=1
		    14 Query	SELECT VERSION(),
                       @@sql_mode,
                       @@default_storage_engine,
                       @@sql_auto_is_null,
                       @@lower_case_table_names,
                       CONVERT_TZ('2001-01-01 01:00:00', 'UTC', 'UTC') IS NOT NULL
		    14 Query	SET SESSION TRANSACTION ISOLATION LEVEL READ COMMITTED
		    14 Query	SHOW TABLES
		    14 Query	SHOW TABLES
		    14 Query	SHOW COLUMNS FROM `pesos`
		    14 Query	SHOW COLUMNS FROM `ventas`
		    14 Query	SHOW COLUMNS FROM `tiendas`
		    14 Query	SHOW COLUMNS FROM `articulos`
		    14 Query	SHOW COLUMNS FROM `clientes`
		    14 Query	SHOW COLUMNS FROM `proveedores`
		    14 Quit	251205 14:47:56	    15 Connect	ana@localhost on  using TCP/IP
		    15 Query	select @@version_comment limit 1
251205 14:47:58	    15 Query	SELECT DATABASE()
		    15 Init DB	practica
251205 14:48:26	    15 Query	SELECT 
    v.VNT_FCH,
    c.CLT_NOM AS Cliente,
    c.CLT_APELL AS Apellidos,
    a.ART_NOM AS Articulo,
    p.PRV_NOM AS Proveedor,
    t.TDA_POB AS Tienda,
    v.VNT_CANT,
    v.VNT_PRECIO
FROM ventas v
JOIN clientes c ON v.VNT_CLT = c.CLT_NUM
JOIN articulos a ON v.VNT_ART = a.ART_NUM
LEFT JOIN proveedores p ON a.ART_PRV = p.PRV_NUM
JOIN tiendas t ON v.VNT_TDA = t.TDA_NUM
251205 14:48:59	    16 Connect	test@localhost on practica using TCP/IP
		    16 Query	SET NAMES utf8mb4
		    16 Query	SET autocommit=0
		    16 Query	SET autocommit=1
		    16 Query	SELECT VERSION(),
                       @@sql_mode,
                       @@default_storage_engine,
                       @@sql_auto_is_null,
                       @@lower_case_table_names,
                       CONVERT_TZ('2001-01-01 01:00:00', 'UTC', 'UTC') IS NOT NULL
		    16 Query	SET SESSION TRANSACTION ISOLATION LEVEL READ COMMITTED
		    16 Query	SHOW TABLES
		    16 Query	SHOW TABLES
		    16 Query	SHOW COLUMNS FROM `clientes`
		    16 Query	SHOW COLUMNS FROM `pesos`
		    16 Query	SHOW COLUMNS FROM `tiendas`
		    16 Query	SHOW COLUMNS FROM `proveedores`
		    16 Query	SHOW COLUMNS FROM `ventas`
		    16 Query	SHOW COLUMNS FROM `articulos`
		    16 Quit	
251205 14:55:47	    15 Query	select v.VNT_FCH, c.CLT_NOM as CLiente, c.CLT_APELL as apellidos, a.ART_NOM as articulo, p.PRV_NOM as proveedor, t.TDA_POB as tienda, v.VNT_CANT, v.VNT_PRECIO from ventas v join clientes c ON v.VNT_CLT = c.CLT_NUM join articulos a ON v.VNT_ART = a.ART_NUM LEFT JOIN proveedores p ON a.ART_PRV = p.PRV_NUM join tiendas t on v.VNT_TDA = t.TDA_NUM
251205 14:58:42	    17 Connect	test@localhost on practica using TCP/IP
		    17 Query	SET NAMES utf8mb4
		    17 Query	SET autocommit=0
		    17 Query	SET autocommit=1
		    17 Query	SELECT VERSION(),
                       @@sql_mode,
                       @@default_storage_engine,
                       @@sql_auto_is_null,
                       @@lower_case_table_names,
                       CONVERT_TZ('2001-01-01 01:00:00', 'UTC', 'UTC') IS NOT NULL
		    17 Query	SET SESSION TRANSACTION ISOLATION LEVEL READ COMMITTED
		    17 Query	SHOW TABLES
		    17 Query	SHOW TABLES
		    17 Query	SHOW COLUMNS FROM `proveedores`
		    17 Query	SHOW COLUMNS FROM `clientes`
		    17 Query	SHOW COLUMNS FROM `tiendas`
		    17 Query	SHOW COLUMNS FROM `articulos`
		    17 Query	SHOW COLUMNS FROM `ventas`
		    17 Query	SHOW COLUMNS FROM `pesos`
251205 14:58:43	    17 Quit	
251205 15:00:59	    15 Quit	
251205 15:31:27	    18 Connect	test@localhost on practica using TCP/IP
		    18 Query	SET NAMES utf8mb4
		    18 Query	SET autocommit=0
		    18 Query	SET autocommit=1
		    18 Query	SELECT VERSION(),
                       @@sql_mode,
                       @@default_storage_engine,
                       @@sql_auto_is_null,
                       @@lower_case_table_names,
                       CONVERT_TZ('2001-01-01 01:00:00', 'UTC', 'UTC') IS NOT NULL
		    18 Query	SET SESSION TRANSACTION ISOLATION LEVEL READ COMMITTED
		    18 Query	SHOW TABLES
		    18 Query	SHOW TABLES
		    18 Query	SHOW COLUMNS FROM `clientes`
		    18 Query	SHOW COLUMNS FROM `pesos`
		    18 Query	SHOW COLUMNS FROM `ventas`
		    18 Query	SHOW COLUMNS FROM `tiendas`
		    18 Query	SHOW COLUMNS FROM `articulos`
		    18 Query	SHOW COLUMNS FROM `proveedores`
		    18 Quit	
251205 16:15:59	    19 Connect	test@localhost on practica using TCP/IP
		    19 Query	SET NAMES utf8mb4
		    19 Query	SET autocommit=0
		    19 Query	SET autocommit=1
		    19 Query	SELECT VERSION(),
                       @@sql_mode,
                       @@default_storage_engine,
                       @@sql_auto_is_null,
                       @@lower_case_table_names,
                       CONVERT_TZ('2001-01-01 01:00:00', 'UTC', 'UTC') IS NOT NULL
		    19 Query	SET SESSION TRANSACTION ISOLATION LEVEL READ COMMITTED
		    19 Query	SHOW TABLES
		    19 Query	SHOW TABLES
		    19 Query	SHOW COLUMNS FROM `proveedores`
		    19 Query	SHOW COLUMNS FROM `articulos`
		    19 Query	SHOW COLUMNS FROM `tiendas`
		    19 Query	SHOW COLUMNS FROM `pesos`
		    19 Query	SHOW COLUMNS FROM `clientes`
		    19 Query	SHOW COLUMNS FROM `ventas`
251205 16:16:00	    19 Quit	
251205 16:16:55	    20 Connect	ana@localhost on  using TCP/IP
		    20 Query	select @@version_comment limit 1
251205 16:17:00	    20 Query	SELECT DATABASE()
		    20 Init DB	practica
251205 16:17:02	    20 Query	SELECT 
    v.VNT_FCH,
    c.CLT_NOM AS Cliente,
    c.CLT_APELL AS Apellidos,
    a.ART_NOM AS Articulo,
    p.PRV_NOM AS Proveedor,
    t.TDA_POB AS Tienda,
    v.VNT_CANT,
    v.VNT_PRECIO
FROM ventas v
JOIN clientes c ON v.VNT_CLT = c.CLT_NUM
JOIN articulos a ON v.VNT_ART = a.ART_NUM
LEFT JOIN proveedores p ON a.ART_PRV = p.PRV_NUM
JOIN tiendas t ON v.VNT_TDA = t.TDA_NUM
251205 16:18:19	    20 Query	SELECT v.VNT_FCH, c.CLT_NOM AS Cliente, c.CLT_APELL AS Apellidos, a.ART_NOM AS Articulo, p.PRV_NOM AS Proveedor, t.TDA_POB AS Tienda, v.VNT_CANT, v.VNT_PRECIO FROM ventas v JOIN clientes c ON v.VNT_CLT = c.CLT_NUM JOIN articulos a ON v.VNT_ART = a.ART_NUM LEFT JOIN proveedores p ON a.ART_PRV = p.PRV_NUM JOIN tiendas t ON v.VNT_TDA = t.TDA_NUM
251205 16:20:26	    20 Quit	
251205 18:27:46	    21 Connect	test@localhost on practica using TCP/IP
		    21 Query	SET NAMES utf8mb4
		    21 Query	SET autocommit=0
		    21 Query	SET autocommit=1
		    21 Query	SELECT VERSION(),
                       @@sql_mode,
                       @@default_storage_engine,
                       @@sql_auto_is_null,
                       @@lower_case_table_names,
                       CONVERT_TZ('2001-01-01 01:00:00', 'UTC', 'UTC') IS NOT NULL
		    21 Query	SET SESSION TRANSACTION ISOLATION LEVEL READ COMMITTED
		    21 Query	SHOW TABLES
		    21 Query	SHOW TABLES
		    21 Query	SHOW COLUMNS FROM `articulos`
		    21 Query	SHOW COLUMNS FROM `tiendas`
		    21 Query	SHOW COLUMNS FROM `clientes`
		    21 Query	SHOW COLUMNS FROM `ventas`
		    21 Query	SHOW COLUMNS FROM `proveedores`
		    21 Query	SHOW COLUMNS FROM `pesos`
251205 18:27:47	    21 Quit	
251205 18:34:59	    22 Connect	test@localhost on practica using TCP/IP
		    22 Query	SET NAMES utf8mb4
		    22 Query	SET autocommit=0
		    22 Query	SET autocommit=1
		    22 Query	SELECT VERSION(),
                       @@sql_mode,
                       @@default_storage_engine,
                       @@sql_auto_is_null,
                       @@lower_case_table_names,
                       CONVERT_TZ('2001-01-01 01:00:00', 'UTC', 'UTC') IS NOT NULL
		    22 Query	SET SESSION TRANSACTION ISOLATION LEVEL READ COMMITTED
		    22 Query	SHOW TABLES
		    22 Query	SHOW TABLES
		    22 Query	SHOW COLUMNS FROM `articulos`
		    22 Query	SHOW COLUMNS FROM `ventas`
		    22 Query	SHOW COLUMNS FROM `pesos`
		    22 Query	SHOW COLUMNS FROM `clientes`
		    22 Query	SHOW COLUMNS FROM `tiendas`
		    22 Query	SHOW COLUMNS FROM `proveedores`
251205 18:35:00	    22 Quit	
251205 19:26:07	    23 Connect	test@localhost on practica using TCP/IP
		    23 Query	SET NAMES utf8mb4
		    23 Query	SET autocommit=0
		    23 Query	SET autocommit=1
		    23 Query	SELECT VERSION(),
                       @@sql_mode,
                       @@default_storage_engine,
                       @@sql_auto_is_null,
                       @@lower_case_table_names,
                       CONVERT_TZ('2001-01-01 01:00:00', 'UTC', 'UTC') IS NOT NULL
		    23 Query	SET SESSION TRANSACTION ISOLATION LEVEL READ COMMITTED
		    23 Query	SHOW TABLES
		    23 Query	SHOW TABLES
		    23 Query	SHOW COLUMNS FROM `tiendas`
		    23 Query	SHOW COLUMNS FROM `proveedores`
		    23 Query	SHOW COLUMNS FROM `pesos`
		    23 Query	SHOW COLUMNS FROM `clientes`
		    23 Query	SHOW COLUMNS FROM `articulos`
		    23 Query	SHOW COLUMNS FROM `ventas`
251205 19:26:08	    23 Quit	
251208 18:31:44	    24 Connect	test@localhost on practica using TCP/IP
		    24 Query	SET NAMES utf8mb4
		    24 Query	SET autocommit=0
		    24 Query	SET autocommit=1
		    24 Query	SELECT VERSION(),
                       @@sql_mode,
                       @@default_storage_engine,
                       @@sql_auto_is_null,
                       @@lower_case_table_names,
                       CONVERT_TZ('2001-01-01 01:00:00', 'UTC', 'UTC') IS NOT NULL
		    24 Query	SET SESSION TRANSACTION ISOLATION LEVEL READ COMMITTED
		    24 Query	SHOW TABLES
		    24 Query	SHOW TABLES
		    24 Query	SHOW COLUMNS FROM `ventas`
		    24 Query	SHOW COLUMNS FROM `proveedores`
		    24 Query	SHOW COLUMNS FROM `clientes`
		    24 Query	SHOW COLUMNS FROM `pesos`
		    24 Query	SHOW COLUMNS FROM `tiendas`
		    24 Query	SHOW COLUMNS FROM `articulos`
		    24 Quit	
251208 19:06:06	    25 Connect	test@localhost on practica using TCP/IP
		    25 Query	SET NAMES utf8mb4
		    25 Query	SET autocommit=0
		    25 Query	SET autocommit=1
		    25 Query	SELECT VERSION(),
                       @@sql_mode,
                       @@default_storage_engine,
                       @@sql_auto_is_null,
                       @@lower_case_table_names,
                       CONVERT_TZ('2001-01-01 01:00:00', 'UTC', 'UTC') IS NOT NULL
		    25 Query	SET SESSION TRANSACTION ISOLATION LEVEL READ COMMITTED
		    25 Query	SHOW TABLES
		    25 Query	SHOW TABLES
		    25 Query	SHOW COLUMNS FROM `clientes`
		    25 Query	SHOW COLUMNS FROM `proveedores`
		    25 Query	SHOW COLUMNS FROM `tiendas`
		    25 Query	SHOW COLUMNS FROM `articulos`
		    25 Query	SHOW COLUMNS FROM `ventas`
		    25 Query	SHOW COLUMNS FROM `pesos`
251208 19:06:07	    25 Quit	
C:\Program Files\MariaDB 10.6\bin\mysqld.exe, Version: 10.6.24-MariaDB-log (MariaDB Server). started with:
TCP Port: 3306, Named Pipe: C:/xampp/mysql/mysql.sock
Time		    Id Command	Argument
251208 20:26:26	     3 Connect	test@localhost on practica using TCP/IP
		     3 Query	SET NAMES utf8mb4
		     3 Query	SET autocommit=0
		     3 Query	SET autocommit=1
		     3 Query	SELECT VERSION(),
                       @@sql_mode,
                       @@default_storage_engine,
                       @@sql_auto_is_null,
                       @@lower_case_table_names,
                       CONVERT_TZ('2001-01-01 01:00:00', 'UTC', 'UTC') IS NOT NULL
		     3 Query	SET SESSION TRANSACTION ISOLATION LEVEL READ COMMITTED
		     3 Query	SHOW TABLES
		     3 Query	SHOW TABLES
		     3 Query	SHOW COLUMNS FROM `tiendas`
		     3 Query	SHOW COLUMNS FROM `clientes`
251208 20:26:27	     3 Query	SHOW COLUMNS FROM `ventas`
		     3 Query	SHOW COLUMNS FROM `articulos`
		     3 Query	SHOW COLUMNS FROM `pesos`
		     3 Query	SHOW COLUMNS FROM `proveedores`
251208 20:31:23	     4 Connect	test@localhost on practica using TCP/IP
		     4 Query	SET NAMES utf8mb4
		     4 Query	SET autocommit=0
		     4 Query	SET autocommit=1
		     4 Query	SELECT VERSION(),
                       @@sql_mode,
                       @@default_storage_engine,
                       @@sql_auto_is_null,
                       @@lower_case_table_names,
                       CONVERT_TZ('2001-01-01 01:00:00', 'UTC', 'UTC') IS NOT NULL
		     4 Query	SET SESSION TRANSACTION ISOLATION LEVEL READ COMMITTED
		     4 Query	SHOW TABLES
		     4 Query	SHOW TABLES
		     4 Query	SHOW COLUMNS FROM `proveedores`
		     4 Query	SHOW COLUMNS FROM `articulos`
		     4 Query	SHOW COLUMNS FROM `pesos`
		     4 Query	SHOW COLUMNS FROM `clientes`
		     4 Query	SHOW COLUMNS FROM `ventas`
		     4 Query	SHOW COLUMNS FROM `tiendas`
		     4 Quit	
251208 20:32:58	     5 Connect	test@localhost on practica using TCP/IP
		     5 Query	SET NAMES utf8mb4
		     5 Query	SET autocommit=0
		     5 Query	SET autocommit=1
		     5 Query	SELECT VERSION(),
                       @@sql_mode,
                       @@default_storage_engine,
                       @@sql_auto_is_null,
                       @@lower_case_table_names,
                       CONVERT_TZ('2001-01-01 01:00:00', 'UTC', 'UTC') IS NOT NULL
		     5 Query	SET SESSION TRANSACTION ISOLATION LEVEL READ COMMITTED
		     5 Query	SHOW TABLES
		     5 Query	SHOW TABLES
		     5 Query	SHOW COLUMNS FROM `tiendas`
		     5 Query	SHOW COLUMNS FROM `clientes`
		     5 Query	SHOW COLUMNS FROM `articulos`
		     5 Query	SHOW COLUMNS FROM `proveedores`
		     5 Query	SHOW COLUMNS FROM `pesos`
		     5 Query	SHOW COLUMNS FROM `ventas`
251208 20:32:59	     5 Quit	
251208 20:34:39	     6 Connect	test@localhost on practica using TCP/IP
		     6 Query	SET NAMES utf8mb4
		     6 Query	SET autocommit=0
		     6 Query	SET autocommit=1
		     6 Query	SELECT VERSION(),
                       @@sql_mode,
                       @@default_storage_engine,
                       @@sql_auto_is_null,
                       @@lower_case_table_names,
                       CONVERT_TZ('2001-01-01 01:00:00', 'UTC', 'UTC') IS NOT NULL
		     6 Query	SET SESSION TRANSACTION ISOLATION LEVEL READ COMMITTED
		     6 Query	SHOW TABLES
		     6 Query	SHOW TABLES
		     6 Query	SHOW COLUMNS FROM `ventas`
		     6 Query	SHOW COLUMNS FROM `pesos`
		     6 Query	SHOW COLUMNS FROM `articulos`
		     6 Query	SHOW COLUMNS FROM `tiendas`
		     6 Query	SHOW COLUMNS FROM `clientes`
		     6 Query	SHOW COLUMNS FROM `proveedores`
251208 20:45:50	     7 Connect	test@localhost on practica using TCP/IP
		     7 Query	SET NAMES utf8mb4
		     7 Query	SET autocommit=0
		     7 Query	SET autocommit=1
		     7 Query	SELECT VERSION(),
                       @@sql_mode,
                       @@default_storage_engine,
                       @@sql_auto_is_null,
                       @@lower_case_table_names,
                       CONVERT_TZ('2001-01-01 01:00:00', 'UTC', 'UTC') IS NOT NULL
		     7 Query	SET SESSION TRANSACTION ISOLATION LEVEL READ COMMITTED
		     7 Query	SHOW TABLES
		     7 Query	SHOW TABLES
		     7 Query	SHOW COLUMNS FROM `tiendas`
		     7 Query	SHOW COLUMNS FROM `clientes`
		     7 Query	SHOW COLUMNS FROM `articulos`
		     7 Query	SHOW COLUMNS FROM `ventas`
		     7 Query	SHOW COLUMNS FROM `pesos`
		     7 Query	SHOW COLUMNS FROM `proveedores`
251208 20:45:51	     7 Quit	
