260112 21:45:01	1 Connect	user1@localhost on practica using TCP/IP
260112 21:45:48	1 Query	SELECT * FROM proveedores
260112 21:47:42	1 Query	SELECT * FROM ventas
260112 21:49:37	1 Query	SHOW TABLES
260112 21:50:17	1 Quit	
260112 21:27:01	2 Connect	user2@localhost on practica using TCP/IP
260112 21:27:39	2 Query	SHOW TABLES
260112 21:29:07	2 Query	UPDATE articulos SET ART_PV = ART_PV + 1 WHERE ART_NUM = 101
260112 21:30:52	2 Query	SHOW COLUMNS FROM articulos
260112 21:32:39	2 Query	SELECT * FROM ventas
260112 21:33:02	2 Query	SHOW COLUMNS FROM articulos
260112 21:33:45	2 Quit	
260112 21:11:01	3 Connect	user3@localhost on practica using TCP/IP
260112 21:12:35	3 Query	UPDATE articulos SET ART_PV = ART_PV + 1 WHERE ART_NUM = 101
260112 21:13:19	3 Query	SELECT * FROM ventas
260112 21:13:25	3 Query	SHOW TABLES
260112 21:13:30	3 Query	UPDATE articulos SET ART_PV = ART_PV + 1 WHERE ART_NUM = 101
260112 21:14:01	3 Quit	
260112 20:44:01	4 Connect	user4@localhost on practica using TCP/IP
260112 20:45:50	4 Query	SHOW TABLES
260112 20:47:43	4 Query	SHOW COLUMNS FROM articulos
260112 20:49:06	4 Query	SELECT * FROM proveedores
260112 20:50:39	4 Query	UPDATE articulos SET ART_PV = ART_PV + 1 WHERE ART_NUM = 101
260112 20:51:12	4 Query	SELECT * FROM clientes
260112 20:51:57	4 Query	DELETE FROM ventas WHERE VNT_CANT = 0
260112 20:52:46	4 Quit	
260112 20:37:01	5 Connect	user5@localhost on practica using TCP/IP
260112 20:37:10	5 Query	SELECT * FROM clientes
260112 20:39:06	5 Query	DELETE FROM ventas WHERE VNT_CANT = 0
260112 20:39:20	5 Query	SELECT * FROM clientes
260112 20:40:03	5 Quit	
260112 20:29:01	6 Connect	user6@localhost on practica using TCP/IP
260112 20:29:17	6 Query	SELECT * FROM proveedores
260112 20:29:31	6 Query	UPDATE articulos SET ART_PV = ART_PV + 1 WHERE ART_NUM = 101
260112 20:30:23	6 Query	SELECT * FROM articulos
260112 20:31:31	6 Query	SELECT * FROM articulos
260112 20:33:00	6 Query	SELECT * FROM proveedores
260112 20:34:02	6 Query	SHOW COLUMNS FROM articulos
260112 20:34:52	6 Quit	
260112 20:15:01	7 Connect	user7@localhost on practica using TCP/IP
260112 20:16:14	7 Query	SELECT * FROM clientes
260112 20:18:02	7 Query	SELECT * FROM articulos
260112 20:19:48	7 Query	DELETE FROM ventas WHERE VNT_CANT = 0
260112 20:20:46	7 Query	SELECT * FROM ventas
260112 20:21:16	7 Quit	
260112 19:30:01	8 Connect	user8@localhost on practica using TCP/IP
260112 19:31:17	8 Query	SHOW COLUMNS FROM articulos
260112 19:32:31	8 Query	UPDATE articulos SET ART_PV = ART_PV + 1 WHERE ART_NUM = 101
260112 19:33:47	8 Query	UPDATE articulos SET ART_PV = ART_PV + 1 WHERE ART_NUM = 101
260112 19:33:54	8 Query	SHOW COLUMNS FROM articulos
260112 19:34:10	8 Query	SELECT * FROM clientes
260112 19:34:50	8 Quit	
260112 19:04:01	9 Connect	user9@localhost on practica using TCP/IP
260112 19:05:59	9 Query	SELECT * FROM clientes
260112 19:06:39	9 Query	SELECT * FROM clientes
260112 19:07:00	9 Query	UPDATE articulos SET ART_PV = ART_PV + 1 WHERE ART_NUM = 101
260112 19:07:19	9 Query	SELECT * FROM proveedores
260112 19:08:13	9 Quit	
260112 18:38:01	10 Connect	user10@localhost on practica using TCP/IP
260112 18:38:15	10 Query	SELECT * FROM proveedores
260112 18:38:48	10 Query	DELETE FROM ventas WHERE VNT_CANT = 0
260112 18:39:17	10 Query	SELECT * FROM articulos
260112 18:39:24	10 Query	SHOW TABLES
260112 18:39:46	10 Query	SELECT * FROM ventas
260112 18:40:02	10 Quit	
260112 17:54:01	11 Connect	user11@localhost on practica using TCP/IP
260112 17:54:58	11 Query	SELECT * FROM clientes
260112 17:56:15	11 Query	DELETE FROM ventas WHERE VNT_CANT = 0
260112 17:56:42	11 Quit	
260112 17:45:01	12 Connect	user12@localhost on practica using TCP/IP
260112 17:45:39	12 Query	SELECT * FROM articulos
260112 17:47:17	12 Query	SELECT * FROM ventas
260112 17:47:27	12 Query	SELECT * FROM clientes
260112 17:49:25	12 Query	SELECT * FROM ventas
260112 17:50:47	12 Query	SELECT * FROM proveedores
260112 17:51:16	12 Quit	
260112 17:25:01	13 Connect	user13@localhost on practica using TCP/IP
260112 17:26:54	13 Query	SELECT * FROM proveedores
260112 17:27:38	13 Query	SELECT * FROM ventas
260112 17:29:22	13 Query	DELETE FROM ventas WHERE VNT_CANT = 0
260112 17:30:35	13 Query	SHOW TABLES
260112 17:31:30	13 Query	SELECT * FROM proveedores
260112 17:31:57	13 Query	DELETE FROM ventas WHERE VNT_CANT = 0
260112 17:32:34	13 Quit	
260112 16:50:01	14 Connect	user14@localhost on practica using TCP/IP
260112 16:51:00	14 Query	UPDATE articulos SET ART_PV = ART_PV + 1 WHERE ART_NUM = 101
260112 16:52:16	14 Query	DELETE FROM ventas WHERE VNT_CANT = 0
260112 16:52:40	14 Query	SELECT * FROM articulos
260112 16:53:45	14 Query	SELECT * FROM ventas
260112 16:54:35	14 Quit	
260112 16:09:01	15 Connect	user15@localhost on practica using TCP/IP
260112 16:10:50	15 Query	SELECT * FROM articulos
260112 16:11:53	15 Query	SELECT * FROM clientes
260112 16:12:33	15 Query	SELECT * FROM articulos
260112 16:12:55	15 Query	DELETE FROM ventas WHERE VNT_CANT = 0
260112 16:13:11	15 Query	UPDATE articulos SET ART_PV = ART_PV + 1 WHERE ART_NUM = 101
260112 16:14:07	15 Quit	
260112 15:54:01	16 Connect	user16@localhost on practica using TCP/IP
260112 15:55:57	16 Query	DELETE FROM ventas WHERE VNT_CANT = 0
260112 15:56:59	16 Query	SELECT * FROM articulos
260112 15:57:24	16 Query	SELECT * FROM proveedores
260112 15:57:49	16 Quit	
260112 15:47:01	17 Connect	user17@localhost on practica using TCP/IP
260112 15:48:37	17 Query	SELECT * FROM articulos
260112 15:50:35	17 Query	SELECT * FROM clientes
260112 15:52:24	17 Query	SELECT * FROM articulos
260112 15:53:19	17 Query	SELECT * FROM proveedores
260112 15:54:18	17 Query	SELECT * FROM proveedores
260112 15:55:14	17 Quit	
260112 15:13:01	18 Connect	user18@localhost on practica using TCP/IP
260112 15:13:26	18 Query	SHOW TABLES
260112 15:14:01	18 Query	SHOW TABLES
260112 15:14:55	18 Query	SHOW TABLES
260112 15:15:48	18 Quit	
260112 15:08:01	19 Connect	user19@localhost on practica using TCP/IP
260112 15:09:38	19 Query	SELECT * FROM clientes
260112 15:10:15	19 Query	SELECT * FROM ventas
260112 15:11:35	19 Query	DELETE FROM ventas WHERE VNT_CANT = 0
260112 15:12:54	19 Query	SELECT * FROM ventas
260112 15:13:06	19 Quit	
260112 14:26:01	20 Connect	user20@localhost on practica using TCP/IP
260112 14:26:10	20 Query	SELECT * FROM proveedores
260112 14:27:02	20 Query	SHOW TABLES
260112 14:28:55	20 Query	SHOW COLUMNS FROM articulos
260112 14:30:37	20 Query	UPDATE articulos SET ART_PV = ART_PV + 1 WHERE ART_NUM = 101
260112 14:32:30	20 Query	SHOW COLUMNS FROM articulos
260112 14:32:46	20 Quit	
260112 13:56:01	21 Connect	user21@localhost on practica using TCP/IP
260112 13:56:29	21 Query	SELECT * FROM clientes
260112 13:57:47	21 Query	DELETE FROM ventas WHERE VNT_CANT = 0
260112 13:58:21	21 Query	SELECT * FROM ventas
260112 13:59:19	21 Query	SELECT * FROM articulos
260112 14:00:01	21 Quit	
260112 13:45:01	22 Connect	user22@localhost on practica using TCP/IP
260112 13:45:25	22 Query	SELECT * FROM proveedores
260112 13:45:51	22 Query	SELECT * FROM articulos
260112 13:47:26	22 Query	SHOW TABLES
260112 13:47:33	22 Quit	
260112 13:01:01	23 Connect	user23@localhost on practica using TCP/IP
260112 13:02:43	23 Query	DELETE FROM ventas WHERE VNT_CANT = 0
260112 13:03:23	23 Query	SELECT * FROM ventas
260112 13:03:48	23 Query	SELECT * FROM ventas
260112 13:04:28	23 Quit	
260112 12:45:01	24 Connect	user24@localhost on practica using TCP/IP
260112 12:45:28	24 Query	SELECT * FROM clientes
260112 12:45:54	24 Query	SELECT * FROM proveedores
260112 12:46:46	24 Query	UPDATE articulos SET ART_PV = ART_PV + 1 WHERE ART_NUM = 101
260112 12:48:19	24 Query	UPDATE articulos SET ART_PV = ART_PV + 1 WHERE ART_NUM = 101
260112 12:48:57	24 Quit	
260112 12:19:01	25 Connect	user25@localhost on practica using TCP/IP
260112 12:20:49	25 Query	DELETE FROM ventas WHERE VNT_CANT = 0
260112 12:21:08	25 Query	SELECT * FROM proveedores
260112 12:22:38	25 Query	UPDATE articulos SET ART_PV = ART_PV + 1 WHERE ART_NUM = 101
260112 12:24:04	25 Query	SELECT * FROM ventas
260112 12:24:22	25 Query	SELECT * FROM proveedores
260112 12:25:12	25 Quit	
260112 12:12:01	26 Connect	user26@localhost on practica using TCP/IP
260112 12:13:30	26 Query	SHOW TABLES
260112 12:14:13	26 Query	SHOW TABLES
260112 12:14:40	26 Query	SHOW COLUMNS FROM articulos
260112 12:14:50	26 Quit	
260112 11:51:01	27 Connect	user27@localhost on practica using TCP/IP
260112 11:51:19	27 Query	UPDATE articulos SET ART_PV = ART_PV + 1 WHERE ART_NUM = 101
260112 11:51:33	27 Query	SELECT * FROM ventas
260112 11:52:02	27 Query	SELECT * FROM articulos
260112 11:53:27	27 Query	SELECT * FROM articulos
260112 11:54:25	27 Quit	
260112 11:20:01	28 Connect	user28@localhost on practica using TCP/IP
260112 11:22:00	28 Query	SELECT * FROM clientes
260112 11:22:29	28 Query	SELECT * FROM proveedores
260112 11:24:24	28 Query	SELECT * FROM articulos
260112 11:25:56	28 Query	SELECT * FROM articulos
260112 11:27:50	28 Query	SELECT * FROM proveedores
260112 11:28:10	28 Query	SELECT * FROM proveedores
260112 11:28:44	28 Quit	
260112 10:54:01	29 Connect	user29@localhost on practica using TCP/IP
260112 10:54:10	29 Query	UPDATE articulos SET ART_PV = ART_PV + 1 WHERE ART_NUM = 101
260112 10:55:40	29 Query	SELECT * FROM ventas
260112 10:57:34	29 Query	SELECT * FROM clientes
260112 10:59:06	29 Query	SELECT * FROM proveedores
260112 10:59:36	29 Quit	
260112 10:17:01	30 Connect	user30@localhost on practica using TCP/IP
260112 10:18:09	30 Query	SELECT * FROM clientes
260112 10:19:25	30 Query	SELECT * FROM articulos
260112 10:21:00	30 Query	DELETE FROM ventas WHERE VNT_CANT = 0
260112 10:22:14	30 Query	DELETE FROM ventas WHERE VNT_CANT = 0
260112 10:24:00	30 Query	DELETE FROM ventas WHERE VNT_CANT = 0
260112 10:24:19	30 Query	SELECT * FROM clientes
260112 10:24:42	30 Quit	
260112 09:43:01	31 Connect	user31@localhost on practica using TCP/IP
260112 09:43:29	31 Query	SELECT * FROM ventas
260112 09:45:27	31 Query	DELETE FROM ventas WHERE VNT_CANT = 0
260112 09:47:06	31 Query	SHOW COLUMNS FROM articulos
260112 09:47:13	31 Query	SELECT * FROM clientes
260112 09:48:09	31 Quit	
260112 09:00:01	32 Connect	user32@localhost on practica using TCP/IP
260112 09:01:59	32 Query	SHOW COLUMNS FROM articulos
260112 09:03:37	32 Query	DELETE FROM ventas WHERE VNT_CANT = 0
260112 09:04:14	32 Query	SELECT * FROM proveedores
260112 09:05:17	32 Query	SELECT * FROM proveedores
260112 09:05:45	32 Quit	
260112 08:27:01	33 Connect	user33@localhost on practica using TCP/IP
260112 08:27:16	33 Query	SHOW COLUMNS FROM articulos
260112 08:28:04	33 Query	DELETE FROM ventas WHERE VNT_CANT = 0
260112 08:29:26	33 Query	DELETE FROM ventas WHERE VNT_CANT = 0
260112 08:30:57	33 Query	SHOW COLUMNS FROM articulos
260112 08:31:05	33 Query	SELECT * FROM proveedores
260112 08:31:40	33 Quit	
260112 07:58:01	34 Connect	user34@localhost on practica using TCP/IP
260112 07:59:05	34 Query	SELECT * FROM ventas
260112 08:00:05	34 Query	SELECT * FROM articulos
260112 08:00:57	34 Query	SELECT * FROM proveedores
260112 08:02:14	34 Query	DELETE FROM ventas WHERE VNT_CANT = 0
260112 08:02:33	34 Quit	
260112 07:15:01	35 Connect	user35@localhost on practica using TCP/IP
260112 07:15:17	35 Query	SHOW COLUMNS FROM articulos
260112 07:15:47	35 Query	SELECT * FROM proveedores
260112 07:16:46	35 Query	SELECT * FROM proveedores
260112 07:18:22	35 Query	UPDATE articulos SET ART_PV = ART_PV + 1 WHERE ART_NUM = 101
260112 07:18:45	35 Query	SHOW TABLES
260112 07:19:07	35 Quit	
260112 06:59:01	36 Connect	user36@localhost on practica using TCP/IP
260112 06:59:50	36 Query	SHOW COLUMNS FROM articulos
260112 07:00:28	36 Query	SHOW TABLES
260112 07:01:52	36 Query	SELECT * FROM clientes
260112 07:03:35	36 Query	UPDATE articulos SET ART_PV = ART_PV + 1 WHERE ART_NUM = 101
260112 07:04:25	36 Query	UPDATE articulos SET ART_PV = ART_PV + 1 WHERE ART_NUM = 101
260112 07:04:59	36 Quit	
260112 06:45:01	37 Connect	user37@localhost on practica using TCP/IP
260112 06:46:57	37 Query	DELETE FROM ventas WHERE VNT_CANT = 0
260112 06:47:41	37 Query	SELECT * FROM ventas
260112 06:48:14	37 Query	SHOW COLUMNS FROM articulos
260112 06:49:20	37 Query	SELECT * FROM clientes
260112 06:50:09	37 Quit	
260112 06:36:01	38 Connect	user38@localhost on practica using TCP/IP
260112 06:37:54	38 Query	SELECT * FROM clientes
260112 06:38:32	38 Query	DELETE FROM ventas WHERE VNT_CANT = 0
260112 06:39:23	38 Query	UPDATE articulos SET ART_PV = ART_PV + 1 WHERE ART_NUM = 101
260112 06:41:00	38 Query	UPDATE articulos SET ART_PV = ART_PV + 1 WHERE ART_NUM = 101
260112 06:42:00	38 Quit	
260112 06:22:01	39 Connect	user39@localhost on practica using TCP/IP
260112 06:22:31	39 Query	SELECT * FROM articulos
260112 06:22:47	39 Query	SHOW TABLES
260112 06:24:24	39 Query	UPDATE articulos SET ART_PV = ART_PV + 1 WHERE ART_NUM = 101
260112 06:24:35	39 Query	DELETE FROM ventas WHERE VNT_CANT = 0
260112 06:25:05	39 Quit	
260112 05:50:01	40 Connect	user40@localhost on practica using TCP/IP
260112 05:51:47	40 Query	SELECT * FROM proveedores
260112 05:53:20	40 Query	SELECT * FROM ventas
260112 05:55:16	40 Query	SELECT * FROM articulos
260112 05:57:00	40 Query	SELECT * FROM proveedores
260112 05:58:32	40 Query	SELECT * FROM articulos
260112 05:59:25	40 Quit	
260112 05:05:01	41 Connect	user41@localhost on practica using TCP/IP
260112 05:05:53	41 Query	SHOW COLUMNS FROM articulos
260112 05:07:25	41 Query	SELECT * FROM ventas
260112 05:09:20	41 Query	SELECT * FROM clientes
260112 05:09:36	41 Query	UPDATE articulos SET ART_PV = ART_PV + 1 WHERE ART_NUM = 101
260112 05:10:09	41 Quit	
260112 04:33:01	42 Connect	user42@localhost on practica using TCP/IP
260112 04:34:18	42 Query	SELECT * FROM proveedores
260112 04:35:15	42 Query	SELECT * FROM proveedores
260112 04:36:04	42 Query	UPDATE articulos SET ART_PV = ART_PV + 1 WHERE ART_NUM = 101
260112 04:37:02	42 Query	SELECT * FROM articulos
260112 04:39:01	42 Query	DELETE FROM ventas WHERE VNT_CANT = 0
260112 04:39:32	42 Quit	
260112 04:28:01	43 Connect	user43@localhost on practica using TCP/IP
260112 04:29:00	43 Query	UPDATE articulos SET ART_PV = ART_PV + 1 WHERE ART_NUM = 101
260112 04:30:10	43 Query	SELECT * FROM ventas
260112 04:31:09	43 Query	SELECT * FROM proveedores
260112 04:31:58	43 Quit	
260112 04:23:01	44 Connect	user44@localhost on practica using TCP/IP
260112 04:24:04	44 Query	SHOW TABLES
260112 04:24:21	44 Query	DELETE FROM ventas WHERE VNT_CANT = 0
260112 04:25:40	44 Query	SELECT * FROM ventas
260112 04:27:15	44 Query	UPDATE articulos SET ART_PV = ART_PV + 1 WHERE ART_NUM = 101
260112 04:27:45	44 Query	SHOW COLUMNS FROM articulos
260112 04:28:28	44 Quit	
260112 03:52:01	45 Connect	user45@localhost on practica using TCP/IP
260112 03:53:41	45 Query	UPDATE articulos SET ART_PV = ART_PV + 1 WHERE ART_NUM = 101
260112 03:54:56	45 Query	SELECT * FROM articulos
260112 03:56:35	45 Query	SHOW TABLES
260112 03:58:15	45 Query	DELETE FROM ventas WHERE VNT_CANT = 0
260112 03:59:32	45 Query	SHOW TABLES
260112 04:00:10	45 Quit	
260112 03:19:01	46 Connect	user46@localhost on practica using TCP/IP
260112 03:20:35	46 Query	SELECT * FROM clientes
260112 03:22:15	46 Query	UPDATE articulos SET ART_PV = ART_PV + 1 WHERE ART_NUM = 101
260112 03:23:28	46 Query	UPDATE articulos SET ART_PV = ART_PV + 1 WHERE ART_NUM = 101
260112 03:25:12	46 Query	SELECT * FROM proveedores
260112 03:25:39	46 Quit	
260112 03:13:01	47 Connect	user47@localhost on practica using TCP/IP
260112 03:13:59	47 Query	SHOW TABLES
260112 03:15:14	47 Query	UPDATE articulos SET ART_PV = ART_PV + 1 WHERE ART_NUM = 101
260112 03:16:28	47 Query	SHOW COLUMNS FROM articulos
260112 03:17:33	47 Query	SELECT * FROM ventas
260112 03:18:30	47 Query	SELECT * FROM clientes
260112 03:18:39	47 Quit	
260112 02:34:01	48 Connect	user48@localhost on practica using TCP/IP
260112 02:35:48	48 Query	UPDATE articulos SET ART_PV = ART_PV + 1 WHERE ART_NUM = 101
260112 02:36:03	48 Query	SELECT * FROM proveedores
260112 02:37:26	48 Query	SHOW TABLES
260112 02:39:15	48 Query	SELECT * FROM articulos
260112 02:41:12	48 Query	SHOW COLUMNS FROM articulos
260112 02:42:06	48 Quit	
260112 02:00:01	49 Connect	user49@localhost on practica using TCP/IP
260112 02:00:34	49 Query	DELETE FROM ventas WHERE VNT_CANT = 0
260112 02:01:21	49 Query	UPDATE articulos SET ART_PV = ART_PV + 1 WHERE ART_NUM = 101
260112 02:02:27	49 Query	SELECT * FROM clientes
260112 02:02:38	49 Query	UPDATE articulos SET ART_PV = ART_PV + 1 WHERE ART_NUM = 101
260112 02:03:30	49 Quit	
260112 01:51:01	50 Connect	user50@localhost on practica using TCP/IP
260112 01:51:42	50 Query	SELECT * FROM ventas
260112 01:53:30	50 Query	DELETE FROM ventas WHERE VNT_CANT = 0
260112 01:53:47	50 Query	DELETE FROM ventas WHERE VNT_CANT = 0
260112 01:55:32	50 Query	UPDATE articulos SET ART_PV = ART_PV + 1 WHERE ART_NUM = 101
260112 01:56:31	50 Quit	
260112 01:29:01	51 Connect	user51@localhost on practica using TCP/IP
260112 01:30:48	51 Query	SHOW COLUMNS FROM articulos
260112 01:32:02	51 Query	UPDATE articulos SET ART_PV = ART_PV + 1 WHERE ART_NUM = 101
260112 01:33:03	51 Query	SELECT * FROM proveedores
260112 01:33:57	51 Query	SHOW COLUMNS FROM articulos
260112 01:34:10	51 Quit	
260112 00:57:01	52 Connect	user52@localhost on practica using TCP/IP
260112 00:57:30	52 Query	SHOW COLUMNS FROM articulos
260112 00:59:08	52 Query	SELECT * FROM proveedores
260112 01:00:50	52 Query	SHOW TABLES
260112 01:02:48	52 Query	SELECT * FROM ventas
260112 01:03:26	52 Query	SELECT * FROM articulos
260112 01:05:12	52 Query	SHOW COLUMNS FROM articulos
260112 01:05:21	52 Quit	
260112 00:43:01	53 Connect	user53@localhost on practica using TCP/IP
260112 00:44:00	53 Query	SHOW TABLES
260112 00:44:42	53 Query	SHOW COLUMNS FROM articulos
260112 00:45:24	53 Query	SHOW COLUMNS FROM articulos
260112 00:45:30	53 Query	DELETE FROM ventas WHERE VNT_CANT = 0
260112 00:46:04	53 Quit	
260111 23:59:01	54 Connect	user54@localhost on practica using TCP/IP
260112 00:00:28	54 Query	DELETE FROM ventas WHERE VNT_CANT = 0
260112 00:01:41	54 Query	UPDATE articulos SET ART_PV = ART_PV + 1 WHERE ART_NUM = 101
260112 00:02:12	54 Quit	
260111 23:38:01	55 Connect	user55@localhost on practica using TCP/IP
260111 23:39:49	55 Query	SELECT * FROM articulos
260111 23:41:45	55 Query	SHOW COLUMNS FROM articulos
260111 23:42:10	55 Query	SELECT * FROM articulos
260111 23:42:40	55 Query	SHOW COLUMNS FROM articulos
260111 23:42:46	55 Query	SELECT * FROM ventas
260111 23:43:27	55 Quit	
260111 23:30:01	56 Connect	user56@localhost on practica using TCP/IP
260111 23:30:20	56 Query	SELECT * FROM proveedores
260111 23:32:08	56 Query	SELECT * FROM proveedores
260111 23:33:53	56 Query	UPDATE articulos SET ART_PV = ART_PV + 1 WHERE ART_NUM = 101
260111 23:35:39	56 Query	SHOW COLUMNS FROM articulos
260111 23:36:15	56 Quit	
260111 22:49:01	57 Connect	user57@localhost on practica using TCP/IP
260111 22:50:59	57 Query	DELETE FROM ventas WHERE VNT_CANT = 0
260111 22:51:06	57 Query	SELECT * FROM clientes
260111 22:52:32	57 Query	SELECT * FROM articulos
260111 22:52:46	57 Query	SELECT * FROM ventas
260111 22:53:03	57 Query	SHOW TABLES
260111 22:53:51	57 Quit	
260111 22:14:01	58 Connect	user58@localhost on practica using TCP/IP
260111 22:15:37	58 Query	SELECT * FROM articulos
260111 22:16:15	58 Query	SELECT * FROM ventas
260111 22:17:22	58 Query	SELECT * FROM proveedores
260111 22:19:08	58 Query	SELECT * FROM proveedores
260111 22:19:28	58 Quit	
260111 21:49:01	59 Connect	user59@localhost on practica using TCP/IP
260111 21:49:54	59 Query	SELECT * FROM articulos
260111 21:51:07	59 Query	UPDATE articulos SET ART_PV = ART_PV + 1 WHERE ART_NUM = 101
260111 21:53:03	59 Query	SHOW TABLES
260111 21:53:24	59 Query	SELECT * FROM clientes
260111 21:53:44	59 Quit	
260111 21:35:01	60 Connect	user60@localhost on practica using TCP/IP
260111 21:36:51	60 Query	SELECT * FROM clientes
260111 21:37:07	60 Query	DELETE FROM ventas WHERE VNT_CANT = 0
260111 21:38:13	60 Query	DELETE FROM ventas WHERE VNT_CANT = 0
260111 21:38:37	60 Query	DELETE FROM ventas WHERE VNT_CANT = 0
260111 21:39:59	60 Query	UPDATE articulos SET ART_PV = ART_PV + 1 WHERE ART_NUM = 101
260111 21:41:04	60 Query	UPDATE articulos SET ART_PV = ART_PV + 1 WHERE ART_NUM = 101
260111 21:41:59	60 Quit	
260111 21:01:01	61 Connect	user61@localhost on practica using TCP/IP
260111 21:01:06	61 Query	SELECT * FROM ventas
260111 21:02:45	61 Query	SHOW TABLES
260111 21:04:00	61 Query	SHOW TABLES
260111 21:04:18	61 Query	SELECT * FROM ventas
260111 21:04:24	61 Quit	
260111 20:42:01	62 Connect	user62@localhost on practica using TCP/IP
260111 20:42:40	62 Query	SELECT * FROM proveedores
260111 20:43:52	62 Query	SELECT * FROM articulos
260111 20:44:22	62 Quit	
260111 20:22:01	63 Connect	user63@localhost on practica using TCP/IP
260111 20:23:38	63 Query	SELECT * FROM ventas
260111 20:24:00	63 Query	SHOW COLUMNS FROM articulos
260111 20:24:27	63 Query	SELECT * FROM clientes
260111 20:26:20	63 Query	SHOW COLUMNS FROM articulos
260111 20:27:04	63 Quit	
260111 19:38:01	64 Connect	user64@localhost on practica using TCP/IP
260111 19:38:09	64 Query	SELECT * FROM proveedores
260111 19:40:08	64 Query	SELECT * FROM ventas
260111 19:40:25	64 Query	SELECT * FROM articulos
260111 19:42:24	64 Query	SELECT * FROM clientes
260111 19:43:37	64 Query	SELECT * FROM proveedores
260111 19:44:05	64 Query	SELECT * FROM ventas
260111 19:45:02	64 Quit	
260111 18:53:01	65 Connect	user65@localhost on practica using TCP/IP
260111 18:53:41	65 Query	SELECT * FROM clientes
260111 18:55:29	65 Query	SHOW TABLES
260111 18:56:40	65 Query	SELECT * FROM articulos
260111 18:57:21	65 Query	SELECT * FROM articulos
260111 18:58:36	65 Query	SELECT * FROM ventas
260111 18:59:17	65 Quit	
260111 18:27:01	66 Connect	user66@localhost on practica using TCP/IP
260111 18:28:35	66 Query	DELETE FROM ventas WHERE VNT_CANT = 0
260111 18:29:39	66 Query	SHOW TABLES
260111 18:30:26	66 Query	SELECT * FROM clientes
260111 18:31:20	66 Query	SELECT * FROM articulos
260111 18:32:38	66 Query	UPDATE articulos SET ART_PV = ART_PV + 1 WHERE ART_NUM = 101
260111 18:33:04	66 Query	SHOW COLUMNS FROM articulos
260111 18:34:13	66 Query	SELECT * FROM articulos
260111 18:34:26	66 Quit	
260111 18:05:01	67 Connect	user67@localhost on practica using TCP/IP
260111 18:06:47	67 Query	SELECT * FROM articulos
260111 18:07:42	67 Query	SELECT * FROM proveedores
260111 18:09:35	67 Query	SELECT * FROM articulos
260111 18:10:51	67 Query	UPDATE articulos SET ART_PV = ART_PV + 1 WHERE ART_NUM = 101
260111 18:11:02	67 Quit	
260111 17:46:01	68 Connect	user68@localhost on practica using TCP/IP
260111 17:46:42	68 Query	SHOW TABLES
260111 17:47:23	68 Query	SELECT * FROM articulos
260111 17:47:35	68 Query	SHOW COLUMNS FROM articulos
260111 17:49:15	68 Query	UPDATE articulos SET ART_PV = ART_PV + 1 WHERE ART_NUM = 101
260111 17:49:36	68 Quit	
260111 17:36:01	69 Connect	user69@localhost on practica using TCP/IP
260111 17:36:59	69 Query	SELECT * FROM proveedores
260111 17:38:58	69 Query	SHOW TABLES
260111 17:40:35	69 Query	SELECT * FROM articulos
260111 17:41:40	69 Query	SHOW TABLES
260111 17:42:39	69 Quit	
260111 16:53:01	70 Connect	user70@localhost on practica using TCP/IP
260111 16:53:34	70 Query	SELECT * FROM ventas
260111 16:54:12	70 Query	SHOW TABLES
260111 16:54:43	70 Query	SHOW COLUMNS FROM articulos
260111 16:55:32	70 Query	DELETE FROM ventas WHERE VNT_CANT = 0
260111 16:56:53	70 Query	UPDATE articulos SET ART_PV = ART_PV + 1 WHERE ART_NUM = 101
260111 16:57:24	70 Quit	
260111 16:46:01	71 Connect	user71@localhost on practica using TCP/IP
260111 16:46:20	71 Query	SELECT * FROM proveedores
260111 16:48:13	71 Query	SELECT * FROM clientes
260111 16:49:21	71 Query	SHOW TABLES
260111 16:50:16	71 Query	SELECT * FROM proveedores
260111 16:50:53	71 Query	SELECT * FROM ventas
260111 16:51:48	71 Quit	
260111 16:22:01	72 Connect	user72@localhost on practica using TCP/IP
260111 16:22:21	72 Query	SELECT * FROM ventas
260111 16:24:15	72 Query	UPDATE articulos SET ART_PV = ART_PV + 1 WHERE ART_NUM = 101
260111 16:24:23	72 Query	SELECT * FROM articulos
260111 16:24:44	72 Query	SHOW COLUMNS FROM articulos
260111 16:25:37	72 Query	SELECT * FROM ventas
260111 16:26:33	72 Quit	
260111 15:39:01	73 Connect	user73@localhost on practica using TCP/IP
260111 15:40:33	73 Query	SELECT * FROM clientes
260111 15:41:03	73 Query	SELECT * FROM clientes
260111 15:41:20	73 Query	SELECT * FROM clientes
260111 15:42:35	73 Query	SELECT * FROM ventas
260111 15:42:46	73 Quit	
260111 15:26:01	74 Connect	user74@localhost on practica using TCP/IP
260111 15:27:24	74 Query	DELETE FROM ventas WHERE VNT_CANT = 0
260111 15:29:12	74 Query	DELETE FROM ventas WHERE VNT_CANT = 0
260111 15:30:52	74 Query	SELECT * FROM clientes
260111 15:32:23	74 Query	SELECT * FROM clientes
260111 15:33:02	74 Query	SELECT * FROM articulos
260111 15:33:15	74 Quit	
260111 15:13:01	75 Connect	user75@localhost on practica using TCP/IP
260111 15:14:39	75 Query	SELECT * FROM proveedores
260111 15:15:33	75 Query	SELECT * FROM articulos
260111 15:17:32	75 Query	SELECT * FROM articulos
260111 15:17:55	75 Query	SELECT * FROM proveedores
260111 15:18:37	75 Quit	
260111 14:57:01	76 Connect	user76@localhost on practica using TCP/IP
260111 14:57:16	76 Query	SELECT * FROM clientes
260111 14:58:13	76 Query	SELECT * FROM ventas
260111 14:59:54	76 Query	DELETE FROM ventas WHERE VNT_CANT = 0
260111 15:00:03	76 Quit	
260111 14:38:01	77 Connect	user77@localhost on practica using TCP/IP
260111 14:39:44	77 Query	SELECT * FROM ventas
260111 14:41:43	77 Query	DELETE FROM ventas WHERE VNT_CANT = 0
260111 14:42:52	77 Query	UPDATE articulos SET ART_PV = ART_PV + 1 WHERE ART_NUM = 101
260111 14:43:06	77 Quit	
260111 14:25:01	78 Connect	user78@localhost on practica using TCP/IP
260111 14:25:32	78 Query	SHOW COLUMNS FROM articulos
260111 14:26:04	78 Query	SHOW TABLES
260111 14:28:04	78 Query	DELETE FROM ventas WHERE VNT_CANT = 0
260111 14:28:35	78 Quit	
260111 13:55:01	79 Connect	user79@localhost on practica using TCP/IP
260111 13:56:25	79 Query	SHOW TABLES
260111 13:58:06	79 Query	SELECT * FROM ventas
260111 13:58:51	79 Query	DELETE FROM ventas WHERE VNT_CANT = 0
260111 13:59:31	79 Query	SHOW TABLES
260111 14:00:39	79 Query	DELETE FROM ventas WHERE VNT_CANT = 0
260111 14:01:15	79 Quit	
260111 13:39:01	80 Connect	user80@localhost on practica using TCP/IP
260111 13:39:11	80 Query	SELECT * FROM ventas
260111 13:40:05	80 Query	UPDATE articulos SET ART_PV = ART_PV + 1 WHERE ART_NUM = 101
260111 13:41:34	80 Query	SELECT * FROM articulos
260111 13:42:28	80 Query	SHOW COLUMNS FROM articulos
260111 13:43:40	80 Query	UPDATE articulos SET ART_PV = ART_PV + 1 WHERE ART_NUM = 101
260111 13:44:19	80 Quit	
260111 12:55:01	81 Connect	user81@localhost on practica using TCP/IP
260111 12:55:53	81 Query	SELECT * FROM articulos
260111 12:56:59	81 Query	UPDATE articulos SET ART_PV = ART_PV + 1 WHERE ART_NUM = 101
260111 12:58:27	81 Query	SELECT * FROM clientes
260111 12:59:58	81 Query	DELETE FROM ventas WHERE VNT_CANT = 0
260111 13:00:23	81 Quit	
260111 12:43:01	82 Connect	user82@localhost on practica using TCP/IP
260111 12:44:00	82 Query	DELETE FROM ventas WHERE VNT_CANT = 0
260111 12:45:33	82 Query	SELECT * FROM articulos
260111 12:45:42	82 Query	SELECT * FROM ventas
260111 12:46:38	82 Query	SELECT * FROM articulos
260111 12:47:11	82 Query	UPDATE articulos SET ART_PV = ART_PV + 1 WHERE ART_NUM = 101
260111 12:47:58	82 Quit	
260111 12:29:01	83 Connect	user83@localhost on practica using TCP/IP
260111 12:30:22	83 Query	SHOW TABLES
260111 12:30:29	83 Query	SHOW TABLES
260111 12:31:37	83 Query	SELECT * FROM ventas
260111 12:32:49	83 Query	DELETE FROM ventas WHERE VNT_CANT = 0
260111 12:33:35	83 Quit	
260111 12:19:01	84 Connect	user84@localhost on practica using TCP/IP
260111 12:20:35	84 Query	DELETE FROM ventas WHERE VNT_CANT = 0
260111 12:21:57	84 Query	SELECT * FROM clientes
260111 12:23:17	84 Query	SELECT * FROM clientes
260111 12:23:31	84 Query	SELECT * FROM clientes
260111 12:24:34	84 Query	UPDATE articulos SET ART_PV = ART_PV + 1 WHERE ART_NUM = 101
260111 12:25:18	84 Quit	
260111 11:54:01	85 Connect	user85@localhost on practica using TCP/IP
260111 11:55:43	85 Query	SELECT * FROM proveedores
260111 11:56:07	85 Query	SELECT * FROM ventas
260111 11:56:53	85 Query	SELECT * FROM clientes
260111 11:58:50	85 Query	SELECT * FROM articulos
260111 12:00:02	85 Query	SELECT * FROM ventas
260111 12:00:07	85 Quit	
260111 11:32:01	86 Connect	user86@localhost on practica using TCP/IP
260111 11:33:35	86 Query	SHOW TABLES
260111 11:34:17	86 Query	SHOW COLUMNS FROM articulos
260111 11:36:12	86 Query	DELETE FROM ventas WHERE VNT_CANT = 0
260111 11:36:51	86 Quit	
260111 11:20:01	87 Connect	user87@localhost on practica using TCP/IP
260111 11:21:32	87 Query	SELECT * FROM proveedores
260111 11:22:51	87 Query	SHOW COLUMNS FROM articulos
260111 11:24:46	87 Query	DELETE FROM ventas WHERE VNT_CANT = 0
260111 11:25:23	87 Quit	
260111 11:12:01	88 Connect	user88@localhost on practica using TCP/IP
260111 11:12:31	88 Query	SELECT * FROM ventas
260111 11:14:31	88 Query	SELECT * FROM proveedores
260111 11:16:17	88 Query	SHOW TABLES
260111 11:17:03	88 Query	SELECT * FROM proveedores
260111 11:18:31	88 Query	UPDATE articulos SET ART_PV = ART_PV + 1 WHERE ART_NUM = 101
260111 11:19:12	88 Quit	
260111 10:41:01	89 Connect	user89@localhost on practica using TCP/IP
260111 10:42:29	89 Query	SHOW TABLES
260111 10:43:18	89 Query	UPDATE articulos SET ART_PV = ART_PV + 1 WHERE ART_NUM = 101
260111 10:44:44	89 Query	SELECT * FROM proveedores
260111 10:46:30	89 Query	SHOW COLUMNS FROM articulos
260111 10:47:16	89 Query	DELETE FROM ventas WHERE VNT_CANT = 0
260111 10:47:33	89 Quit	
260111 10:25:01	90 Connect	user90@localhost on practica using TCP/IP
260111 10:26:26	90 Query	SELECT * FROM clientes
260111 10:27:57	90 Query	SELECT * FROM proveedores
260111 10:28:51	90 Query	SHOW TABLES
260111 10:30:02	90 Query	DELETE FROM ventas WHERE VNT_CANT = 0
260111 10:31:29	90 Query	SELECT * FROM clientes
260111 10:31:47	90 Quit	
260111 09:41:01	91 Connect	user91@localhost on practica using TCP/IP
260111 09:41:47	91 Query	SHOW TABLES
260111 09:43:38	91 Query	SELECT * FROM clientes
260111 09:44:24	91 Query	SHOW TABLES
260111 09:44:49	91 Query	SELECT * FROM articulos
260111 09:46:42	91 Query	UPDATE articulos SET ART_PV = ART_PV + 1 WHERE ART_NUM = 101
260111 09:47:43	91 Query	SHOW TABLES
260111 09:49:07	91 Query	DELETE FROM ventas WHERE VNT_CANT = 0
260111 09:49:27	91 Quit	
260111 09:08:01	92 Connect	user92@localhost on practica using TCP/IP
260111 09:08:25	92 Query	SHOW COLUMNS FROM articulos
260111 09:09:21	92 Query	SELECT * FROM proveedores
260111 09:11:21	92 Query	SELECT * FROM clientes
260111 09:12:51	92 Query	DELETE FROM ventas WHERE VNT_CANT = 0
260111 09:13:15	92 Query	DELETE FROM ventas WHERE VNT_CANT = 0
260111 09:13:23	92 Quit	
260111 08:29:01	93 Connect	user93@localhost on practica using TCP/IP
260111 08:29:37	93 Query	SELECT * FROM ventas
260111 08:30:49	93 Query	SELECT * FROM ventas
260111 08:31:47	93 Query	SHOW COLUMNS FROM articulos
260111 08:32:20	93 Query	DELETE FROM ventas WHERE VNT_CANT = 0
260111 08:32:41	93 Quit	
260111 08:06:01	94 Connect	user94@localhost on practica using TCP/IP
260111 08:07:35	94 Query	SELECT * FROM ventas
260111 08:07:43	94 Query	SELECT * FROM clientes
260111 08:08:30	94 Query	SHOW TABLES
260111 08:09:19	94 Query	SELECT * FROM articulos
260111 08:09:46	94 Quit	
260111 07:28:01	95 Connect	user95@localhost on practica using TCP/IP
260111 07:28:07	95 Query	SELECT * FROM ventas
260111 07:29:29	95 Query	SELECT * FROM clientes
260111 07:30:58	95 Query	SELECT * FROM ventas
260111 07:31:37	95 Query	SHOW COLUMNS FROM articulos
260111 07:32:25	95 Quit	
260111 07:21:01	96 Connect	user96@localhost on practica using TCP/IP
260111 07:21:40	96 Query	SELECT * FROM proveedores
260111 07:22:51	96 Query	SELECT * FROM ventas
260111 07:24:18	96 Query	SELECT * FROM ventas
260111 07:26:08	96 Query	SELECT * FROM ventas
260111 07:26:23	96 Quit	
260111 06:53:01	97 Connect	user97@localhost on practica using TCP/IP
260111 06:53:31	97 Query	SELECT * FROM clientes
260111 06:55:16	97 Query	SELECT * FROM proveedores
260111 06:56:18	97 Query	SELECT * FROM ventas
260111 06:57:22	97 Query	UPDATE articulos SET ART_PV = ART_PV + 1 WHERE ART_NUM = 101
260111 06:57:58	97 Quit	
260111 06:15:01	98 Connect	user98@localhost on practica using TCP/IP
260111 06:16:38	98 Query	DELETE FROM ventas WHERE VNT_CANT = 0
260111 06:18:14	98 Query	SELECT * FROM proveedores
260111 06:19:33	98 Query	SELECT * FROM clientes
260111 06:20:34	98 Query	SELECT * FROM proveedores
260111 06:20:43	98 Quit	
260111 06:09:01	99 Connect	user99@localhost on practica using TCP/IP
260111 06:10:35	99 Query	SHOW TABLES
260111 06:12:31	99 Query	SHOW TABLES
260111 06:13:33	99 Query	SELECT * FROM ventas
260111 06:15:03	99 Query	SHOW TABLES
260111 06:15:36	99 Quit	
260111 05:41:01	100 Connect	user100@localhost on practica using TCP/IP
260111 05:41:06	100 Query	SELECT * FROM clientes
260111 05:41:54	100 Query	SELECT * FROM articulos
260111 05:42:09	100 Query	SELECT * FROM articulos
260111 05:42:49	100 Quit	
260111 05:33:01	101 Connect	user101@localhost on practica using TCP/IP
260111 05:33:35	101 Query	SELECT * FROM proveedores
260111 05:34:18	101 Query	SELECT * FROM proveedores
260111 05:35:20	101 Query	SHOW COLUMNS FROM articulos
260111 05:36:49	101 Query	SHOW COLUMNS FROM articulos
260111 05:37:22	101 Quit	
260111 05:06:01	102 Connect	user102@localhost on practica using TCP/IP
260111 05:07:26	102 Query	UPDATE articulos SET ART_PV = ART_PV + 1 WHERE ART_NUM = 101
260111 05:07:31	102 Query	UPDATE articulos SET ART_PV = ART_PV + 1 WHERE ART_NUM = 101
260111 05:09:21	102 Query	SELECT * FROM clientes
260111 05:09:45	102 Query	SHOW COLUMNS FROM articulos
260111 05:10:45	102 Quit	
260111 04:59:01	103 Connect	user103@localhost on practica using TCP/IP
260111 05:00:38	103 Query	SHOW TABLES
260111 05:01:28	103 Query	SELECT * FROM ventas
260111 05:02:35	103 Query	UPDATE articulos SET ART_PV = ART_PV + 1 WHERE ART_NUM = 101
260111 05:03:47	103 Query	DELETE FROM ventas WHERE VNT_CANT = 0
260111 05:04:43	103 Quit	
260111 04:21:01	104 Connect	user104@localhost on practica using TCP/IP
260111 04:21:31	104 Query	SHOW COLUMNS FROM articulos
260111 04:22:55	104 Query	DELETE FROM ventas WHERE VNT_CANT = 0
260111 04:23:08	104 Query	SELECT * FROM clientes
260111 04:23:30	104 Query	SELECT * FROM articulos
260111 04:24:24	104 Query	SHOW TABLES
260111 04:25:26	104 Query	SELECT * FROM ventas
260111 04:26:15	104 Quit	
260111 03:54:01	105 Connect	user105@localhost on practica using TCP/IP
260111 03:55:28	105 Query	SELECT * FROM clientes
260111 03:57:15	105 Query	SELECT * FROM proveedores
260111 03:58:34	105 Query	SHOW TABLES
260111 03:59:38	105 Query	SELECT * FROM proveedores
260111 04:00:52	105 Query	SELECT * FROM articulos
260111 04:01:27	105 Query	SHOW COLUMNS FROM articulos
260111 04:01:56	105 Quit	
260111 03:14:01	106 Connect	user106@localhost on practica using TCP/IP
260111 03:14:43	106 Query	SELECT * FROM proveedores
260111 03:15:30	106 Query	DELETE FROM ventas WHERE VNT_CANT = 0
260111 03:17:07	106 Query	SELECT * FROM articulos
260111 03:17:15	106 Quit	
260111 02:46:01	107 Connect	user107@localhost on practica using TCP/IP
260111 02:47:10	107 Query	DELETE FROM ventas WHERE VNT_CANT = 0
260111 02:48:08	107 Query	SHOW TABLES
260111 02:48:40	107 Query	SELECT * FROM proveedores
260111 02:50:05	107 Query	SHOW COLUMNS FROM articulos
260111 02:50:12	107 Quit	
260111 02:35:01	108 Connect	user108@localhost on practica using TCP/IP
260111 02:36:24	108 Query	SELECT * FROM articulos
260111 02:37:28	108 Query	SHOW TABLES
260111 02:38:19	108 Query	SHOW TABLES
260111 02:38:38	108 Query	SELECT * FROM proveedores
260111 02:39:29	108 Query	DELETE FROM ventas WHERE VNT_CANT = 0
260111 02:39:54	108 Quit	
260111 02:10:01	109 Connect	user109@localhost on practica using TCP/IP
260111 02:10:26	109 Query	SELECT * FROM proveedores
260111 02:12:05	109 Query	DELETE FROM ventas WHERE VNT_CANT = 0
260111 02:12:42	109 Query	SHOW TABLES
260111 02:12:48	109 Query	UPDATE articulos SET ART_PV = ART_PV + 1 WHERE ART_NUM = 101
260111 02:13:14	109 Quit	
260111 01:47:01	110 Connect	user110@localhost on practica using TCP/IP
260111 01:49:01	110 Query	SHOW TABLES
260111 01:49:13	110 Query	SHOW TABLES
260111 01:50:14	110 Query	SHOW TABLES
260111 01:52:05	110 Query	SHOW TABLES
260111 01:53:05	110 Quit	
260111 01:11:01	111 Connect	user111@localhost on practica using TCP/IP
260111 01:12:39	111 Query	UPDATE articulos SET ART_PV = ART_PV + 1 WHERE ART_NUM = 101
260111 01:13:44	111 Query	UPDATE articulos SET ART_PV = ART_PV + 1 WHERE ART_NUM = 101
260111 01:14:39	111 Query	DELETE FROM ventas WHERE VNT_CANT = 0
260111 01:16:24	111 Query	SELECT * FROM articulos
260111 01:16:37	111 Quit	
260111 01:03:01	112 Connect	user112@localhost on practica using TCP/IP
260111 01:04:10	112 Query	SELECT * FROM articulos
260111 01:05:05	112 Query	SELECT * FROM articulos
260111 01:06:01	112 Query	DELETE FROM ventas WHERE VNT_CANT = 0
260111 01:06:28	112 Query	SELECT * FROM ventas
260111 01:08:04	112 Query	SELECT * FROM articulos
260111 01:08:56	112 Quit	
260111 00:57:01	113 Connect	user113@localhost on practica using TCP/IP
260111 00:58:26	113 Query	SHOW TABLES
260111 00:58:32	113 Query	SELECT * FROM clientes
260111 00:59:04	113 Query	SHOW COLUMNS FROM articulos
260111 00:59:41	113 Query	SELECT * FROM proveedores
260111 01:01:15	113 Query	SHOW COLUMNS FROM articulos
260111 01:01:47	113 Query	SHOW COLUMNS FROM articulos
260111 01:02:03	113 Quit	
260111 00:41:01	114 Connect	user114@localhost on practica using TCP/IP
260111 00:42:21	114 Query	SELECT * FROM clientes
260111 00:43:57	114 Query	DELETE FROM ventas WHERE VNT_CANT = 0
260111 00:45:21	114 Query	SELECT * FROM clientes
260111 00:46:54	114 Query	SELECT * FROM articulos
260111 00:48:27	114 Query	SHOW TABLES
260111 00:49:13	114 Quit	
260111 00:20:01	115 Connect	user115@localhost on practica using TCP/IP
260111 00:20:44	115 Query	SELECT * FROM proveedores
260111 00:21:36	115 Query	SELECT * FROM proveedores
260111 00:22:35	115 Query	SELECT * FROM articulos
260111 00:23:02	115 Query	SHOW TABLES
260111 00:23:50	115 Quit	
260111 00:13:01	116 Connect	user116@localhost on practica using TCP/IP
260111 00:13:06	116 Query	SELECT * FROM proveedores
260111 00:14:14	116 Query	SELECT * FROM proveedores
260111 00:14:54	116 Query	SHOW COLUMNS FROM articulos
260111 00:16:35	116 Query	DELETE FROM ventas WHERE VNT_CANT = 0
260111 00:17:12	116 Query	DELETE FROM ventas WHERE VNT_CANT = 0
260111 00:18:09	116 Query	SELECT * FROM ventas
260111 00:18:50	116 Quit	
260110 23:34:01	117 Connect	user117@localhost on practica using TCP/IP
260110 23:35:04	117 Query	SHOW TABLES
260110 23:36:20	117 Query	SELECT * FROM clientes
260110 23:37:48	117 Query	DELETE FROM ventas WHERE VNT_CANT = 0
260110 23:38:19	117 Query	SHOW TABLES
260110 23:38:41	117 Query	DELETE FROM ventas WHERE VNT_CANT = 0
260110 23:39:16	117 Quit	
260110 22:54:01	118 Connect	user118@localhost on practica using TCP/IP
260110 22:55:17	118 Query	DELETE FROM ventas WHERE VNT_CANT = 0
260110 22:55:53	118 Query	SELECT * FROM clientes
260110 22:57:37	118 Query	SELECT * FROM ventas
260110 22:58:04	118 Query	SELECT * FROM articulos
260110 22:59:51	118 Query	UPDATE articulos SET ART_PV = ART_PV + 1 WHERE ART_NUM = 101
260110 23:00:13	118 Quit	
260110 22:19:01	119 Connect	user119@localhost on practica using TCP/IP
260110 22:19:52	119 Query	UPDATE articulos SET ART_PV = ART_PV + 1 WHERE ART_NUM = 101
260110 22:20:20	119 Query	SELECT * FROM articulos
260110 22:20:47	119 Quit	
260110 22:04:01	120 Connect	user120@localhost on practica using TCP/IP
260110 22:05:24	120 Query	SHOW COLUMNS FROM articulos
260110 22:05:42	120 Query	SHOW COLUMNS FROM articulos
260110 22:06:45	120 Query	SELECT * FROM proveedores
260110 22:08:45	120 Query	SELECT * FROM ventas
260110 22:09:50	120 Query	SELECT * FROM articulos
260110 22:10:39	120 Query	SELECT * FROM clientes
260110 22:11:25	120 Quit	
260110 21:27:01	121 Connect	user121@localhost on practica using TCP/IP
260110 21:28:35	121 Query	SELECT * FROM clientes
260110 21:28:56	121 Query	SELECT * FROM clientes
260110 21:30:26	121 Query	UPDATE articulos SET ART_PV = ART_PV + 1 WHERE ART_NUM = 101
260110 21:30:49	121 Query	SELECT * FROM ventas
260110 21:31:04	121 Query	SELECT * FROM clientes
260110 21:32:04	121 Quit	
260110 21:17:01	122 Connect	user122@localhost on practica using TCP/IP
260110 21:17:52	122 Query	SELECT * FROM clientes
260110 21:19:22	122 Query	DELETE FROM ventas WHERE VNT_CANT = 0
260110 21:21:02	122 Query	SHOW TABLES
260110 21:21:12	122 Query	SELECT * FROM proveedores
260110 21:21:34	122 Query	SHOW COLUMNS FROM articulos
260110 21:21:39	122 Quit	
260110 20:49:01	123 Connect	user123@localhost on practica using TCP/IP
260110 20:49:58	123 Query	SELECT * FROM ventas
260110 20:51:03	123 Query	DELETE FROM ventas WHERE VNT_CANT = 0
260110 20:51:38	123 Query	SHOW TABLES
260110 20:52:49	123 Query	SHOW TABLES
260110 20:52:58	123 Quit	
260110 20:26:01	124 Connect	user124@localhost on practica using TCP/IP
260110 20:26:23	124 Query	DELETE FROM ventas WHERE VNT_CANT = 0
260110 20:27:19	124 Query	SELECT * FROM ventas
260110 20:28:55	124 Query	UPDATE articulos SET ART_PV = ART_PV + 1 WHERE ART_NUM = 101
260110 20:30:43	124 Query	DELETE FROM ventas WHERE VNT_CANT = 0
260110 20:30:58	124 Quit	
260110 19:44:01	125 Connect	user125@localhost on practica using TCP/IP
260110 19:44:28	125 Query	UPDATE articulos SET ART_PV = ART_PV + 1 WHERE ART_NUM = 101
260110 19:46:28	125 Query	UPDATE articulos SET ART_PV = ART_PV + 1 WHERE ART_NUM = 101
260110 19:48:03	125 Query	SELECT * FROM ventas
260110 19:48:08	125 Query	SHOW TABLES
260110 19:49:06	125 Query	SHOW COLUMNS FROM articulos
260110 19:50:00	125 Quit	
260110 19:31:01	126 Connect	user126@localhost on practica using TCP/IP
260110 19:32:34	126 Query	SHOW COLUMNS FROM articulos
260110 19:32:41	126 Query	DELETE FROM ventas WHERE VNT_CANT = 0
260110 19:34:33	126 Query	DELETE FROM ventas WHERE VNT_CANT = 0
260110 19:35:52	126 Query	SELECT * FROM articulos
260110 19:36:13	126 Quit	
260110 18:51:01	127 Connect	user127@localhost on practica using TCP/IP
260110 18:52:44	127 Query	SHOW TABLES
260110 18:53:04	127 Query	SELECT * FROM clientes
260110 18:54:19	127 Query	DELETE FROM ventas WHERE VNT_CANT = 0
260110 18:54:53	127 Quit	
260110 18:21:01	128 Connect	user128@localhost on practica using TCP/IP
260110 18:22:46	128 Query	SELECT * FROM articulos
260110 18:24:03	128 Query	DELETE FROM ventas WHERE VNT_CANT = 0
260110 18:25:03	128 Query	SELECT * FROM proveedores
260110 18:25:16	128 Query	SHOW COLUMNS FROM articulos
260110 18:25:29	128 Quit	
260110 17:59:01	129 Connect	user129@localhost on practica using TCP/IP
260110 18:00:56	129 Query	SELECT * FROM clientes
260110 18:01:39	129 Query	DELETE FROM ventas WHERE VNT_CANT = 0
260110 18:01:52	129 Quit	
260110 17:31:01	130 Connect	user130@localhost on practica using TCP/IP
260110 17:31:52	130 Query	SELECT * FROM clientes
260110 17:33:36	130 Query	SELECT * FROM ventas
260110 17:34:29	130 Query	SHOW TABLES
260110 17:35:29	130 Quit	
260110 17:08:01	131 Connect	user131@localhost on practica using TCP/IP
260110 17:08:20	131 Query	SELECT * FROM proveedores
260110 17:09:00	131 Query	SELECT * FROM articulos
260110 17:10:44	131 Query	SELECT * FROM proveedores
260110 17:11:56	131 Query	UPDATE articulos SET ART_PV = ART_PV + 1 WHERE ART_NUM = 101
260110 17:12:48	131 Query	DELETE FROM ventas WHERE VNT_CANT = 0
260110 17:13:41	131 Quit	
260110 16:57:01	132 Connect	user132@localhost on practica using TCP/IP
260110 16:58:35	132 Query	SHOW COLUMNS FROM articulos
260110 16:59:54	132 Query	SHOW TABLES
260110 17:00:52	132 Query	SELECT * FROM articulos
260110 17:01:53	132 Query	SELECT * FROM articulos
260110 17:02:14	132 Quit	
260110 16:13:01	133 Connect	user133@localhost on practica using TCP/IP
260110 16:13:46	133 Query	SELECT * FROM ventas
260110 16:15:25	133 Query	SHOW COLUMNS FROM articulos
260110 16:16:24	133 Query	SHOW COLUMNS FROM articulos
260110 16:18:09	133 Query	SELECT * FROM clientes
260110 16:19:07	133 Query	SELECT * FROM ventas
260110 16:19:26	133 Quit	
260110 15:28:01	134 Connect	user134@localhost on practica using TCP/IP
260110 15:28:31	134 Query	SELECT * FROM proveedores
260110 15:28:48	134 Query	SELECT * FROM proveedores
260110 15:30:26	134 Query	SHOW COLUMNS FROM articulos
260110 15:30:41	134 Query	SHOW TABLES
260110 15:30:52	134 Quit	
260110 14:51:01	135 Connect	user135@localhost on practica using TCP/IP
260110 14:52:37	135 Query	SHOW COLUMNS FROM articulos
260110 14:52:44	135 Query	DELETE FROM ventas WHERE VNT_CANT = 0
260110 14:54:03	135 Query	SELECT * FROM articulos
260110 14:54:42	135 Quit	
260110 14:07:01	136 Connect	user136@localhost on practica using TCP/IP
260110 14:08:31	136 Query	UPDATE articulos SET ART_PV = ART_PV + 1 WHERE ART_NUM = 101
260110 14:10:25	136 Query	SELECT * FROM articulos
260110 14:10:41	136 Query	UPDATE articulos SET ART_PV = ART_PV + 1 WHERE ART_NUM = 101
260110 14:11:33	136 Query	SELECT * FROM proveedores
260110 14:12:59	136 Query	SELECT * FROM articulos
260110 14:14:18	136 Query	SHOW TABLES
260110 14:15:09	136 Quit	
260110 13:44:01	137 Connect	user137@localhost on practica using TCP/IP
260110 13:45:06	137 Query	SELECT * FROM ventas
260110 13:46:26	137 Query	SHOW COLUMNS FROM articulos
260110 13:46:50	137 Query	SELECT * FROM proveedores
260110 13:48:24	137 Query	SELECT * FROM ventas
260110 13:49:33	137 Query	SELECT * FROM clientes
260110 13:50:11	137 Quit	
260110 13:36:01	138 Connect	user138@localhost on practica using TCP/IP
260110 13:36:37	138 Query	UPDATE articulos SET ART_PV = ART_PV + 1 WHERE ART_NUM = 101
260110 13:37:50	138 Query	SELECT * FROM articulos
260110 13:38:11	138 Query	SELECT * FROM ventas
260110 13:38:17	138 Query	SELECT * FROM proveedores
260110 13:39:06	138 Quit	
260110 13:00:01	139 Connect	user139@localhost on practica using TCP/IP
260110 13:01:35	139 Query	SHOW TABLES
260110 13:03:00	139 Query	SELECT * FROM proveedores
260110 13:03:29	139 Query	SHOW COLUMNS FROM articulos
260110 13:05:22	139 Query	UPDATE articulos SET ART_PV = ART_PV + 1 WHERE ART_NUM = 101
260110 13:06:13	139 Quit	
260110 12:50:01	140 Connect	user140@localhost on practica using TCP/IP
260110 12:50:08	140 Query	SHOW COLUMNS FROM articulos
260110 12:51:29	140 Query	DELETE FROM ventas WHERE VNT_CANT = 0
260110 12:52:54	140 Query	SELECT * FROM clientes
260110 12:54:42	140 Query	SHOW TABLES
260110 12:55:38	140 Query	DELETE FROM ventas WHERE VNT_CANT = 0
260110 12:56:21	140 Quit	
260110 12:23:01	141 Connect	user141@localhost on practica using TCP/IP
260110 12:24:09	141 Query	UPDATE articulos SET ART_PV = ART_PV + 1 WHERE ART_NUM = 101
260110 12:24:20	141 Query	SELECT * FROM clientes
260110 12:26:19	141 Query	SELECT * FROM articulos
260110 12:26:36	141 Query	SELECT * FROM articulos
260110 12:27:08	141 Quit	
260110 11:49:01	142 Connect	user142@localhost on practica using TCP/IP
260110 11:49:54	142 Query	DELETE FROM ventas WHERE VNT_CANT = 0
260110 11:51:44	142 Query	SHOW TABLES
260110 11:53:34	142 Query	SELECT * FROM clientes
260110 11:53:48	142 Quit	
260110 11:32:01	143 Connect	user143@localhost on practica using TCP/IP
260110 11:32:26	143 Query	SELECT * FROM proveedores
260110 11:32:47	143 Query	DELETE FROM ventas WHERE VNT_CANT = 0
260110 11:34:38	143 Query	UPDATE articulos SET ART_PV = ART_PV + 1 WHERE ART_NUM = 101
260110 11:36:21	143 Query	SELECT * FROM articulos
260110 11:38:17	143 Query	SELECT * FROM proveedores
260110 11:38:33	143 Quit	
260110 10:55:01	144 Connect	user144@localhost on practica using TCP/IP
260110 10:55:52	144 Query	DELETE FROM ventas WHERE VNT_CANT = 0
260110 10:56:28	144 Query	SELECT * FROM ventas
260110 10:58:26	144 Query	DELETE FROM ventas WHERE VNT_CANT = 0
260110 10:59:10	144 Query	DELETE FROM ventas WHERE VNT_CANT = 0
260110 11:00:29	144 Query	SHOW COLUMNS FROM articulos
260110 11:01:06	144 Query	SELECT * FROM articulos
260110 11:01:51	144 Quit	
260110 10:38:01	145 Connect	user145@localhost on practica using TCP/IP
260110 10:39:21	145 Query	SHOW TABLES
260110 10:41:10	145 Query	SELECT * FROM proveedores
260110 10:41:27	145 Query	SHOW TABLES
260110 10:41:45	145 Query	SHOW COLUMNS FROM articulos
260110 10:43:07	145 Query	SELECT * FROM proveedores
260110 10:43:55	145 Quit	
260110 10:12:01	146 Connect	user146@localhost on practica using TCP/IP
260110 10:12:53	146 Query	SELECT * FROM articulos
260110 10:13:24	146 Query	SHOW COLUMNS FROM articulos
260110 10:14:21	146 Query	UPDATE articulos SET ART_PV = ART_PV + 1 WHERE ART_NUM = 101
260110 10:15:26	146 Query	SELECT * FROM proveedores
260110 10:17:16	146 Query	SHOW COLUMNS FROM articulos
260110 10:17:43	146 Quit	
260110 09:39:01	147 Connect	user147@localhost on practica using TCP/IP
260110 09:39:14	147 Query	UPDATE articulos SET ART_PV = ART_PV + 1 WHERE ART_NUM = 101
260110 09:40:09	147 Query	SELECT * FROM proveedores
260110 09:41:08	147 Query	UPDATE articulos SET ART_PV = ART_PV + 1 WHERE ART_NUM = 101
260110 09:41:35	147 Quit	
260110 09:02:01	148 Connect	user148@localhost on practica using TCP/IP
260110 09:03:07	148 Query	DELETE FROM ventas WHERE VNT_CANT = 0
260110 09:04:19	148 Query	SHOW COLUMNS FROM articulos
260110 09:04:55	148 Query	DELETE FROM ventas WHERE VNT_CANT = 0
260110 09:05:43	148 Query	DELETE FROM ventas WHERE VNT_CANT = 0
260110 09:06:20	148 Quit	
260110 08:46:01	149 Connect	user149@localhost on practica using TCP/IP
260110 08:47:00	149 Query	SELECT * FROM clientes
260110 08:48:36	149 Query	SELECT * FROM ventas
260110 08:50:15	149 Query	SHOW TABLES
260110 08:50:50	149 Query	UPDATE articulos SET ART_PV = ART_PV + 1 WHERE ART_NUM = 101
260110 08:52:44	149 Query	UPDATE articulos SET ART_PV = ART_PV + 1 WHERE ART_NUM = 101
260110 08:54:12	149 Query	DELETE FROM ventas WHERE VNT_CANT = 0
260110 08:54:59	149 Quit	
260110 08:16:01	150 Connect	user150@localhost on practica using TCP/IP
260110 08:16:27	150 Query	SELECT * FROM articulos
260110 08:17:17	150 Query	SHOW COLUMNS FROM articulos
260110 08:17:48	150 Query	SELECT * FROM clientes
260110 08:18:29	150 Quit	
260110 07:37:01	151 Connect	user151@localhost on practica using TCP/IP
260110 07:38:38	151 Query	SELECT * FROM proveedores
260110 07:40:36	151 Query	SELECT * FROM proveedores
260110 07:42:02	151 Query	DELETE FROM ventas WHERE VNT_CANT = 0
260110 07:42:34	151 Query	SHOW TABLES
260110 07:44:19	151 Query	SHOW COLUMNS FROM articulos
260110 07:44:30	151 Quit	
260110 07:13:01	152 Connect	user152@localhost on practica using TCP/IP
260110 07:13:20	152 Query	SHOW COLUMNS FROM articulos
260110 07:15:15	152 Query	SELECT * FROM articulos
260110 07:16:04	152 Query	SELECT * FROM ventas
260110 07:17:30	152 Query	SELECT * FROM ventas
260110 07:19:00	152 Query	SELECT * FROM clientes
260110 07:19:44	152 Quit	
260110 06:44:01	153 Connect	user153@localhost on practica using TCP/IP
260110 06:45:54	153 Query	SELECT * FROM proveedores
260110 06:47:50	153 Query	SELECT * FROM proveedores
260110 06:48:03	153 Query	SHOW COLUMNS FROM articulos
260110 06:49:17	153 Query	SELECT * FROM clientes
260110 06:49:54	153 Query	DELETE FROM ventas WHERE VNT_CANT = 0
260110 06:51:47	153 Query	DELETE FROM ventas WHERE VNT_CANT = 0
260110 06:52:37	153 Quit	
260110 06:24:01	154 Connect	user154@localhost on practica using TCP/IP
260110 06:24:24	154 Query	SHOW TABLES
260110 06:25:44	154 Query	UPDATE articulos SET ART_PV = ART_PV + 1 WHERE ART_NUM = 101
260110 06:25:49	154 Query	SHOW COLUMNS FROM articulos
260110 06:26:27	154 Query	SELECT * FROM proveedores
260110 06:27:25	154 Quit	
260110 05:50:01	155 Connect	user155@localhost on practica using TCP/IP
260110 05:51:25	155 Query	SELECT * FROM clientes
260110 05:51:33	155 Query	UPDATE articulos SET ART_PV = ART_PV + 1 WHERE ART_NUM = 101
260110 05:53:32	155 Query	SELECT * FROM ventas
260110 05:54:08	155 Query	SELECT * FROM clientes
260110 05:55:54	155 Query	SELECT * FROM proveedores
260110 05:56:35	155 Quit	
260110 05:28:01	156 Connect	user156@localhost on practica using TCP/IP
260110 05:28:25	156 Query	SELECT * FROM proveedores
260110 05:29:26	156 Query	SELECT * FROM articulos
260110 05:30:31	156 Query	SHOW COLUMNS FROM articulos
260110 05:31:01	156 Quit	
260110 05:12:01	157 Connect	user157@localhost on practica using TCP/IP
260110 05:12:23	157 Query	SELECT * FROM proveedores
260110 05:13:48	157 Query	SHOW COLUMNS FROM articulos
260110 05:14:54	157 Query	SELECT * FROM proveedores
260110 05:16:31	157 Query	SELECT * FROM articulos
260110 05:17:51	157 Query	DELETE FROM ventas WHERE VNT_CANT = 0
260110 05:18:15	157 Quit	
260110 04:38:01	158 Connect	user158@localhost on practica using TCP/IP
260110 04:39:44	158 Query	SHOW COLUMNS FROM articulos
260110 04:40:38	158 Query	DELETE FROM ventas WHERE VNT_CANT = 0
260110 04:42:03	158 Query	SELECT * FROM clientes
260110 04:42:36	158 Query	UPDATE articulos SET ART_PV = ART_PV + 1 WHERE ART_NUM = 101
260110 04:43:34	158 Quit	
260110 04:22:01	159 Connect	user159@localhost on practica using TCP/IP
260110 04:23:12	159 Query	SELECT * FROM clientes
260110 04:24:56	159 Query	SHOW TABLES
260110 04:25:46	159 Query	SELECT * FROM proveedores
260110 04:26:28	159 Query	DELETE FROM ventas WHERE VNT_CANT = 0
260110 04:27:15	159 Quit	
260110 04:06:01	160 Connect	user160@localhost on practica using TCP/IP
260110 04:07:42	160 Query	DELETE FROM ventas WHERE VNT_CANT = 0
260110 04:09:00	160 Query	SELECT * FROM articulos
260110 04:09:09	160 Query	SELECT * FROM articulos
260110 04:09:39	160 Query	SELECT * FROM articulos
260110 04:10:05	160 Quit	
260110 03:39:01	161 Connect	user161@localhost on practica using TCP/IP
260110 03:39:49	161 Query	UPDATE articulos SET ART_PV = ART_PV + 1 WHERE ART_NUM = 101
260110 03:41:31	161 Query	SHOW TABLES
260110 03:43:07	161 Query	UPDATE articulos SET ART_PV = ART_PV + 1 WHERE ART_NUM = 101
260110 03:44:29	161 Query	SHOW COLUMNS FROM articulos
260110 03:45:28	161 Quit	
260110 03:01:01	162 Connect	user162@localhost on practica using TCP/IP
260110 03:02:24	162 Query	SELECT * FROM proveedores
260110 03:03:30	162 Query	UPDATE articulos SET ART_PV = ART_PV + 1 WHERE ART_NUM = 101
260110 03:04:45	162 Query	SELECT * FROM articulos
260110 03:04:50	162 Quit	
260110 02:22:01	163 Connect	user163@localhost on practica using TCP/IP
260110 02:22:45	163 Query	SELECT * FROM proveedores
260110 02:24:23	163 Query	SHOW TABLES
260110 02:24:44	163 Query	SELECT * FROM ventas
260110 02:25:29	163 Quit	
260110 01:41:01	164 Connect	user164@localhost on practica using TCP/IP
260110 01:42:48	164 Query	SELECT * FROM proveedores
260110 01:44:44	164 Query	UPDATE articulos SET ART_PV = ART_PV + 1 WHERE ART_NUM = 101
260110 01:46:17	164 Query	UPDATE articulos SET ART_PV = ART_PV + 1 WHERE ART_NUM = 101
260110 01:47:52	164 Query	UPDATE articulos SET ART_PV = ART_PV + 1 WHERE ART_NUM = 101
260110 01:49:40	164 Query	SELECT * FROM ventas
260110 01:49:46	164 Query	SHOW COLUMNS FROM articulos
260110 01:50:03	164 Quit	
260110 01:24:01	165 Connect	user165@localhost on practica using TCP/IP
260110 01:25:21	165 Query	SELECT * FROM clientes
260110 01:26:27	165 Query	SELECT * FROM articulos
260110 01:27:34	165 Query	UPDATE articulos SET ART_PV = ART_PV + 1 WHERE ART_NUM = 101
260110 01:29:02	165 Query	SELECT * FROM proveedores
260110 01:29:36	165 Query	SELECT * FROM proveedores
260110 01:29:41	165 Query	SELECT * FROM proveedores
260110 01:30:21	165 Quit	
260110 00:56:01	166 Connect	user166@localhost on practica using TCP/IP
260110 00:56:34	166 Query	UPDATE articulos SET ART_PV = ART_PV + 1 WHERE ART_NUM = 101
260110 00:57:38	166 Query	SHOW TABLES
260110 00:59:27	166 Query	SELECT * FROM ventas
260110 01:00:25	166 Query	SELECT * FROM ventas
260110 01:01:03	166 Quit	
260110 00:41:01	167 Connect	user167@localhost on practica using TCP/IP
260110 00:42:13	167 Query	SELECT * FROM articulos
260110 00:42:47	167 Query	SELECT * FROM clientes
260110 00:43:59	167 Query	SELECT * FROM ventas
260110 00:45:42	167 Query	SELECT * FROM ventas
260110 00:46:54	167 Query	SELECT * FROM ventas
260110 00:47:34	167 Quit	
260110 00:09:01	168 Connect	user168@localhost on practica using TCP/IP
260110 00:10:51	168 Query	SELECT * FROM clientes
260110 00:12:46	168 Query	SELECT * FROM ventas
260110 00:13:05	168 Query	SHOW TABLES
260110 00:13:53	168 Query	UPDATE articulos SET ART_PV = ART_PV + 1 WHERE ART_NUM = 101
260110 00:14:33	168 Query	SELECT * FROM articulos
260110 00:14:43	168 Quit	
260109 23:31:01	169 Connect	user169@localhost on practica using TCP/IP
260109 23:32:35	169 Query	SELECT * FROM articulos
260109 23:33:13	169 Query	SHOW TABLES
260109 23:33:41	169 Query	UPDATE articulos SET ART_PV = ART_PV + 1 WHERE ART_NUM = 101
260109 23:34:27	169 Query	DELETE FROM ventas WHERE VNT_CANT = 0
260109 23:34:39	169 Quit	
260109 22:48:01	170 Connect	user170@localhost on practica using TCP/IP
260109 22:48:22	170 Query	UPDATE articulos SET ART_PV = ART_PV + 1 WHERE ART_NUM = 101
260109 22:49:35	170 Query	SHOW TABLES
260109 22:50:32	170 Query	SELECT * FROM ventas
260109 22:52:10	170 Query	SELECT * FROM clientes
260109 22:53:54	170 Query	SHOW TABLES
260109 22:54:36	170 Quit	
260109 22:17:01	171 Connect	user171@localhost on practica using TCP/IP
260109 22:18:31	171 Query	UPDATE articulos SET ART_PV = ART_PV + 1 WHERE ART_NUM = 101
260109 22:18:59	171 Query	SELECT * FROM clientes
260109 22:19:35	171 Query	SELECT * FROM clientes
260109 22:20:36	171 Query	SELECT * FROM proveedores
260109 22:20:46	171 Quit	
260109 21:52:01	172 Connect	user172@localhost on practica using TCP/IP
260109 21:53:40	172 Query	SELECT * FROM clientes
260109 21:55:40	172 Query	SHOW COLUMNS FROM articulos
260109 21:56:30	172 Query	UPDATE articulos SET ART_PV = ART_PV + 1 WHERE ART_NUM = 101
260109 21:56:40	172 Query	SHOW COLUMNS FROM articulos
260109 21:56:49	172 Quit	
260109 21:46:01	173 Connect	user173@localhost on practica using TCP/IP
260109 21:47:18	173 Query	SELECT * FROM proveedores
260109 21:48:58	173 Query	SHOW COLUMNS FROM articulos
260109 21:49:24	173 Query	SHOW COLUMNS FROM articulos
260109 21:50:55	173 Query	SHOW COLUMNS FROM articulos
260109 21:51:36	173 Quit	
260109 21:22:01	174 Connect	user174@localhost on practica using TCP/IP
260109 21:23:05	174 Query	UPDATE articulos SET ART_PV = ART_PV + 1 WHERE ART_NUM = 101
260109 21:24:04	174 Query	SHOW TABLES
260109 21:25:08	174 Query	SELECT * FROM proveedores
260109 21:26:23	174 Query	SELECT * FROM clientes
260109 21:26:58	174 Query	SELECT * FROM ventas
260109 21:27:10	174 Query	SELECT * FROM articulos
260109 21:27:59	174 Quit	
260109 20:47:01	175 Connect	user175@localhost on practica using TCP/IP
260109 20:48:50	175 Query	SHOW COLUMNS FROM articulos
260109 20:49:15	175 Query	SHOW COLUMNS FROM articulos
260109 20:51:06	175 Query	SHOW TABLES
260109 20:52:20	175 Query	SELECT * FROM clientes
260109 20:53:36	175 Query	SHOW TABLES
260109 20:55:09	175 Query	SELECT * FROM ventas
260109 20:55:22	175 Quit	
260109 20:14:01	176 Connect	user176@localhost on practica using TCP/IP
260109 20:15:55	176 Query	SELECT * FROM proveedores
260109 20:16:11	176 Query	SELECT * FROM ventas
260109 20:16:32	176 Query	DELETE FROM ventas WHERE VNT_CANT = 0
260109 20:18:14	176 Query	UPDATE articulos SET ART_PV = ART_PV + 1 WHERE ART_NUM = 101
260109 20:18:53	176 Query	SHOW COLUMNS FROM articulos
260109 20:19:17	176 Quit	
260109 19:31:01	177 Connect	user177@localhost on practica using TCP/IP
260109 19:31:42	177 Query	DELETE FROM ventas WHERE VNT_CANT = 0
260109 19:33:05	177 Query	SHOW COLUMNS FROM articulos
260109 19:34:25	177 Query	SHOW TABLES
260109 19:36:15	177 Query	UPDATE articulos SET ART_PV = ART_PV + 1 WHERE ART_NUM = 101
260109 19:37:00	177 Quit	
260109 19:20:01	178 Connect	user178@localhost on practica using TCP/IP
260109 19:20:10	178 Query	SELECT * FROM clientes
260109 19:21:55	178 Query	SELECT * FROM proveedores
260109 19:22:07	178 Query	SHOW TABLES
260109 19:22:29	178 Quit	
260109 18:41:01	179 Connect	user179@localhost on practica using TCP/IP
260109 18:41:50	179 Query	SELECT * FROM proveedores
260109 18:43:36	179 Query	SELECT * FROM articulos
260109 18:44:11	179 Query	UPDATE articulos SET ART_PV = ART_PV + 1 WHERE ART_NUM = 101
260109 18:44:50	179 Query	SHOW TABLES
260109 18:45:22	179 Query	SELECT * FROM articulos
260109 18:46:22	179 Query	UPDATE articulos SET ART_PV = ART_PV + 1 WHERE ART_NUM = 101
260109 18:47:12	179 Quit	
260109 18:13:01	180 Connect	user180@localhost on practica using TCP/IP
260109 18:14:29	180 Query	SELECT * FROM clientes
260109 18:15:16	180 Query	SELECT * FROM ventas
260109 18:16:58	180 Query	UPDATE articulos SET ART_PV = ART_PV + 1 WHERE ART_NUM = 101
260109 18:17:24	180 Query	SELECT * FROM clientes
260109 18:18:02	180 Query	SELECT * FROM clientes
260109 18:18:26	180 Quit	
260109 18:00:01	181 Connect	user181@localhost on practica using TCP/IP
260109 18:00:33	181 Query	SHOW TABLES
260109 18:01:49	181 Query	SELECT * FROM articulos
260109 18:03:41	181 Query	SELECT * FROM articulos
260109 18:03:48	181 Query	SHOW COLUMNS FROM articulos
260109 18:04:46	181 Query	SHOW COLUMNS FROM articulos
260109 18:05:23	181 Query	UPDATE articulos SET ART_PV = ART_PV + 1 WHERE ART_NUM = 101
260109 18:05:29	181 Quit	
260109 17:47:01	182 Connect	user182@localhost on practica using TCP/IP
260109 17:48:30	182 Query	SELECT * FROM proveedores
260109 17:50:26	182 Query	SELECT * FROM proveedores
260109 17:51:53	182 Query	SELECT * FROM proveedores
260109 17:53:29	182 Query	UPDATE articulos SET ART_PV = ART_PV + 1 WHERE ART_NUM = 101
260109 17:53:54	182 Quit	
260109 17:33:01	183 Connect	user183@localhost on practica using TCP/IP
260109 17:33:07	183 Query	SELECT * FROM articulos
260109 17:33:44	183 Query	SELECT * FROM articulos
260109 17:35:32	183 Query	SHOW TABLES
260109 17:35:37	183 Query	SELECT * FROM clientes
260109 17:35:54	183 Quit	
260109 17:26:01	184 Connect	user184@localhost on practica using TCP/IP
260109 17:27:47	184 Query	SELECT * FROM proveedores
260109 17:28:43	184 Query	UPDATE articulos SET ART_PV = ART_PV + 1 WHERE ART_NUM = 101
260109 17:29:39	184 Query	SHOW TABLES
260109 17:30:32	184 Query	SELECT * FROM proveedores
260109 17:32:14	184 Query	SELECT * FROM clientes
260109 17:32:42	184 Quit	
260109 17:04:01	185 Connect	user185@localhost on practica using TCP/IP
260109 17:04:49	185 Query	SELECT * FROM articulos
260109 17:06:40	185 Query	SELECT * FROM articulos
260109 17:07:19	185 Query	SELECT * FROM clientes
260109 17:09:17	185 Query	DELETE FROM ventas WHERE VNT_CANT = 0
260109 17:10:07	185 Quit	
260109 16:40:01	186 Connect	user186@localhost on practica using TCP/IP
260109 16:40:55	186 Query	SHOW COLUMNS FROM articulos
260109 16:42:10	186 Query	SELECT * FROM articulos
260109 16:42:38	186 Query	SELECT * FROM ventas
260109 16:42:48	186 Query	SHOW TABLES
260109 16:43:18	186 Quit	
260109 16:21:01	187 Connect	user187@localhost on practica using TCP/IP
260109 16:22:56	187 Query	SELECT * FROM articulos
260109 16:24:33	187 Query	UPDATE articulos SET ART_PV = ART_PV + 1 WHERE ART_NUM = 101
260109 16:24:51	187 Query	UPDATE articulos SET ART_PV = ART_PV + 1 WHERE ART_NUM = 101
260109 16:25:39	187 Query	SHOW COLUMNS FROM articulos
260109 16:26:26	187 Query	SELECT * FROM clientes
260109 16:26:43	187 Quit	
260109 15:39:01	188 Connect	user188@localhost on practica using TCP/IP
260109 15:39:30	188 Query	SELECT * FROM clientes
260109 15:40:37	188 Query	SELECT * FROM articulos
260109 15:41:55	188 Query	SELECT * FROM ventas
260109 15:43:44	188 Query	SELECT * FROM articulos
260109 15:44:44	188 Quit	
260109 15:06:01	189 Connect	user189@localhost on practica using TCP/IP
260109 15:06:51	189 Query	SHOW TABLES
260109 15:08:38	189 Query	SELECT * FROM clientes
260109 15:09:29	189 Query	SHOW TABLES
260109 15:11:03	189 Query	SHOW TABLES
260109 15:13:00	189 Query	UPDATE articulos SET ART_PV = ART_PV + 1 WHERE ART_NUM = 101
260109 15:13:32	189 Quit	
260109 14:48:01	190 Connect	user190@localhost on practica using TCP/IP
260109 14:48:28	190 Query	DELETE FROM ventas WHERE VNT_CANT = 0
260109 14:49:02	190 Query	SELECT * FROM clientes
260109 14:49:55	190 Query	DELETE FROM ventas WHERE VNT_CANT = 0
260109 14:50:42	190 Query	SELECT * FROM ventas
260109 14:52:12	190 Query	SELECT * FROM proveedores
260109 14:53:42	190 Query	SELECT * FROM ventas
260109 14:54:29	190 Quit	
260109 14:37:01	191 Connect	user191@localhost on practica using TCP/IP
260109 14:37:13	191 Query	SELECT * FROM clientes
260109 14:39:04	191 Query	SELECT * FROM ventas
260109 14:40:49	191 Query	SHOW COLUMNS FROM articulos
260109 14:42:20	191 Query	SELECT * FROM clientes
260109 14:42:30	191 Quit	
260109 14:30:01	192 Connect	user192@localhost on practica using TCP/IP
260109 14:30:32	192 Query	DELETE FROM ventas WHERE VNT_CANT = 0
260109 14:31:28	192 Query	SELECT * FROM clientes
260109 14:32:12	192 Query	UPDATE articulos SET ART_PV = ART_PV + 1 WHERE ART_NUM = 101
260109 14:32:18	192 Query	SELECT * FROM articulos
260109 14:33:35	192 Query	SHOW COLUMNS FROM articulos
260109 14:34:08	192 Quit	
260109 14:22:01	193 Connect	user193@localhost on practica using TCP/IP
260109 14:23:12	193 Query	SELECT * FROM clientes
260109 14:24:17	193 Query	UPDATE articulos SET ART_PV = ART_PV + 1 WHERE ART_NUM = 101
260109 14:25:24	193 Query	SELECT * FROM proveedores
260109 14:26:06	193 Query	SHOW TABLES
260109 14:27:56	193 Query	SELECT * FROM clientes
260109 14:28:22	193 Quit	
260109 13:48:01	194 Connect	user194@localhost on practica using TCP/IP
260109 13:48:08	194 Query	SELECT * FROM proveedores
260109 13:50:00	194 Query	SELECT * FROM ventas
260109 13:51:36	194 Query	SHOW TABLES
260109 13:53:35	194 Query	DELETE FROM ventas WHERE VNT_CANT = 0
260109 13:54:05	194 Quit	
260109 13:31:01	195 Connect	user195@localhost on practica using TCP/IP
260109 13:31:13	195 Query	SELECT * FROM articulos
260109 13:31:21	195 Query	SELECT * FROM clientes
260109 13:32:59	195 Query	UPDATE articulos SET ART_PV = ART_PV + 1 WHERE ART_NUM = 101
260109 13:34:54	195 Query	SELECT * FROM clientes
260109 13:36:53	195 Query	SELECT * FROM ventas
260109 13:37:19	195 Quit	
260109 12:54:01	196 Connect	user196@localhost on practica using TCP/IP
260109 12:54:49	196 Query	SHOW COLUMNS FROM articulos
260109 12:56:21	196 Query	SELECT * FROM proveedores
260109 12:56:57	196 Query	SELECT * FROM articulos
260109 12:57:52	196 Quit	
260109 12:29:01	197 Connect	user197@localhost on practica using TCP/IP
260109 12:29:51	197 Query	SELECT * FROM ventas
260109 12:31:49	197 Query	SELECT * FROM proveedores
260109 12:33:19	197 Query	SHOW COLUMNS FROM articulos
260109 12:34:31	197 Query	SELECT * FROM ventas
260109 12:35:17	197 Query	SELECT * FROM clientes
260109 12:37:10	197 Query	SHOW TABLES
260109 12:37:27	197 Quit	
260109 11:45:01	198 Connect	user198@localhost on practica using TCP/IP
260109 11:46:09	198 Query	SELECT * FROM clientes
260109 11:47:04	198 Query	SHOW COLUMNS FROM articulos
260109 11:47:36	198 Query	SELECT * FROM articulos
260109 11:49:26	198 Query	SELECT * FROM ventas
260109 11:50:10	198 Query	SHOW TABLES
260109 11:51:36	198 Query	SELECT * FROM articulos
260109 11:52:20	198 Quit	
260109 11:21:01	199 Connect	user199@localhost on practica using TCP/IP
260109 11:21:28	199 Query	SHOW TABLES
260109 11:22:06	199 Query	DELETE FROM ventas WHERE VNT_CANT = 0
260109 11:22:30	199 Query	SELECT * FROM ventas
260109 11:23:13	199 Quit	
260109 11:12:01	200 Connect	user200@localhost on practica using TCP/IP
260109 11:13:30	200 Query	SELECT * FROM clientes
260109 11:14:19	200 Query	SELECT * FROM clientes
260109 11:15:56	200 Query	SHOW COLUMNS FROM articulos
260109 11:16:22	200 Query	SELECT * FROM articulos
260109 11:17:04	200 Query	UPDATE articulos SET ART_PV = ART_PV + 1 WHERE ART_NUM = 101
260109 11:17:16	200 Quit	