251201 16:40:10  10 Connect prueba@localhost on practica using TCP/IP
251201 16:40:12  10 Query  SELECT * FROM articulos
251201 16:40:20  10 Query  SELECT * FROM articulos
251201 16:40:30  10 Query  SELECT * FROM articulos
251201 16:40:40  10 Query  SHOW TABLES
251201 16:40:55  10 Quit

251202 08:15:00  11 Connect root@localhost on mysql using TCP/IP
251202 08:15:02  11 Query  SELECT * FROM mysql.user
251202 08:15:05  11 Query  CREATE USER 'demo'@'%' IDENTIFIED BY '123'
251202 08:15:10  11 Query  GRANT ALL PRIVILEGES ON *.* TO 'demo'@'%'
251202 08:15:20  11 Quit

251212 09:05:22  18 Connect pedro@localhost on practica using TCP/IP
251212 09:05:25  18 Query  SELECT * FROM articulos
251212 09:06:01  18 Query  INSERT INTO articulos VALUES (...)
251212 09:06:15  18 Query  UPDATE articulos SET ART_PESO=450 WHERE ART_NUM=101
251212 09:06:30  18 Query  DELETE FROM ventas WHERE VNT_ART=101
251212 09:06:45  18 Quit

251213 14:22:10  19 Connect daniel@localhost on practica using TCP/IP
251213 14:22:12  19 Query  SELECT a.ART_NOM, p.PRV_NOM FROM articulos a JOIN proveedores p
251213 14:22:15  19 Query  SELECT a.ART_NOM, p.PRV_NOM FROM articulos a JOIN proveedores p
251213 14:22:18  19 Query  SELECT a.ART_NOM, p.PRV_NOM FROM articulos a JOIN proveedores p
251213 14:22:30  19 Quit

251215 10:12:01  21 Connect ana@localhost on practica using TCP/IP
251215 10:12:02  21 Query  SELECT * FROM articulos
251215 10:12:10  21 Query  SELECT * FROM tiendas
251215 10:12:25  21 Query  SELECT * FROM ventas
251215 10:12:40  21 Quit

251215 11:30:10  22 Connect test@localhost on practica using TCP/IP
251215 11:30:12  22 Query  SHOW TABLES
251215 11:30:13  22 Query  SHOW TABLES
251215 11:30:14  22 Query  SHOW COLUMNS FROM articulos
251215 11:30:15  22 Query  SHOW COLUMNS FROM clientes
251215 11:30:16  22 Query  SHOW COLUMNS FROM ventas
251215 11:30:17  22 Quit
