#################################################################
# LOGS MYSQL – FECHA ACTUAL: 18/12/2025
#################################################################

===============================================================
=== ÚLTIMOS 3 DÍAS (16–18 DICIEMBRE 2025)
===============================================================

251216 09:12:01   21 Connect   ana@localhost on practica using TCP/IP
251216 09:12:02   21 Query     SELECT * FROM articulos
251216 09:12:10   21 Query     SELECT * FROM ventas
251216 09:12:25   21 Query     UPDATE articulos SET ART_PV=5 WHERE ART_NUM=101

251217 11:30:10   22 Connect   test@localhost on practica using TCP/IP
251217 11:30:12   22 Query     SELECT * FROM clientes
251217 11:30:13   22 Query     SELECT * FROM ventas
251217 11:30:14   22 Query     SELECT * FROM articulos
251217 11:30:15   22 Query     SELECT * FROM proveedores
251217 11:30:16   22 Query     SELECT * FROM tiendas

===============================================================
=== ÚLTIMOS 7 DÍAS (12–18 DICIEMBRE 2025)
===============================================================

251213 14:22:41   18 Connect   pedro@localhost on practica using TCP/IP
251213 14:22:45   18 Query     SELECT * FROM articulos
251213 14:22:55   18 Query     INSERT INTO clientes VALUES (2,'López','Ana','ES','Sevilla')

251214 16:40:05   19 Connect   daniel@localhost on practica using TCP/IP
251214 16:40:08   19 Query     SELECT a.ART_NOM, p.PRV_NOM
                                 FROM articulos a
                                 JOIN proveedores p ON a.ART_PRV = p.PRV_NUM
251214 16:40:20   19 Query     UPDATE articulos SET ART_PESO=400 WHERE ART_NUM=102

===============================================================
=== ÚLTIMOS 30 DÍAS (18 NOV–18 DIC 2025)
===============================================================

251120 10:05:11   10 Connect   prueba@localhost on practica using TCP/IP
251120 10:05:14   10 Query     SELECT * FROM tiendas
251120 10:05:20   10 Query     SELECT * FROM ventas

251125 09:55:00   11 Connect   root@localhost on practica using TCP/IP
251125 09:55:03   11 Query     CREATE USER 'auditor'@'%' IDENTIFIED BY '123'
251125 09:55:10   11 Query     GRANT SELECT ON practica.* TO 'auditor'@'%'
